Component: ARM Compiler 6.16 Tool: armlink [5dfeaa00]

==============================================================================

Section Cross References

    startup_stm32g030xx.o(RESET) refers to startup_stm32g030xx.o(STACK) for __initial_sp
    startup_stm32g030xx.o(RESET) refers to startup_stm32g030xx.o(.text) for Reset_Handler
    startup_stm32g030xx.o(RESET) refers to stm32g0xx_it.o(.text.NMI_Handler) for NMI_Handler
    startup_stm32g030xx.o(RESET) refers to stm32g0xx_it.o(.text.HardFault_Handler) for HardFault_Handler
    startup_stm32g030xx.o(RESET) refers to stm32g0xx_it.o(.text.SVC_Handler) for SVC_Handler
    startup_stm32g030xx.o(RESET) refers to stm32g0xx_it.o(.text.PendSV_Handler) for PendSV_Handler
    startup_stm32g030xx.o(RESET) refers to stm32g0xx_it.o(.text.SysTick_Handler) for SysTick_Handler
    startup_stm32g030xx.o(RESET) refers to stm32g0xx_it.o(.text.TIM1_CC_IRQHandler) for TIM1_CC_IRQHandler
    startup_stm32g030xx.o(RESET) refers to stm32g0xx_it.o(.text.TIM14_IRQHandler) for TIM14_IRQHandler
    startup_stm32g030xx.o(RESET) refers to stm32g0xx_it.o(.text.TIM17_IRQHandler) for TIM17_IRQHandler
    startup_stm32g030xx.o(.text) refers to system_stm32g0xx.o(.text.SystemInit) for SystemInit
    startup_stm32g030xx.o(.text) refers to entry.o(.ARM.Collect$$$$00000000) for __main
    main.o(.text.User_KeyInit) refers to key.o(.text.KeyInit) for KeyInit
    main.o(.text.User_KeyInit) refers to main.o(.rodata.cst32) for [Anonymous Symbol]
    main.o(.ARM.exidx.text.User_KeyInit) refers to main.o(.text.User_KeyInit) for [Anonymous Symbol]
    main.o(.text.KeyDriver) refers to key.o(.text.isKeyFIFOEmpty) for isKeyFIFOEmpty
    main.o(.text.KeyDriver) refers to key.o(.text.Key_FIFO_Get) for Key_FIFO_Get
    main.o(.text.KeyDriver) refers to counter.o(.text.Counter_increment) for Counter_increment
    main.o(.text.KeyDriver) refers to counter.o(.text.Counter_decrement) for Counter_decrement
    main.o(.text.KeyDriver) refers to counter.o(.text.Counter_increment_circle) for Counter_increment_circle
    main.o(.text.KeyDriver) refers to counter.o(.text.Counter_reset) for Counter_reset
    main.o(.text.KeyDriver) refers to ht1621.o(.text.Lcd_Clock_Show) for Lcd_Clock_Show
    main.o(.text.KeyDriver) refers to stm32g0xx_hal_rtc.o(.text.HAL_RTC_SetTime) for HAL_RTC_SetTime
    main.o(.text.KeyDriver) refers to main.o(.text.Error_Handler) for Error_Handler
    main.o(.text.KeyDriver) refers to main.o(.data.KeyDriver.key) for [Anonymous Symbol]
    main.o(.text.KeyDriver) refers to sys.o(.data.sysState) for sysState
    main.o(.text.KeyDriver) refers to timesetting.o(.bss.timeSettingMode) for timeSettingMode
    main.o(.text.KeyDriver) refers to main.o(.data.key_period_cnt) for key_period_cnt
    main.o(.text.KeyDriver) refers to ht1621.o(.bss.lcd_mem) for lcd_mem
    main.o(.text.KeyDriver) refers to main.o(.data.key_run_time_set_cnt) for key_run_time_set_cnt
    main.o(.text.KeyDriver) refers to ui.o(.bss.stimestructureget) for stimestructureget
    main.o(.text.KeyDriver) refers to main.o(.data.set_rtc_cnt) for set_rtc_cnt
    main.o(.text.KeyDriver) refers to rtc.o(.bss.hrtc) for hrtc
    main.o(.text.KeyDriver) refers to main.o(.data.key_mode_cnt) for key_mode_cnt
    main.o(.text.KeyDriver) refers to main.o(.data.key_area_cnt) for key_area_cnt
    main.o(.text.KeyDriver) refers to main.o(.data.key_output_cnt) for key_output_cnt
    main.o(.text.KeyDriver) refers to main.o(.data.key_interval_cnt) for key_interval_cnt
    main.o(.text.KeyDriver) refers to main.o(.data.key_fodder_cnt) for key_fodder_cnt
    main.o(.ARM.exidx.text.KeyDriver) refers to main.o(.text.KeyDriver) for [Anonymous Symbol]
    main.o(.ARM.exidx.text.Error_Handler) refers to main.o(.text.Error_Handler) for [Anonymous Symbol]
    main.o(.text.oneMilliSecCallback) refers to key.o(.text.KeyScan) for KeyScan
    main.o(.ARM.exidx.text.oneMilliSecCallback) refers to main.o(.text.oneMilliSecCallback) for [Anonymous Symbol]
    main.o(.text.main) refers to stm32g0xx_hal.o(.text.HAL_Init) for HAL_Init
    main.o(.text.main) refers to main.o(.text.SystemClock_Config) for SystemClock_Config
    main.o(.text.main) refers to gpio.o(.text.MX_GPIO_Init) for MX_GPIO_Init
    main.o(.text.main) refers to rtc.o(.text.MX_RTC_Init) for MX_RTC_Init
    main.o(.text.main) refers to tim.o(.text.MX_TIM1_Init) for MX_TIM1_Init
    main.o(.text.main) refers to tim.o(.text.MX_TIM3_Init) for MX_TIM3_Init
    main.o(.text.main) refers to usart.o(.text.MX_USART2_UART_Init) for MX_USART2_UART_Init
    main.o(.text.main) refers to tim.o(.text.MX_TIM14_Init) for MX_TIM14_Init
    main.o(.text.main) refers to ui.o(.text.UI_Init) for UI_Init
    main.o(.text.main) refers to main.o(.text.User_KeyInit) for User_KeyInit
    main.o(.text.main) refers to sys.o(.text.UserPIDInit) for UserPIDInit
    main.o(.text.main) refers to stm32g0xx_hal_tim.o(.text.HAL_TIM_IC_Start_IT) for HAL_TIM_IC_Start_IT
[...]
    __arm_cp.8_1                             0x08001718   Number         4  stm32g0xx_hal_rtc.o(.text.HAL_RTC_GetTime)
    [Anonymous Symbol]                       0x0800171c   Section        0  stm32g0xx_hal_rtc.o(.text.HAL_RTC_Init)
    __arm_cp.0_0                             0x08001820   Number         4  stm32g0xx_hal_rtc.o(.text.HAL_RTC_Init)
    [Anonymous Symbol]                       0x08001824   Section        0  rtc.o(.text.HAL_RTC_MspInit)
    __arm_cp.1_0                             0x08001860   Number         4  rtc.o(.text.HAL_RTC_MspInit)
    __arm_cp.1_1                             0x08001864   Number         4  rtc.o(.text.HAL_RTC_MspInit)
    __arm_cp.1_2                             0x08001868   Number         4  rtc.o(.text.HAL_RTC_MspInit)
    [Anonymous Symbol]                       0x0800186c   Section        0  stm32g0xx_hal_rtc.o(.text.HAL_RTC_SetAlarm)
    [Anonymous Symbol]                       0x08001ae8   Section        0  stm32g0xx_hal_rtc.o(.text.HAL_RTC_SetTime)
    __arm_cp.6_0                             0x08001c44   Number         4  stm32g0xx_hal_rtc.o(.text.HAL_RTC_SetTime)
    [Anonymous Symbol]                       0x08001c48   Section        0  stm32g0xx_hal_rtc.o(.text.HAL_RTC_WaitForSynchro)
    __arm_cp.19_0                            0x08001c9c   Number         4  stm32g0xx_hal_rtc.o(.text.HAL_RTC_WaitForSynchro)
    [Anonymous Symbol]                       0x08001ca0   Section        0  stm32g0xx_hal_cortex.o(.text.HAL_SYSTICK_Config)
    [Anonymous Symbol]                       0x08001cb0   Section        0  stm32g0xx_hal_tim_ex.o(.text.HAL_TIMEx_MasterConfigSynchronization)
    [Anonymous Symbol]                       0x08001d84   Section        0  stm32g0xx_hal_tim.o(.text.HAL_TIM_Base_Init)
    [Anonymous Symbol]                       0x08001e30   Section        0  tim.o(.text.HAL_TIM_Base_MspInit)
    __arm_cp.6_2                             0x08001f94   Number         4  tim.o(.text.HAL_TIM_Base_MspInit)
    __arm_cp.6_3                             0x08001f98   Number         4  tim.o(.text.HAL_TIM_Base_MspInit)
    __arm_cp.6_4                             0x08001f9c   Number         4  tim.o(.text.HAL_TIM_Base_MspInit)
    __arm_cp.6_5                             0x08001fa0   Number         4  tim.o(.text.HAL_TIM_Base_MspInit)
    __arm_cp.6_6                             0x08001fa4   Number         4  tim.o(.text.HAL_TIM_Base_MspInit)
    __arm_cp.6_7                             0x08001fa8   Number         4  tim.o(.text.HAL_TIM_Base_MspInit)
    [Anonymous Symbol]                       0x08001fac   Section        0  stm32g0xx_hal_tim.o(.text.HAL_TIM_Base_Start)
    [Anonymous Symbol]                       0x08002034   Section        0  stm32g0xx_hal_tim.o(.text.HAL_TIM_Base_Start_IT)
    __arm_cp.7_0                             0x080020c8   Number         4  stm32g0xx_hal_tim.o(.text.HAL_TIM_Base_Start_IT)
    __arm_cp.7_1                             0x080020cc   Number         4  stm32g0xx_hal_tim.o(.text.HAL_TIM_Base_Start_IT)
    __arm_cp.7_2                             0x080020d0   Number         4  stm32g0xx_hal_tim.o(.text.HAL_TIM_Base_Start_IT)
    [Anonymous Symbol]                       0x080020d4   Section        0  stm32g0xx_hal_tim.o(.text.HAL_TIM_ConfigClockSource)
    __arm_cp.98_0                            0x08002254   Number         4  stm32g0xx_hal_tim.o(.text.HAL_TIM_ConfigClockSource)
    [Anonymous Symbol]                       0x08002258   Section        0  stm32g0xx_hal_tim.o(.text.HAL_TIM_IC_ConfigChannel)
    [Anonymous Symbol]                       0x08002374   Section        0  stm32g0xx_hal_tim.o(.text.HAL_TIM_IC_Init)
    [Anonymous Symbol]                       0x0800241e   Section        0  stm32g0xx_hal_tim.o(.text.HAL_TIM_IC_MspInit)
    [Anonymous Symbol]                       0x08002428   Section        0  stm32g0xx_hal_tim.o(.text.HAL_TIM_IC_Start_IT)
    __arm_cp.43_2                            0x080026e8   Number         4  stm32g0xx_hal_tim.o(.text.HAL_TIM_IC_Start_IT)
    [Anonymous Symbol]                       0x080026ec   Section        0  tim.o(.text.HAL_TIM_MspPostInit)
    __arm_cp.2_0                             0x08002740   Number         4  tim.o(.text.HAL_TIM_MspPostInit)
    __arm_cp.2_1                             0x08002744   Number         4  tim.o(.text.HAL_TIM_MspPostInit)
    __arm_cp.2_2                             0x08002748   Number         4  tim.o(.text.HAL_TIM_MspPostInit)
    [Anonymous Symbol]                       0x0800274c   Section        0  stm32g0xx_hal_tim.o(.text.HAL_TIM_OnePulse_Init)
    [Anonymous Symbol]                       0x080027e0   Section        0  stm32g0xx_hal_tim.o(.text.HAL_TIM_OnePulse_MspInit)
    [Anonymous Symbol]                       0x080027e8   Section        0  stm32g0xx_hal_tim.o(.text.HAL_TIM_OnePulse_Start)
    __arm_cp.53_0                            0x080028d4   Number         4  stm32g0xx_hal_tim.o(.text.HAL_TIM_OnePulse_Start)
    __arm_cp.53_1                            0x080028d8   Number         4  stm32g0xx_hal_tim.o(.text.HAL_TIM_OnePulse_Start)
    __arm_cp.53_2                            0x080028dc   Number         4  stm32g0xx_hal_tim.o(.text.HAL_TIM_OnePulse_Start)
    [Anonymous Symbol]                       0x080028e0   Section        0  stm32g0xx_hal_tim.o(.text.HAL_TIM_PWM_ConfigChannel)
    [Anonymous Symbol]                       0x08002aca   Section        0  stm32g0xx_hal_tim.o(.text.HAL_TIM_PWM_Init)
    [Anonymous Symbol]                       0x08002b74   Section        0  stm32g0xx_hal_tim.o(.text.HAL_TIM_PWM_MspInit)
    [Anonymous Symbol]                       0x08002b7c   Section        0  stm32g0xx_hal_tim.o(.text.HAL_TIM_PWM_Start_IT)
    __arm_cp.33_0                            0x08002dd4   Number         4  stm32g0xx_hal_tim.o(.text.HAL_TIM_PWM_Start_IT)
    __arm_cp.33_1                            0x08002dd8   Number         4  stm32g0xx_hal_tim.o(.text.HAL_TIM_PWM_Start_IT)
    __arm_cp.33_2                            0x08002ddc   Number         4  stm32g0xx_hal_tim.o(.text.HAL_TIM_PWM_Start_IT)
    __arm_cp.33_3                            0x08002de0   Number         4  stm32g0xx_hal_tim.o(.text.HAL_TIM_PWM_Start_IT)
    __arm_cp.33_4                            0x08002de4   Number         4  stm32g0xx_hal_tim.o(.text.HAL_TIM_PWM_Start_IT)
    [Anonymous Symbol]                       0x08002de8   Section        0  stm32g0xx_hal_uart.o(.text.HAL_UART_Init)
    [Anonymous Symbol]                       0x08002e9c   Section        0  usart.o(.text.HAL_UART_MspInit)
    __arm_cp.1_0                             0x08002f0c   Number         4  usart.o(.text.HAL_UART_MspInit)
    __arm_cp.1_1                             0x08002f10   Number         4  usart.o(.text.HAL_UART_MspInit)
    __arm_cp.1_2                             0x08002f14   Number         4  usart.o(.text.HAL_UART_MspInit)
    [Anonymous Symbol]                       0x08002f18   Section        0  ht1621.o(.text.HT1621Init)
    __arm_cp.3_0                             0x08002f80   Number         4  ht1621.o(.text.HT1621Init)
    [Anonymous Symbol]                       0x08002f84   Section        0  stm32g0xx_it.o(.text.HardFault_Handler)
    [Anonymous Symbol]                       0x08002f88   Section        0  pid.o(.text.IncPIDCalcDeltaAutoDecay)
    [Anonymous Symbol]                       0x0800307a   Section        0  pid.o(.text.IncPIDInit)
    [Anonymous Symbol]                       0x080030c4   Section        0  main.o(.text.KeyDriver)
    __arm_cp.1_0                             0x080034d0   Number         4  main.o(.text.KeyDriver)
    __arm_cp.1_1                             0x080034d4   Number         4  main.o(.text.KeyDriver)
    __arm_cp.1_2                             0x080034d8   Number         4  main.o(.text.KeyDriver)
    __arm_cp.1_3                             0x080034dc   Number         4  main.o(.text.KeyDriver)
    __arm_cp.1_4                             0x080034e0   Number         4  main.o(.text.KeyDriver)
    __arm_cp.1_5                             0x080034e4   Number         4  main.o(.text.KeyDriver)
    __arm_cp.1_6                             0x080034e8   Number         4  main.o(.text.KeyDriver)
    __arm_cp.1_7                             0x080034ec   Number         4  main.o(.text.KeyDriver)
    __arm_cp.1_8                             0x080034f0   Number         4  main.o(.text.KeyDriver)
    __arm_cp.1_9                             0x080034f4   Number         4  main.o(.text.KeyDriver)
    __arm_cp.1_10                            0x080034f8   Number         4  main.o(.text.KeyDriver)
    __arm_cp.1_11                            0x080034fc   Number         4  main.o(.text.KeyDriver)
    __arm_cp.1_12                            0x08003500   Number         4  main.o(.text.KeyDriver)
    __arm_cp.1_13                            0x08003504   Number         4  main.o(.text.KeyDriver)
    [Anonymous Symbol]                       0x08003508   Section        0  key.o(.text.KeyGPIOConfig)
    [Anonymous Symbol]                       0x080035e4   Section        0  key.o(.text.KeyInit)
    __arm_cp.2_0                             0x080036d4   Number         4  key.o(.text.KeyInit)
    __arm_cp.2_1                             0x080036d8   Number         4  key.o(.text.KeyInit)
    __arm_cp.2_3                             0x080036dc   Number         4  key.o(.text.KeyInit)
    __arm_cp.2_4                             0x080036e0   Number         4  key.o(.text.KeyInit)
    [Anonymous Symbol]                       0x080036e4   Section        0  key.o(.text.KeyPinRead)
    [Anonymous Symbol]                       0x080036fc   Section        0  key.o(.text.KeyPinSet)
    [Anonymous Symbol]                       0x08003724   Section        0  key.o(.text.KeyScan)
    __arm_cp.5_0                             0x08003a50   Number         4  key.o(.text.KeyScan)
    __arm_cp.5_1                             0x08003a54   Number         4  key.o(.text.KeyScan)
    __arm_cp.5_2                             0x08003a58   Number         4  key.o(.text.KeyScan)
    __arm_cp.5_3                             0x08003a5c   Number         4  key.o(.text.KeyScan)
    __arm_cp.5_4                             0x08003a60   Number         4  key.o(.text.KeyScan)
    __arm_cp.5_5                             0x08003a64   Number         4  key.o(.text.KeyScan)
    __arm_cp.5_6                             0x08003a68   Number         4  key.o(.text.KeyScan)
    [Anonymous Symbol]                       0x08003a6c   Section        0  key.o(.text.Key_FIFO_Get)
    [Anonymous Symbol]                       0x08003aac   Section        0  key.o(.text.Key_FIFO_Put)
    __arm_cp.6_0                             0x08003ad4   Number         4  key.o(.text.Key_FIFO_Put)
    LL_RCC_GetAPB1Prescaler                  0x08003ad9   Thumb Code    12  stm32g0xx_hal_rcc.o(.text.LL_RCC_GetAPB1Prescaler)
    [Anonymous Symbol]                       0x08003ad8   Section        0  stm32g0xx_hal_rcc.o(.text.LL_RCC_GetAPB1Prescaler)
    __arm_cp.7_0                             0x08003ae4   Number         4  stm32g0xx_hal_rcc.o(.text.LL_RCC_GetAPB1Prescaler)
    [Anonymous Symbol]                       0x08003ae8   Section        0  ht1621.o(.text.Lcd_10Nixe_Off)
    [Anonymous Symbol]                       0x08003b00   Section        0  ht1621.o(.text.Lcd_10Nixie_ShowNum)
    [Anonymous Symbol]                       0x08003b80   Section        0  ht1621.o(.text.Lcd_8Nixie_Off)
    [Anonymous Symbol]                       0x08003ba0   Section        0  ht1621.o(.text.Lcd_8Nixie_ShowNum)
    __arm_cp.7_0                             0x08003c20   Number         4  ht1621.o(.text.Lcd_8Nixie_ShowNum)
    __arm_cp.7_1                             0x08003c24   Number         4  ht1621.o(.text.Lcd_8Nixie_ShowNum)
    __arm_cp.7_3                             0x08003c28   Number         4  ht1621.o(.text.Lcd_8Nixie_ShowNum)
    [Anonymous Symbol]                       0x08003c2c   Section        0  ht1621.o(.text.Lcd_Area_Nixie_Show)
    __arm_cp.19_0                            0x08003c44   Number         4  ht1621.o(.text.Lcd_Area_Nixie_Show)
    [Anonymous Symbol]                       0x08003c48   Section        0  ht1621.o(.text.Lcd_Clock_Show)
    [Anonymous Symbol]                       0x08003ca2   Section        0  ht1621.o(.text.Lcd_Clock_Show_None)
    [Anonymous Symbol]                       0x08003ccc   Section        0  ht1621.o(.text.Lcd_Fodder_Nixie_Show)
    __arm_cp.16_0                            0x08003ce4   Number         4  ht1621.o(.text.Lcd_Fodder_Nixie_Show)
    [Anonymous Symbol]                       0x08003ce8   Section        0  ht1621.o(.text.Lcd_Interval_Nixie_Show)
    __arm_cp.17_0                            0x08003d00   Number         4  ht1621.o(.text.Lcd_Interval_Nixie_Show)
    [Anonymous Symbol]                       0x08003d04   Section        0  ht1621.o(.text.Lcd_Minit_Nixe_Off)
    [Anonymous Symbol]                       0x08003d1c   Section        0  ht1621.o(.text.Lcd_Minit_Nixie_Show)
    __arm_cp.15_0                            0x08003d68   Number         4  ht1621.o(.text.Lcd_Minit_Nixie_Show)
    [Anonymous Symbol]                       0x08003d6c   Section        0  ht1621.o(.text.Lcd_Output_Nixie_Show)
    __arm_cp.18_0                            0x08003d84   Number         4  ht1621.o(.text.Lcd_Output_Nixie_Show)
    [Anonymous Symbol]                       0x08003d88   Section        0  ht1621.o(.text.Lcd_Period_Off)
    [Anonymous Symbol]                       0x08003d92   Section        0  ht1621.o(.text.Lcd_Period_Show)
    [Anonymous Symbol]                       0x08003da8   Section        0  ht1621.o(.text.Lcd_Show_Updata)
    __arm_cp.5_0                             0x08003dd8   Number         4  ht1621.o(.text.Lcd_Show_Updata)
    [Anonymous Symbol]                       0x08003ddc   Section        0  gpio.o(.text.MX_GPIO_Init)
    __arm_cp.0_0                             0x08003eb8   Number         4  gpio.o(.text.MX_GPIO_Init)
    __arm_cp.0_1                             0x08003ebc   Number         4  gpio.o(.text.MX_GPIO_Init)
    __arm_cp.0_2                             0x08003ec0   Number         4  gpio.o(.text.MX_GPIO_Init)
    __arm_cp.0_3                             0x08003ec4   Number         4  gpio.o(.text.MX_GPIO_Init)
    __arm_cp.0_4                             0x08003ec8   Number         4  gpio.o(.text.MX_GPIO_Init)
    __arm_cp.0_5                             0x08003ecc   Number         4  gpio.o(.text.MX_GPIO_Init)
    __arm_cp.0_6                             0x08003ed0   Number         4  gpio.o(.text.MX_GPIO_Init)
    [Anonymous Symbol]                       0x08003ed4   Section        0  rtc.o(.text.MX_RTC_Init)
    __arm_cp.0_0                             0x08003f74   Number         4  rtc.o(.text.MX_RTC_Init)
    __arm_cp.0_1                             0x08003f78   Number         4  rtc.o(.text.MX_RTC_Init)
    [Anonymous Symbol]                       0x08003f7c   Section        0  tim.o(.text.MX_TIM14_Init)
    __arm_cp.3_0                             0x08003fec   Number         4  tim.o(.text.MX_TIM14_Init)
    __arm_cp.3_1                             0x08003ff0   Number         4  tim.o(.text.MX_TIM14_Init)
    __arm_cp.3_2                             0x08003ff4   Number         4  tim.o(.text.MX_TIM14_Init)
    [Anonymous Symbol]                       0x08003ff8   Section        0  tim.o(.text.MX_TIM1_Init)
    __arm_cp.0_0                             0x080040c4   Number         4  tim.o(.text.MX_TIM1_Init)
    __arm_cp.0_1                             0x080040c8   Number         4  tim.o(.text.MX_TIM1_Init)
    __arm_cp.0_2                             0x080040cc   Number         4  tim.o(.text.MX_TIM1_Init)
    [Anonymous Symbol]                       0x080040d0   Section        0  tim.o(.text.MX_TIM3_Init)
    __arm_cp.1_0                             0x080041a0   Number         4  tim.o(.text.MX_TIM3_Init)
    __arm_cp.1_1                             0x080041a4   Number         4  tim.o(.text.MX_TIM3_Init)
    __arm_cp.1_2                             0x080041a8   Number         4  tim.o(.text.MX_TIM3_Init)
    __arm_cp.1_3                             0x080041ac   Number         4  tim.o(.text.MX_TIM3_Init)
    [Anonymous Symbol]                       0x080041b0   Section        0  usart.o(.text.MX_USART2_UART_Init)
    __arm_cp.0_0                             0x080041f0   Number         4  usart.o(.text.MX_USART2_UART_Init)
    __arm_cp.0_1                             0x080041f4   Number         4  usart.o(.text.MX_USART2_UART_Init)
    [Anonymous Symbol]                       0x080041f8   Section        0  stm32g0xx_it.o(.text.NMI_Handler)
    [Anonymous Symbol]                       0x080041fc   Section        0  stm32g0xx_it.o(.text.PendSV_Handler)
    [Anonymous Symbol]                       0x080041fe   Section        0  stm32g0xx_hal_rtc.o(.text.RTC_Bcd2ToByte)
    [Anonymous Symbol]                       0x0800421e   Section        0  stm32g0xx_hal_rtc.o(.text.RTC_ByteToBcd2)
    [Anonymous Symbol]                       0x0800425c   Section        0  stm32g0xx_hal_rtc.o(.text.RTC_EnterInitMode)
    __arm_cp.2_0                             0x080042e0   Number         4  stm32g0xx_hal_rtc.o(.text.RTC_EnterInitMode)
    [Anonymous Symbol]                       0x080042e4   Section        0  stm32g0xx_hal_rtc.o(.text.RTC_ExitInitMode)
    __arm_cp.3_0                             0x0800435c   Number         4  stm32g0xx_hal_rtc.o(.text.RTC_ExitInitMode)
    __arm_cp.3_1                             0x08004360   Number         4  stm32g0xx_hal_rtc.o(.text.RTC_ExitInitMode)
    [Anonymous Symbol]                       0x08004364   Section        0  stm32g0xx_it.o(.text.SVC_Handler)
    SysTick_Config                           0x08004369   Thumb Code    68  stm32g0xx_hal_cortex.o(.text.SysTick_Config)
    [Anonymous Symbol]                       0x08004368   Section        0  stm32g0xx_hal_cortex.o(.text.SysTick_Config)
    __arm_cp.9_0                             0x080043ac   Number         4  stm32g0xx_hal_cortex.o(.text.SysTick_Config)
    __arm_cp.9_1                             0x080043b0   Number         4  stm32g0xx_hal_cortex.o(.text.SysTick_Config)
    __arm_cp.9_2                             0x080043b4   Number         4  stm32g0xx_hal_cortex.o(.text.SysTick_Config)
    [Anonymous Symbol]                       0x080043b8   Section        0  stm32g0xx_it.o(.text.SysTick_Handler)
    [Anonymous Symbol]                       0x080043c0   Section        0  sys.o(.text.Sys_Update_State_2_UI)
    __arm_cp.2_0                             0x0800462c   Number         4  sys.o(.text.Sys_Update_State_2_UI)
    __arm_cp.2_1                             0x08004630   Number         4  sys.o(.text.Sys_Update_State_2_UI)
    __arm_cp.2_2                             0x08004634   Number         4  sys.o(.text.Sys_Update_State_2_UI)
    __arm_cp.2_3                             0x08004638   Number         4  sys.o(.text.Sys_Update_State_2_UI)
    __arm_cp.2_4                             0x0800463c   Number         4  sys.o(.text.Sys_Update_State_2_UI)
    [Anonymous Symbol]                       0x08004640   Section        0  main.o(.text.SystemClock_Config)
    [Anonymous Symbol]                       0x080046ec   Section        0  system_stm32g0xx.o(.text.SystemInit)
    __arm_cp.0_0                             0x080046f8   Number         4  system_stm32g0xx.o(.text.SystemInit)
    [Anonymous Symbol]                       0x080046fc   Section        0  stm32g0xx_it.o(.text.TIM14_IRQHandler)
    __arm_cp.6_0                             0x0800475c   Number         4  stm32g0xx_it.o(.text.TIM14_IRQHandler)
    __arm_cp.6_1                             0x08004760   Number         4  stm32g0xx_it.o(.text.TIM14_IRQHandler)
    [Anonymous Symbol]                       0x08004764   Section        0  stm32g0xx_it.o(.text.TIM17_IRQHandler)
    __arm_cp.7_0                             0x0800479c   Number         4  stm32g0xx_it.o(.text.TIM17_IRQHandler)
    [Anonymous Symbol]                       0x080047a0   Section        0  stm32g0xx_it.o(.text.TIM1_CC_IRQHandler)
    __arm_cp.5_0                             0x08004828   Number         4  stm32g0xx_it.o(.text.TIM1_CC_IRQHandler)
    __arm_cp.5_1                             0x0800482c   Number         4  stm32g0xx_it.o(.text.TIM1_CC_IRQHandler)
    __arm_cp.5_2                             0x08004830   Number         4  stm32g0xx_it.o(.text.TIM1_CC_IRQHandler)
    __arm_cp.5_3                             0x08004834   Number         4  stm32g0xx_it.o(.text.TIM1_CC_IRQHandler)
    __arm_cp.5_4                             0x08004838   Number         4  stm32g0xx_it.o(.text.TIM1_CC_IRQHandler)
    __arm_cp.5_5                             0x0800483c   Number         4  stm32g0xx_it.o(.text.TIM1_CC_IRQHandler)
    __arm_cp.5_6                             0x08004840   Number         4  stm32g0xx_it.o(.text.TIM1_CC_IRQHandler)
    __arm_cp.5_7                             0x08004844   Number         4  stm32g0xx_it.o(.text.TIM1_CC_IRQHandler)
    [Anonymous Symbol]                       0x08004848   Section        0  stm32g0xx_hal_tim.o(.text.TIM_Base_SetConfig)
    __arm_cp.2_1                             0x0800491c   Number         4  stm32g0xx_hal_tim.o(.text.TIM_Base_SetConfig)
    __arm_cp.2_2                             0x08004920   Number         4  stm32g0xx_hal_tim.o(.text.TIM_Base_SetConfig)
    [Anonymous Symbol]                       0x08004924   Section        0  stm32g0xx_hal_tim.o(.text.TIM_CCxChannelCmd)
    [Anonymous Symbol]                       0x08004956   Section        0  stm32g0xx_hal_tim.o(.text.TIM_ETR_SetConfig)
    TIM_ITRx_SetConfig                       0x0800498d   Thumb Code    44  stm32g0xx_hal_tim.o(.text.TIM_ITRx_SetConfig)
    [Anonymous Symbol]                       0x0800498c   Section        0  stm32g0xx_hal_tim.o(.text.TIM_ITRx_SetConfig)
    __arm_cp.100_0                           0x080049b8   Number         4  stm32g0xx_hal_tim.o(.text.TIM_ITRx_SetConfig)
    TIM_OC1_SetConfig                        0x080049bd   Thumb Code   236  stm32g0xx_hal_tim.o(.text.TIM_OC1_SetConfig)
    [Anonymous Symbol]                       0x080049bc   Section        0  stm32g0xx_hal_tim.o(.text.TIM_OC1_SetConfig)
    [Anonymous Symbol]                       0x08004aa8   Section        0  stm32g0xx_hal_tim.o(.text.TIM_OC2_SetConfig)
    __arm_cp.75_1                            0x08004bb0   Number         4  stm32g0xx_hal_tim.o(.text.TIM_OC2_SetConfig)
    __arm_cp.75_2                            0x08004bb4   Number         4  stm32g0xx_hal_tim.o(.text.TIM_OC2_SetConfig)
    __arm_cp.75_3                            0x08004bb8   Number         4  stm32g0xx_hal_tim.o(.text.TIM_OC2_SetConfig)
    TIM_OC3_SetConfig                        0x08004bbd   Thumb Code   264  stm32g0xx_hal_tim.o(.text.TIM_OC3_SetConfig)
    [Anonymous Symbol]                       0x08004bbc   Section        0  stm32g0xx_hal_tim.o(.text.TIM_OC3_SetConfig)
    __arm_cp.76_0                            0x08004cc4   Number         4  stm32g0xx_hal_tim.o(.text.TIM_OC3_SetConfig)
    __arm_cp.76_1                            0x08004cc8   Number         4  stm32g0xx_hal_tim.o(.text.TIM_OC3_SetConfig)
    __arm_cp.76_2                            0x08004ccc   Number         4  stm32g0xx_hal_tim.o(.text.TIM_OC3_SetConfig)
    __arm_cp.76_3                            0x08004cd0   Number         4  stm32g0xx_hal_tim.o(.text.TIM_OC3_SetConfig)
    TIM_OC4_SetConfig                        0x08004cd5   Thumb Code   172  stm32g0xx_hal_tim.o(.text.TIM_OC4_SetConfig)
    [Anonymous Symbol]                       0x08004cd4   Section        0  stm32g0xx_hal_tim.o(.text.TIM_OC4_SetConfig)
    __arm_cp.77_0                            0x08004d80   Number         4  stm32g0xx_hal_tim.o(.text.TIM_OC4_SetConfig)
    __arm_cp.77_1                            0x08004d84   Number         4  stm32g0xx_hal_tim.o(.text.TIM_OC4_SetConfig)
    __arm_cp.77_2                            0x08004d88   Number         4  stm32g0xx_hal_tim.o(.text.TIM_OC4_SetConfig)
    __arm_cp.77_3                            0x08004d8c   Number         4  stm32g0xx_hal_tim.o(.text.TIM_OC4_SetConfig)
    TIM_OC5_SetConfig                        0x08004d91   Thumb Code   160  stm32g0xx_hal_tim.o(.text.TIM_OC5_SetConfig)
    [Anonymous Symbol]                       0x08004d90   Section        0  stm32g0xx_hal_tim.o(.text.TIM_OC5_SetConfig)
    __arm_cp.78_0                            0x08004e30   Number         4  stm32g0xx_hal_tim.o(.text.TIM_OC5_SetConfig)
    __arm_cp.78_2                            0x08004e34   Number         4  stm32g0xx_hal_tim.o(.text.TIM_OC5_SetConfig)
    __arm_cp.78_3                            0x08004e38   Number         4  stm32g0xx_hal_tim.o(.text.TIM_OC5_SetConfig)
    TIM_OC6_SetConfig                        0x08004e3d   Thumb Code   160  stm32g0xx_hal_tim.o(.text.TIM_OC6_SetConfig)
    [Anonymous Symbol]                       0x08004e3c   Section        0  stm32g0xx_hal_tim.o(.text.TIM_OC6_SetConfig)
    __arm_cp.79_0                            0x08004edc   Number         4  stm32g0xx_hal_tim.o(.text.TIM_OC6_SetConfig)
    __arm_cp.79_1                            0x08004ee0   Number         4  stm32g0xx_hal_tim.o(.text.TIM_OC6_SetConfig)
    __arm_cp.79_2                            0x08004ee4   Number         4  stm32g0xx_hal_tim.o(.text.TIM_OC6_SetConfig)
    __arm_cp.79_3                            0x08004ee8   Number         4  stm32g0xx_hal_tim.o(.text.TIM_OC6_SetConfig)
    TIM_TI1_ConfigInputStage                 0x08004eed   Thumb Code    80  stm32g0xx_hal_tim.o(.text.TIM_TI1_ConfigInputStage)
    [Anonymous Symbol]                       0x08004eec   Section        0  stm32g0xx_hal_tim.o(.text.TIM_TI1_ConfigInputStage)
    [Anonymous Symbol]                       0x08004f3c   Section        0  stm32g0xx_hal_tim.o(.text.TIM_TI1_SetConfig)
    __arm_cp.81_0                            0x08004fd4   Number         4  stm32g0xx_hal_tim.o(.text.TIM_TI1_SetConfig)
    __arm_cp.81_1                            0x08004fd8   Number         4  stm32g0xx_hal_tim.o(.text.TIM_TI1_SetConfig)
    TIM_TI2_ConfigInputStage                 0x08004fdd   Thumb Code    84  stm32g0xx_hal_tim.o(.text.TIM_TI2_ConfigInputStage)
    [Anonymous Symbol]                       0x08004fdc   Section        0  stm32g0xx_hal_tim.o(.text.TIM_TI2_ConfigInputStage)
    TIM_TI2_SetConfig                        0x08005031   Thumb Code   110  stm32g0xx_hal_tim.o(.text.TIM_TI2_SetConfig)
    [Anonymous Symbol]                       0x08005030   Section        0  stm32g0xx_hal_tim.o(.text.TIM_TI2_SetConfig)
    TIM_TI3_SetConfig                        0x0800509f   Thumb Code   108  stm32g0xx_hal_tim.o(.text.TIM_TI3_SetConfig)
    [Anonymous Symbol]                       0x0800509e   Section        0  stm32g0xx_hal_tim.o(.text.TIM_TI3_SetConfig)
    TIM_TI4_SetConfig                        0x0800510b   Thumb Code   114  stm32g0xx_hal_tim.o(.text.TIM_TI4_SetConfig)
    [Anonymous Symbol]                       0x0800510a   Section        0  stm32g0xx_hal_tim.o(.text.TIM_TI4_SetConfig)
    [Anonymous Symbol]                       0x0800517c   Section        0  stm32g0xx_hal_uart.o(.text.UART_AdvFeatureConfig)
    [Anonymous Symbol]                       0x080052d8   Section        0  stm32g0xx_hal_uart.o(.text.UART_CheckIdleState)
    __arm_cp.4_0                             0x0800537c   Number         4  stm32g0xx_hal_uart.o(.text.UART_CheckIdleState)
    [Anonymous Symbol]                       0x08005380   Section        0  stm32g0xx_hal_uart.o(.text.UART_SetConfig)
    __arm_cp.2_0                             0x0800563c   Number         4  stm32g0xx_hal_uart.o(.text.UART_SetConfig)
    __arm_cp.2_1                             0x08005640   Number         4  stm32g0xx_hal_uart.o(.text.UART_SetConfig)
    __arm_cp.2_2                             0x08005644   Number         4  stm32g0xx_hal_uart.o(.text.UART_SetConfig)
    __arm_cp.2_3                             0x08005648   Number         4  stm32g0xx_hal_uart.o(.text.UART_SetConfig)
    __arm_cp.2_4                             0x0800564c   Number         4  stm32g0xx_hal_uart.o(.text.UART_SetConfig)
    __arm_cp.2_5                             0x08005650   Number         4  stm32g0xx_hal_uart.o(.text.UART_SetConfig)
    __arm_cp.2_6                             0x08005654   Number         4  stm32g0xx_hal_uart.o(.text.UART_SetConfig)
    [Anonymous Symbol]                       0x08005658   Section        0  stm32g0xx_hal_uart.o(.text.UART_WaitOnFlagUntilTimeout)
    [Anonymous Symbol]                       0x08005764   Section        0  ui.o(.text.UI_Constant_Text_Show)
    [Anonymous Symbol]                       0x08005790   Section        0  ui.o(.text.UI_Init)
    __arm_cp.1_0                             0x080057d8   Number         4  ui.o(.text.UI_Init)
    __arm_cp.1_1                             0x080057dc   Number         4  ui.o(.text.UI_Init)
    [Anonymous Symbol]                       0x080057e0   Section        0  ui.o(.text.UI_Scan)
    __arm_cp.3_0                             0x08005a14   Number         4  ui.o(.text.UI_Scan)
    __arm_cp.3_1                             0x08005a18   Number         4  ui.o(.text.UI_Scan)
    __arm_cp.3_2                             0x08005a1c   Number         4  ui.o(.text.UI_Scan)
    __arm_cp.3_3                             0x08005a20   Number         4  ui.o(.text.UI_Scan)
    __arm_cp.3_4                             0x08005a24   Number         4  ui.o(.text.UI_Scan)
    __arm_cp.3_5                             0x08005a28   Number         4  ui.o(.text.UI_Scan)
    __arm_cp.3_6                             0x08005a2c   Number         4  ui.o(.text.UI_Scan)
    __arm_cp.3_7                             0x08005a30   Number         4  ui.o(.text.UI_Scan)
    __arm_cp.3_8                             0x08005a34   Number         4  ui.o(.text.UI_Scan)
    __arm_cp.3_9                             0x08005a38   Number         4  ui.o(.text.UI_Scan)
    __arm_cp.3_13                            0x08005a3c   Number         4  ui.o(.text.UI_Scan)
    __arm_cp.3_14                            0x08005a40   Number         4  ui.o(.text.UI_Scan)
    [Anonymous Symbol]                       0x08005a44   Section        0  ui.o(.text.UI_SendMessage)
    __arm_cp.4_0                             0x08005c60   Number         4  ui.o(.text.UI_SendMessage)
    __arm_cp.4_1                             0x08005c64   Number         4  ui.o(.text.UI_SendMessage)
    __arm_cp.4_2                             0x08005c68   Number         4  ui.o(.text.UI_SendMessage)
    __arm_cp.4_3                             0x08005c6c   Number         4  ui.o(.text.UI_SendMessage)
    __arm_cp.4_4                             0x08005c70   Number         4  ui.o(.text.UI_SendMessage)
    __arm_cp.4_5                             0x08005c74   Number         4  ui.o(.text.UI_SendMessage)
    __arm_cp.4_6                             0x08005c78   Number         4  ui.o(.text.UI_SendMessage)
    [Anonymous Symbol]                       0x08005c7c   Section        0  sys.o(.text.UserPIDInit)
    __arm_cp.1_0                             0x08005cb4   Number         4  sys.o(.text.UserPIDInit)
    __arm_cp.1_1                             0x08005cb8   Number         4  sys.o(.text.UserPIDInit)
    __arm_cp.1_2                             0x08005cbc   Number         4  sys.o(.text.UserPIDInit)
    __arm_cp.1_3                             0x08005cc0   Number         4  sys.o(.text.UserPIDInit)
    __arm_cp.1_4                             0x08005cc4   Number         4  sys.o(.text.UserPIDInit)
    __arm_cp.1_5                             0x08005cc8   Number         4  sys.o(.text.UserPIDInit)
    __arm_cp.1_6                             0x08005ccc   Number         4  sys.o(.text.UserPIDInit)
    __arm_cp.1_7                             0x08005cd0   Number         4  sys.o(.text.UserPIDInit)
    __arm_cp.1_8                             0x08005cd4   Number         4  sys.o(.text.UserPIDInit)
    [Anonymous Symbol]                       0x08005cd8   Section        0  main.o(.text.User_KeyInit)
    __arm_cp.0_0                             0x08005d04   Number         4  main.o(.text.User_KeyInit)
    __arm_cp.0_1                             0x08005d08   Number         4  main.o(.text.User_KeyInit)
    [Anonymous Symbol]                       0x08005d0c   Section        0  ht1621.o(.text.WriteCmdtoHT1621)
    [Anonymous Symbol]                       0x08005d50   Section        0  ht1621.o(.text.WriteDatatoHT1621)
    [Anonymous Symbol]                       0x08005dd0   Section        0  ht1621.o(.text.WritetoHT1621)
    __NVIC_EnableIRQ                         0x08005e21   Thumb Code    40  stm32g0xx_hal_cortex.o(.text.__NVIC_EnableIRQ)
    [Anonymous Symbol]                       0x08005e20   Section        0  stm32g0xx_hal_cortex.o(.text.__NVIC_EnableIRQ)
    __arm_cp.3_0                             0x08005e48   Number         4  stm32g0xx_hal_cortex.o(.text.__NVIC_EnableIRQ)
    __NVIC_SetPriority                       0x08005e4d   Thumb Code   128  stm32g0xx_hal_cortex.o(.text.__NVIC_SetPriority)
    [Anonymous Symbol]                       0x08005e4c   Section        0  stm32g0xx_hal_cortex.o(.text.__NVIC_SetPriority)
    __arm_cp.1_0                             0x08005ecc   Number         4  stm32g0xx_hal_cortex.o(.text.__NVIC_SetPriority)
    __arm_cp.1_1                             0x08005ed0   Number         4  stm32g0xx_hal_cortex.o(.text.__NVIC_SetPriority)
    [Anonymous Symbol]                       0x08005ed4   Section        0  key.o(.text.enableKey_GPIO_CLK)
    __arm_cp.4_0                             0x08005f9c   Number         4  key.o(.text.enableKey_GPIO_CLK)
    __arm_cp.4_1                             0x08005fa0   Number         4  key.o(.text.enableKey_GPIO_CLK)
    __arm_cp.4_2                             0x08005fa4   Number         4  key.o(.text.enableKey_GPIO_CLK)
    __arm_cp.4_3                             0x08005fa8   Number         4  key.o(.text.enableKey_GPIO_CLK)
    __arm_cp.4_4                             0x08005fac   Number         4  key.o(.text.enableKey_GPIO_CLK)
    [Anonymous Symbol]                       0x08005fb0   Section        0  key.o(.text.isKeyFIFOEmpty)
    __arm_cp.9_0                             0x08005fc0   Number         4  key.o(.text.isKeyFIFOEmpty)
    [Anonymous Symbol]                       0x08005fc4   Section        0  main.o(.text.main)
    __arm_cp.4_0                             0x08006040   Number         4  main.o(.text.main)
    __arm_cp.4_1                             0x08006044   Number         4  main.o(.text.main)
    __arm_cp.4_2                             0x08006048   Number         4  main.o(.text.main)
    __arm_cp.4_3                             0x0800604c   Number         4  main.o(.text.main)
    [Anonymous Symbol]                       0x08006050   Section        0  main.o(.text.oneMilliSecCallback)
    [Anonymous Symbol]                       0x08006058   Section        0  sys.o(.text.piddecayfun)
    i.__scatterload_copy                     0x08006064   Section       14  handlers.o(i.__scatterload_copy)
    i.__scatterload_null                     0x08006072   Section        2  handlers.o(i.__scatterload_null)
    i.__scatterload_zeroinit                 0x08006074   Section       14  handlers.o(i.__scatterload_zeroinit)
    [Anonymous Symbol]                       0x0800611c   Section        0  main.o(.rodata.cst32)
    KeyDriver.key                            0x20000002   Data           1  main.o(.data.KeyDriver.key)
    [Anonymous Symbol]                       0x20000002   Section        0  main.o(.data.KeyDriver.key)
    TIM14_IRQHandler.htim                    0x20000014   Data           4  stm32g0xx_it.o(.data.TIM14_IRQHandler.htim)
    [Anonymous Symbol]                       0x20000014   Section        0  stm32g0xx_it.o(.data.TIM14_IRQHandler.htim)
    TIM17_IRQHandler.htim                    0x20000018   Data           4  stm32g0xx_it.o(.data.TIM17_IRQHandler.htim)
    [Anonymous Symbol]                       0x20000018   Section        0  stm32g0xx_it.o(.data.TIM17_IRQHandler.htim)
    TIM1_CC_IRQHandler.pluse_delay           0x2000001c   Data           4  stm32g0xx_it.o(.data.TIM1_CC_IRQHandler.pluse_delay)
    [Anonymous Symbol]                       0x2000001c   Section        0  stm32g0xx_it.o(.data.TIM1_CC_IRQHandler.pluse_delay)
    KeyScan.keyout                           0x20000390   Data           1  key.o(.bss.KeyScan.keyout)
    [Anonymous Symbol]                       0x20000390   Section        0  key.o(.bss.KeyScan.keyout)
    TIM1_CC_IRQHandler.count                 0x200003b4   Data           4  stm32g0xx_it.o(.bss.TIM1_CC_IRQHandler.count)
    [Anonymous Symbol]                       0x200003b4   Section        0  stm32g0xx_it.o(.bss.TIM1_CC_IRQHandler.count)
    UI_Scan.cnt                              0x200003b8   Data           4  ui.o(.bss.UI_Scan.cnt)
    [Anonymous Symbol]                       0x200003b8   Section        0  ui.o(.bss.UI_Scan.cnt)
    s_tKey                                   0x200005cc   Data          12  key.o(.bss.s_tKey)
    [Anonymous Symbol]                       0x200005cc   Section        0  key.o(.bss.s_tKey)
    STACK                                    0x200005f8   Section     1024  startup_stm32g030xx.o(STACK)

    Global Symbols

    Symbol Name                              Value     Ov Type        Size  Object(Section)

    BuildAttributes$$THM_ISAv3M$S$PE$A:L22$X:L11$S22$IEEE1$IW$~IW$USESV6$~STKCKD$USESV7$~SHL$OTIME$ROPI$IEEEX$EBA8$MICROLIB$REQ8$PRES8$EABIv2 0x00000000   Number         0  anon$$obj.o ABSOLUTE
    __cpp_initialize__aeabi_                  - Undefined Weak Reference
    __cxa_finalize                            - Undefined Weak Reference
    _clock_init                               - Undefined Weak Reference
    _microlib_exit                            - Undefined Weak Reference
    __Vectors_Size                           0x000000c0   Number         0  startup_stm32g030xx.o ABSOLUTE
    __Vectors                                0x08000000   Data           4  startup_stm32g030xx.o(RESET)
    __Vectors_End                            0x080000c0   Data           0  startup_stm32g030xx.o(RESET)
    __main                                   0x080000c1   Thumb Code     0  entry.o(.ARM.Collect$$$$00000000)
    _main_stk                                0x080000c1   Thumb Code     0  entry2.o(.ARM.Collect$$$$00000001)
    _main_scatterload                        0x080000c5   Thumb Code     0  entry5.o(.ARM.Collect$$$$00000004)
    __main_after_scatterload                 0x080000c9   Thumb Code     0  entry5.o(.ARM.Collect$$$$00000004)
    _main_clock                              0x080000c9   Thumb Code     0  entry7b.o(.ARM.Collect$$$$00000008)
    _main_cpp_init                           0x080000c9   Thumb Code     0  entry8b.o(.ARM.Collect$$$$0000000A)
    _main_init                               0x080000c9   Thumb Code     0  entry9a.o(.ARM.Collect$$$$0000000B)
    __rt_final_cpp                           0x080000d1   Thumb Code     0  entry10a.o(.ARM.Collect$$$$0000000D)
    __rt_final_exit                          0x080000d1   Thumb Code     0  entry11a.o(.ARM.Collect$$$$0000000F)
    Reset_Handler                            0x080000d5   Thumb Code     8  startup_stm32g030xx.o(.text)
    ADC1_IRQHandler                          0x080000e7   Thumb Code     0  startup_stm32g030xx.o(.text)
    DMA1_Ch4_5_DMAMUX1_OVR_IRQHandler        0x080000e7   Thumb Code     0  startup_stm32g030xx.o(.text)
    DMA1_Channel1_IRQHandler                 0x080000e7   Thumb Code     0  startup_stm32g030xx.o(.text)
    DMA1_Channel2_3_IRQHandler               0x080000e7   Thumb Code     0  startup_stm32g030xx.o(.text)
    EXTI0_1_IRQHandler                       0x080000e7   Thumb Code     0  startup_stm32g030xx.o(.text)
    EXTI2_3_IRQHandler                       0x080000e7   Thumb Code     0  startup_stm32g030xx.o(.text)
    EXTI4_15_IRQHandler                      0x080000e7   Thumb Code     0  startup_stm32g030xx.o(.text)
    FLASH_IRQHandler                         0x080000e7   Thumb Code     0  startup_stm32g030xx.o(.text)
    I2C1_IRQHandler                          0x080000e7   Thumb Code     0  startup_stm32g030xx.o(.text)
    I2C2_IRQHandler                          0x080000e7   Thumb Code     0  startup_stm32g030xx.o(.text)
    RCC_IRQHandler                           0x080000e7   Thumb Code     0  startup_stm32g030xx.o(.text)
    RTC_TAMP_IRQHandler                      0x080000e7   Thumb Code     0  startup_stm32g030xx.o(.text)
    SPI1_IRQHandler                          0x080000e7   Thumb Code     0  startup_stm32g030xx.o(.text)
    SPI2_IRQHandler                          0x080000e7   Thumb Code     0  startup_stm32g030xx.o(.text)
    TIM16_IRQHandler                         0x080000e7   Thumb Code     0  startup_stm32g030xx.o(.text)
    TIM1_BRK_UP_TRG_COM_IRQHandler           0x080000e7   Thumb Code     0  startup_stm32g030xx.o(.text)
    TIM3_IRQHandler                          0x080000e7   Thumb Code     0  startup_stm32g030xx.o(.text)
    USART1_IRQHandler                        0x080000e7   Thumb Code     0  startup_stm32g030xx.o(.text)
    USART2_IRQHandler                        0x080000e7   Thumb Code     0  startup_stm32g030xx.o(.text)
    WWDG_IRQHandler                          0x080000e7   Thumb Code     0  startup_stm32g030xx.o(.text)
    __aeabi_memset                           0x080000f1   Thumb Code    14  memseta.o(.text)
    __aeabi_memset4                          0x080000f1   Thumb Code     0  memseta.o(.text)
    __aeabi_memset8                          0x080000f1   Thumb Code     0  memseta.o(.text)
    __aeabi_memclr                           0x080000ff   Thumb Code     4  memseta.o(.text)
    __aeabi_memclr4                          0x080000ff   Thumb Code     0  memseta.o(.text)
    __aeabi_memclr8                          0x080000ff   Thumb Code     0  memseta.o(.text)
    _memset$wrapper                          0x08000103   Thumb Code    18  memseta.o(.text)
    __aeabi_fadd                             0x08000115   Thumb Code   162  fadd.o(.text)
    __aeabi_fsub                             0x080001b7   Thumb Code     8  fadd.o(.text)
    __aeabi_frsub                            0x080001bf   Thumb Code     8  fadd.o(.text)
    __aeabi_fmul                             0x080001c7   Thumb Code   122  fmul.o(.text)
    __aeabi_fcmplt                           0x08000241   Thumb Code    28  fcmplt.o(.text)
    __aeabi_fcmpgt                           0x0800025d   Thumb Code    28  fcmpgt.o(.text)
    __aeabi_ui2f                             0x08000279   Thumb Code    14  ffltui.o(.text)
    __aeabi_f2iz                             0x08000287   Thumb Code    50  ffixi.o(.text)
    __aeabi_uidiv                            0x080002b9   Thumb Code     0  uidiv_div0.o(.text)
    __aeabi_uidivmod                         0x080002b9   Thumb Code    62  uidiv_div0.o(.text)
    __I$use$fp                               0x080002f7   Thumb Code     0  iusefp.o(.text)
    _float_round                             0x080002f7   Thumb Code    16  fepilogue.o(.text)
    _float_epilogue                          0x08000307   Thumb Code   114  fepilogue.o(.text)
    __scatterload                            0x08000379   Thumb Code    28  init.o(.text)
    __scatterload_rt2                        0x08000379   Thumb Code     0  init.o(.text)
    __decompress                             0x0800039d   Thumb Code     0  __dczerorl.o(.text)
    __decompress0                            0x0800039d   Thumb Code    58  __dczerorl.o(.text)
    Counter_decrement                        0x080003d7   Thumb Code    44  counter.o(.text.Counter_decrement)
    Counter_increment                        0x08000403   Thumb Code    44  counter.o(.text.Counter_increment)
    Counter_increment_circle                 0x0800042f   Thumb Code    44  counter.o(.text.Counter_increment_circle)
    Counter_reset                            0x0800045b   Thumb Code    14  counter.o(.text.Counter_reset)
    Counter_unreach_max                      0x08000469   Thumb Code    32  counter.o(.text.Counter_unreach_max)
    Error_Handler                            0x08000489   Thumb Code    14  main.o(.text.Error_Handler)
    HAL_Delay                                0x08000499   Thumb Code    64  stm32g0xx_hal.o(.text.HAL_Delay)
    HAL_GPIO_Init                            0x080004d9   Thumb Code   688  stm32g0xx_hal_gpio.o(.text.HAL_GPIO_Init)
    HAL_GPIO_WritePin                        0x080007a9   Thumb Code    44  stm32g0xx_hal_gpio.o(.text.HAL_GPIO_WritePin)
    HAL_GetTick                              0x080007d5   Thumb Code     8  stm32g0xx_hal.o(.text.HAL_GetTick)
    HAL_IncTick                              0x080007dd   Thumb Code    16  stm32g0xx_hal.o(.text.HAL_IncTick)
    HAL_Init                                 0x080007f1   Thumb Code    56  stm32g0xx_hal.o(.text.HAL_Init)
    HAL_InitTick                             0x0800082d   Thumb Code   120  stm32g0xx_hal.o(.text.HAL_InitTick)
    HAL_MspInit                              0x080008ad   Thumb Code    52  stm32g0xx_hal_msp.o(.text.HAL_MspInit)
    HAL_NVIC_EnableIRQ                       0x080008e5   Thumb Code    22  stm32g0xx_hal_cortex.o(.text.HAL_NVIC_EnableIRQ)
    HAL_NVIC_SetPriority                     0x080008fb   Thumb Code    28  stm32g0xx_hal_cortex.o(.text.HAL_NVIC_SetPriority)
    HAL_PWREx_ControlVoltageScaling          0x08000919   Thumb Code   112  stm32g0xx_hal_pwr_ex.o(.text.HAL_PWREx_ControlVoltageScaling)
    HAL_RCCEx_PeriphCLKConfig                0x08000995   Thumb Code   536  stm32g0xx_hal_rcc_ex.o(.text.HAL_RCCEx_PeriphCLKConfig)
    HAL_RCC_ClockConfig                      0x08000bbd   Thumb Code   572  stm32g0xx_hal_rcc.o(.text.HAL_RCC_ClockConfig)
    HAL_RCC_GetHCLKFreq                      0x08000e11   Thumb Code     8  stm32g0xx_hal_rcc.o(.text.HAL_RCC_GetHCLKFreq)
    HAL_RCC_GetPCLK1Freq                     0x08000e1d   Thumb Code    36  stm32g0xx_hal_rcc.o(.text.HAL_RCC_GetPCLK1Freq)
    HAL_RCC_GetSysClockFreq                  0x08000e45   Thumb Code   268  stm32g0xx_hal_rcc.o(.text.HAL_RCC_GetSysClockFreq)
    HAL_RCC_OscConfig                        0x08000f65   Thumb Code  1660  stm32g0xx_hal_rcc.o(.text.HAL_RCC_OscConfig)
    HAL_RTC_GetDate                          0x08001609   Thumb Code   116  stm32g0xx_hal_rtc.o(.text.HAL_RTC_GetDate)
    HAL_RTC_GetTime                          0x08001681   Thumb Code   148  stm32g0xx_hal_rtc.o(.text.HAL_RTC_GetTime)
    HAL_RTC_Init                             0x0800171d   Thumb Code   260  stm32g0xx_hal_rtc.o(.text.HAL_RTC_Init)
    HAL_RTC_MspInit                          0x08001825   Thumb Code    60  rtc.o(.text.HAL_RTC_MspInit)
    HAL_RTC_SetAlarm                         0x0800186d   Thumb Code   636  stm32g0xx_hal_rtc.o(.text.HAL_RTC_SetAlarm)
    HAL_RTC_SetTime                          0x08001ae9   Thumb Code   348  stm32g0xx_hal_rtc.o(.text.HAL_RTC_SetTime)
    HAL_RTC_WaitForSynchro                   0x08001c49   Thumb Code    84  stm32g0xx_hal_rtc.o(.text.HAL_RTC_WaitForSynchro)
    HAL_SYSTICK_Config                       0x08001ca1   Thumb Code    16  stm32g0xx_hal_cortex.o(.text.HAL_SYSTICK_Config)
    HAL_TIMEx_MasterConfigSynchronization    0x08001cb1   Thumb Code   212  stm32g0xx_hal_tim_ex.o(.text.HAL_TIMEx_MasterConfigSynchronization)
    HAL_TIM_Base_Init                        0x08001d85   Thumb Code   170  stm32g0xx_hal_tim.o(.text.HAL_TIM_Base_Init)
    HAL_TIM_Base_MspInit                     0x08001e31   Thumb Code   356  tim.o(.text.HAL_TIM_Base_MspInit)
    HAL_TIM_Base_Start                       0x08001fad   Thumb Code   136  stm32g0xx_hal_tim.o(.text.HAL_TIM_Base_Start)
    HAL_TIM_Base_Start_IT                    0x08002035   Thumb Code   148  stm32g0xx_hal_tim.o(.text.HAL_TIM_Base_Start_IT)
    HAL_TIM_ConfigClockSource                0x080020d5   Thumb Code   384  stm32g0xx_hal_tim.o(.text.HAL_TIM_ConfigClockSource)
    HAL_TIM_IC_ConfigChannel                 0x08002259   Thumb Code   284  stm32g0xx_hal_tim.o(.text.HAL_TIM_IC_ConfigChannel)
    HAL_TIM_IC_Init                          0x08002375   Thumb Code   170  stm32g0xx_hal_tim.o(.text.HAL_TIM_IC_Init)
    HAL_TIM_IC_MspInit                       0x0800241f   Thumb Code     8  stm32g0xx_hal_tim.o(.text.HAL_TIM_IC_MspInit)
    HAL_TIM_IC_Start_IT                      0x08002429   Thumb Code   704  stm32g0xx_hal_tim.o(.text.HAL_TIM_IC_Start_IT)
    HAL_TIM_MspPostInit                      0x080026ed   Thumb Code    84  tim.o(.text.HAL_TIM_MspPostInit)
    HAL_TIM_OnePulse_Init                    0x0800274d   Thumb Code   148  stm32g0xx_hal_tim.o(.text.HAL_TIM_OnePulse_Init)
    HAL_TIM_OnePulse_MspInit                 0x080027e1   Thumb Code     8  stm32g0xx_hal_tim.o(.text.HAL_TIM_OnePulse_MspInit)
    HAL_TIM_OnePulse_Start                   0x080027e9   Thumb Code   236  stm32g0xx_hal_tim.o(.text.HAL_TIM_OnePulse_Start)
    HAL_TIM_PWM_ConfigChannel                0x080028e1   Thumb Code   490  stm32g0xx_hal_tim.o(.text.HAL_TIM_PWM_ConfigChannel)
    HAL_TIM_PWM_Init                         0x08002acb   Thumb Code   170  stm32g0xx_hal_tim.o(.text.HAL_TIM_PWM_Init)
    HAL_TIM_PWM_MspInit                      0x08002b75   Thumb Code     8  stm32g0xx_hal_tim.o(.text.HAL_TIM_PWM_MspInit)
    HAL_TIM_PWM_Start_IT                     0x08002b7d   Thumb Code   600  stm32g0xx_hal_tim.o(.text.HAL_TIM_PWM_Start_IT)
    HAL_UART_Init                            0x08002de9   Thumb Code   180  stm32g0xx_hal_uart.o(.text.HAL_UART_Init)
    HAL_UART_MspInit                         0x08002e9d   Thumb Code   112  usart.o(.text.HAL_UART_MspInit)
    HT1621Init                               0x08002f19   Thumb Code   104  ht1621.o(.text.HT1621Init)
    HardFault_Handler                        0x08002f85   Thumb Code     4  stm32g0xx_it.o(.text.HardFault_Handler)
    IncPIDCalcDeltaAutoDecay                 0x08002f89   Thumb Code   242  pid.o(.text.IncPIDCalcDeltaAutoDecay)
    IncPIDInit                               0x0800307b   Thumb Code    74  pid.o(.text.IncPIDInit)
    KeyDriver                                0x080030c5   Thumb Code  1036  main.o(.text.KeyDriver)
    KeyGPIOConfig                            0x08003509   Thumb Code   220  key.o(.text.KeyGPIOConfig)
    KeyInit                                  0x080035e5   Thumb Code   240  key.o(.text.KeyInit)
    KeyPinRead                               0x080036e5   Thumb Code    24  key.o(.text.KeyPinRead)
    KeyPinSet                                0x080036fd   Thumb Code    40  key.o(.text.KeyPinSet)
    KeyScan                                  0x08003725   Thumb Code   812  key.o(.text.KeyScan)
    Key_FIFO_Get                             0x08003a6d   Thumb Code    64  key.o(.text.Key_FIFO_Get)
    Key_FIFO_Put                             0x08003aad   Thumb Code    40  key.o(.text.Key_FIFO_Put)
    Lcd_10Nixe_Off                           0x08003ae9   Thumb Code    24  ht1621.o(.text.Lcd_10Nixe_Off)
    Lcd_10Nixie_ShowNum                      0x08003b01   Thumb Code   128  ht1621.o(.text.Lcd_10Nixie_ShowNum)
    Lcd_8Nixie_Off                           0x08003b81   Thumb Code    32  ht1621.o(.text.Lcd_8Nixie_Off)
    Lcd_8Nixie_ShowNum                       0x08003ba1   Thumb Code   128  ht1621.o(.text.Lcd_8Nixie_ShowNum)
    Lcd_Area_Nixie_Show                      0x08003c2d   Thumb Code    24  ht1621.o(.text.Lcd_Area_Nixie_Show)
    Lcd_Clock_Show                           0x08003c49   Thumb Code    90  ht1621.o(.text.Lcd_Clock_Show)
    Lcd_Clock_Show_None                      0x08003ca3   Thumb Code    42  ht1621.o(.text.Lcd_Clock_Show_None)
    Lcd_Fodder_Nixie_Show                    0x08003ccd   Thumb Code    24  ht1621.o(.text.Lcd_Fodder_Nixie_Show)
    Lcd_Interval_Nixie_Show                  0x08003ce9   Thumb Code    24  ht1621.o(.text.Lcd_Interval_Nixie_Show)
    Lcd_Minit_Nixe_Off                       0x08003d05   Thumb Code    24  ht1621.o(.text.Lcd_Minit_Nixe_Off)
    Lcd_Minit_Nixie_Show                     0x08003d1d   Thumb Code    76  ht1621.o(.text.Lcd_Minit_Nixie_Show)
    Lcd_Output_Nixie_Show                    0x08003d6d   Thumb Code    24  ht1621.o(.text.Lcd_Output_Nixie_Show)
    Lcd_Period_Off                           0x08003d89   Thumb Code    10  ht1621.o(.text.Lcd_Period_Off)
    Lcd_Period_Show                          0x08003d93   Thumb Code    22  ht1621.o(.text.Lcd_Period_Show)
    Lcd_Show_Updata                          0x08003da9   Thumb Code    48  ht1621.o(.text.Lcd_Show_Updata)
    MX_GPIO_Init                             0x08003ddd   Thumb Code   220  gpio.o(.text.MX_GPIO_Init)
    MX_RTC_Init                              0x08003ed5   Thumb Code   160  rtc.o(.text.MX_RTC_Init)
    MX_TIM14_Init                            0x08003f7d   Thumb Code   112  tim.o(.text.MX_TIM14_Init)
    MX_TIM1_Init                             0x08003ff9   Thumb Code   204  tim.o(.text.MX_TIM1_Init)
    MX_TIM3_Init                             0x080040d1   Thumb Code   208  tim.o(.text.MX_TIM3_Init)
    MX_USART2_UART_Init                      0x080041b1   Thumb Code    64  usart.o(.text.MX_USART2_UART_Init)
    NMI_Handler                              0x080041f9   Thumb Code     4  stm32g0xx_it.o(.text.NMI_Handler)
    PendSV_Handler                           0x080041fd   Thumb Code     2  stm32g0xx_it.o(.text.PendSV_Handler)
    RTC_Bcd2ToByte                           0x080041ff   Thumb Code    32  stm32g0xx_hal_rtc.o(.text.RTC_Bcd2ToByte)
    RTC_ByteToBcd2                           0x0800421f   Thumb Code    60  stm32g0xx_hal_rtc.o(.text.RTC_ByteToBcd2)
    RTC_EnterInitMode                        0x0800425d   Thumb Code   132  stm32g0xx_hal_rtc.o(.text.RTC_EnterInitMode)
    RTC_ExitInitMode                         0x080042e5   Thumb Code   120  stm32g0xx_hal_rtc.o(.text.RTC_ExitInitMode)
    SVC_Handler                              0x08004365   Thumb Code     2  stm32g0xx_it.o(.text.SVC_Handler)
    SysTick_Handler                          0x080043b9   Thumb Code     8  stm32g0xx_it.o(.text.SysTick_Handler)
    Sys_Update_State_2_UI                    0x080043c1   Thumb Code   620  sys.o(.text.Sys_Update_State_2_UI)
    SystemClock_Config                       0x08004641   Thumb Code   170  main.o(.text.SystemClock_Config)
    SystemInit                               0x080046ed   Thumb Code    12  system_stm32g0xx.o(.text.SystemInit)
    TIM14_IRQHandler                         0x080046fd   Thumb Code    96  stm32g0xx_it.o(.text.TIM14_IRQHandler)
    TIM17_IRQHandler                         0x08004765   Thumb Code    56  stm32g0xx_it.o(.text.TIM17_IRQHandler)
    TIM1_CC_IRQHandler                       0x080047a1   Thumb Code   136  stm32g0xx_it.o(.text.TIM1_CC_IRQHandler)
    TIM_Base_SetConfig                       0x08004849   Thumb Code   212  stm32g0xx_hal_tim.o(.text.TIM_Base_SetConfig)
    TIM_CCxChannelCmd                        0x08004925   Thumb Code    50  stm32g0xx_hal_tim.o(.text.TIM_CCxChannelCmd)
    TIM_ETR_SetConfig                        0x08004957   Thumb Code    54  stm32g0xx_hal_tim.o(.text.TIM_ETR_SetConfig)
    TIM_OC2_SetConfig                        0x08004aa9   Thumb Code   264  stm32g0xx_hal_tim.o(.text.TIM_OC2_SetConfig)
    TIM_TI1_SetConfig                        0x08004f3d   Thumb Code   152  stm32g0xx_hal_tim.o(.text.TIM_TI1_SetConfig)
    UART_AdvFeatureConfig                    0x0800517d   Thumb Code   346  stm32g0xx_hal_uart.o(.text.UART_AdvFeatureConfig)
    UART_CheckIdleState                      0x080052d9   Thumb Code   164  stm32g0xx_hal_uart.o(.text.UART_CheckIdleState)
    UART_SetConfig                           0x08005381   Thumb Code   700  stm32g0xx_hal_uart.o(.text.UART_SetConfig)
    UART_WaitOnFlagUntilTimeout              0x08005659   Thumb Code   268  stm32g0xx_hal_uart.o(.text.UART_WaitOnFlagUntilTimeout)
    UI_Constant_Text_Show                    0x08005765   Thumb Code    44  ui.o(.text.UI_Constant_Text_Show)
    UI_Init                                  0x08005791   Thumb Code    72  ui.o(.text.UI_Init)
    UI_Scan                                  0x080057e1   Thumb Code   564  ui.o(.text.UI_Scan)
    UI_SendMessage                           0x08005a45   Thumb Code   540  ui.o(.text.UI_SendMessage)
    UserPIDInit                              0x08005c7d   Thumb Code    56  sys.o(.text.UserPIDInit)
    User_KeyInit                             0x08005cd9   Thumb Code    44  main.o(.text.User_KeyInit)
    WriteCmdtoHT1621                         0x08005d0d   Thumb Code    68  ht1621.o(.text.WriteCmdtoHT1621)
    WriteDatatoHT1621                        0x08005d51   Thumb Code   128  ht1621.o(.text.WriteDatatoHT1621)
    WritetoHT1621                            0x08005dd1   Thumb Code    80  ht1621.o(.text.WritetoHT1621)
    enableKey_GPIO_CLK                       0x08005ed5   Thumb Code   200  key.o(.text.enableKey_GPIO_CLK)
    isKeyFIFOEmpty                           0x08005fb1   Thumb Code    16  key.o(.text.isKeyFIFOEmpty)
    main                                     0x08005fc5   Thumb Code   124  main.o(.text.main)
    oneMilliSecCallback                      0x08006051   Thumb Code     8  main.o(.text.oneMilliSecCallback)
    piddecayfun                              0x08006059   Thumb Code    12  sys.o(.text.piddecayfun)
    __scatterload_copy                       0x08006065   Thumb Code    14  handlers.o(i.__scatterload_copy)
    __scatterload_null                       0x08006073   Thumb Code     2  handlers.o(i.__scatterload_null)
    __scatterload_zeroinit                   0x08006075   Thumb Code    14  handlers.o(i.__scatterload_zeroinit)
    AHBPrescTable                            0x08006084   Data          64  system_stm32g0xx.o(.rodata.AHBPrescTable)
    APBPrescTable                            0x080060c4   Data          32  system_stm32g0xx.o(.rodata.APBPrescTable)
    Area_Nixie_Mem_ID_table                  0x080060e4   Data           2  ht1621.o(.rodata.Area_Nixie_Mem_ID_table)
    Fodder_Nixie_Mem_ID_table                0x080060e6   Data           2  ht1621.o(.rodata.Fodder_Nixie_Mem_ID_table)
    Interval_Nixie_Mem_ID_table              0x080060e8   Data           2  ht1621.o(.rodata.Interval_Nixie_Mem_ID_table)
    Minit_Nixie_Mem_ID_table                 0x080060ea   Data           4  ht1621.o(.rodata.Minit_Nixie_Mem_ID_table)
    Nixie_Mem_ID_table                       0x080060ee   Data          20  ht1621.o(.rodata.Nixie_Mem_ID_table)
    Output_Nixie_Mem_ID_table                0x08006102   Data           2  ht1621.o(.rodata.Output_Nixie_Mem_ID_table)
    UARTPrescTable                           0x08006104   Data          24  stm32g0xx_hal_uart.o(.rodata.UARTPrescTable)
    num_left_table                           0x0800615c   Data          11  ht1621.o(.rodata.num_left_table)
    num_right_table                          0x08006167   Data          10  ht1621.o(.rodata.num_right_table)
    Region$$Table$$Base                      0x08006174   Number         0  anon$$obj.o(Region$$Table)
    Region$$Table$$Limit                     0x08006194   Number         0  anon$$obj.o(Region$$Table)
    BoxText_WigetState                       0x20000000   Data           1  ui.o(.data.BoxText_WigetState)
    CloseText_WigetState                     0x20000001   Data           1  ui.o(.data.CloseText_WigetState)
    MATRIX_KEY_READ_PIN_NUM                  0x20000004   Data           4  key.o(.data.MATRIX_KEY_READ_PIN_NUM)
    MATRIX_KEY_SET_PIN_NUM                   0x20000008   Data           4  key.o(.data.MATRIX_KEY_SET_PIN_NUM)
    MinitDotTetx_WigetState                  0x2000000c   Data           1  ui.o(.data.MinitDotTetx_WigetState)
    OpenText_WigetState                      0x2000000d   Data           1  ui.o(.data.OpenText_WigetState)
    PeriodText_WigetState                    0x2000000e   Data           1  ui.o(.data.PeriodText_WigetState)
    SystemCoreClock                          0x20000010   Data           4  system_stm32g0xx.o(.data.SystemCoreClock)
    TimeText_WigetState                      0x20000020   Data           1  ui.o(.data.TimeText_WigetState)
    key_area_cnt                             0x20000024   Data          16  main.o(.data.key_area_cnt)
    key_fodder_cnt                           0x20000034   Data          16  main.o(.data.key_fodder_cnt)
    key_interval_cnt                         0x20000044   Data          16  main.o(.data.key_interval_cnt)
    key_mode_cnt                             0x20000054   Data          16  main.o(.data.key_mode_cnt)
    key_output_cnt                           0x20000064   Data          16  main.o(.data.key_output_cnt)
    key_period_cnt                           0x20000074   Data          16  main.o(.data.key_period_cnt)
    key_run_time_set_cnt                     0x20000084   Data          16  main.o(.data.key_run_time_set_cnt)
    set_rtc_cnt                              0x20000094   Data          16  main.o(.data.set_rtc_cnt)
    sysState                                 0x200000a4   Data         380  sys.o(.data.sysState)
    uwTickFreq                               0x20000220   Data           1  stm32g0xx_hal.o(.data.uwTickFreq)
    uwTickPrio                               0x20000224   Data           4  stm32g0xx_hal.o(.data.uwTickPrio)
    Clock_WigetState                         0x20000228   Data           1  ui.o(.bss.Clock_WigetState)
    FishPID                                  0x2000022c   Data          64  sys.o(.bss.FishPID)
    Freq                                     0x2000026c   Data           4  measure.o(.bss.Freq)
    KeyInPins                                0x20000270   Data          32  key.o(.bss.KeyInPins)
    KeyMat                                   0x20000290   Data         256  key.o(.bss.KeyMat)
    KeySetPins                               0x20000394   Data          32  key.o(.bss.KeySetPins)
    enable_key_up_envent_flag                0x200003bc   Data           1  key.o(.bss.enable_key_up_envent_flag)
    hrtc                                     0x200003c0   Data          44  rtc.o(.bss.hrtc)
    htim1                                    0x200003ec   Data          76  tim.o(.bss.htim1)
    htim14                                   0x20000438   Data          76  tim.o(.bss.htim14)
    htim17                                   0x20000484   Data          76  tim.o(.bss.htim17)
    htim3                                    0x200004d0   Data          76  tim.o(.bss.htim3)
    huart2                                   0x2000051c   Data         144  usart.o(.bss.huart2)
    lcd_mem                                  0x200005ac   Data          32  ht1621.o(.bss.lcd_mem)
    sdatestructureget                        0x200005d8   Data           4  ui.o(.bss.sdatestructureget)
    stimestructureget                        0x200005dc   Data          20  ui.o(.bss.stimestructureget)
    timeSettingMode                          0x200005f0   Data           1  timesetting.o(.bss.timeSettingMode)
    uwTick                                   0x200005f4   Data           4  stm32g0xx_hal.o(.bss.uwTick)
    __initial_sp                             0x200009f8   Data           0  startup_stm32g030xx.o(STACK)



==============================================================================

Memory Map of the image

  Image Entry point : 0x080000c1

  Load Region LR_IROM1 (Base: 0x08000000, Size: 0x000063c0, Max: 0x00010000, ABSOLUTE, COMPRESSED[0x00006200])

    Execution Region ER_IROM1 (Exec base: 0x08000000, Load base: 0x08000000, Size: 0x00006194, Max: 0x00010000, ABSOLUTE)

    Exec Addr    Load Addr    Size         Type   Attr      Idx    E Section Name        Object

    0x08000000   0x08000000   0x000000c0   Data   RO            3    RESET               startup_stm32g030xx.o
    0x080000c0   0x080000c0   0x00000000   Code   RO         1511  * .ARM.Collect$$$$00000000  mc_p.l(entry.o)
    0x080000c0   0x080000c0   0x00000004   Code   RO         1571    .ARM.Collect$$$$00000001  mc_p.l(entry2.o)
    0x080000c4   0x080000c4   0x00000004   Code   RO         1574    .ARM.Collect$$$$00000004  mc_p.l(entry5.o)
    0x080000c8   0x080000c8   0x00000000   Code   RO         1576    .ARM.Collect$$$$00000008  mc_p.l(entry7b.o)
    0x080000c8   0x080000c8   0x00000000   Code   RO         1578    .ARM.Collect$$$$0000000A  mc_p.l(entry8b.o)
    0x080000c8   0x080000c8   0x00000008   Code   RO         1579    .ARM.Collect$$$$0000000B  mc_p.l(entry9a.o)
    0x080000d0   0x080000d0   0x00000000   Code   RO         1581    .ARM.Collect$$$$0000000D  mc_p.l(entry10a.o)
    0x080000d0   0x080000d0   0x00000000   Code   RO         1583    .ARM.Collect$$$$0000000F  mc_p.l(entry11a.o)
    0x080000d0   0x080000d0   0x00000004   Code   RO         1572    .ARM.Collect$$$$00002712  mc_p.l(entry2.o)
    0x080000d4   0x080000d4   0x0000001c   Code   RO            4    .text               startup_stm32g030xx.o
    0x080000f0   0x080000f0   0x00000024   Code   RO         1520    .text               mc_p.l(memseta.o)
    0x08000114   0x08000114   0x000000b2   Code   RO         1524    .text               mf_p.l(fadd.o)
    0x080001c6   0x080001c6   0x0000007a   Code   RO         1526    .text               mf_p.l(fmul.o)
    0x08000240   0x08000240   0x0000001c   Code   RO         1538    .text               mf_p.l(fcmplt.o)
    0x0800025c   0x0800025c   0x0000001c   Code   RO         1540    .text               mf_p.l(fcmpgt.o)
    0x08000278   0x08000278   0x0000000e   Code   RO         1542    .text               mf_p.l(ffltui.o)
    0x08000286   0x08000286   0x00000032   Code   RO         1544    .text               mf_p.l(ffixi.o)
    0x080002b8   0x080002b8   0x0000003e   Code   RO         1587    .text               mc_p.l(uidiv_div0.o)
    0x080002f6   0x080002f6   0x00000000   Code   RO         1604    .text               mc_p.l(iusefp.o)
    0x080002f6   0x080002f6   0x00000082   Code   RO         1605    .text               mf_p.l(fepilogue.o)
    0x08000378   0x08000378   0x00000024   Code   RO         1623    .text               mc_p.l(init.o)
    0x0800039c   0x0800039c   0x0000003a   Code   RO         1635    .text               mc_p.l(__dczerorl.o)
    0x080003d6   0x080003d6   0x0000002c   Code   RO         1471    .text.Counter_decrement  counter.o
    0x08000402   0x08000402   0x0000002c   Code   RO         1467    .text.Counter_increment  counter.o
    0x0800042e   0x0800042e   0x0000002c   Code   RO         1469    .text.Counter_increment_circle  counter.o
    0x0800045a   0x0800045a   0x0000000e   Code   RO         1479    .text.Counter_reset  counter.o
    0x08000468   0x08000468   0x00000020   Code   RO         1481    .text.Counter_unreach_max  counter.o
    0x08000488   0x08000488   0x0000000e   Code   RO           15    .text.Error_Handler  main.o
    0x08000496   0x08000496   0x00000002   PAD
    0x08000498   0x08000498   0x00000040   Code   RO          636    .text.HAL_Delay     stm32g0xx_hal.o
    0x080004d8   0x080004d8   0x000002d0   Code   RO          411    .text.HAL_GPIO_Init  stm32g0xx_hal_gpio.o
    0x080007a8   0x080007a8   0x0000002c   Code   RO          417    .text.HAL_GPIO_WritePin  stm32g0xx_hal_gpio.o
    0x080007d4   0x080007d4   0x00000008   Code   RO          628    .text.HAL_GetTick   stm32g0xx_hal.o
    0x080007dc   0x080007dc   0x00000014   Code   RO          626    .text.HAL_IncTick   stm32g0xx_hal.o
    0x080007f0   0x080007f0   0x0000003c   Code   RO          616    .text.HAL_Init      stm32g0xx_hal.o
    0x0800082c   0x0800082c   0x00000080   Code   RO          618    .text.HAL_InitTick  stm32g0xx_hal.o
    0x080008ac   0x080008ac   0x00000038   Code   RO          133    .text.HAL_MspInit   stm32g0xx_hal_msp.o
    0x080008e4   0x080008e4   0x00000016   Code   RO          565    .text.HAL_NVIC_EnableIRQ  stm32g0xx_hal_cortex.o
    0x080008fa   0x080008fa   0x0000001c   Code   RO          561    .text.HAL_NVIC_SetPriority  stm32g0xx_hal_cortex.o
    0x08000916   0x08000916   0x00000002   PAD
    0x08000918   0x08000918   0x0000007c   Code   RO          548    .text.HAL_PWREx_ControlVoltageScaling  stm32g0xx_hal_pwr_ex.o
    0x08000994   0x08000994   0x00000228   Code   RO          322    .text.HAL_RCCEx_PeriphCLKConfig  stm32g0xx_hal_rcc_ex.o
    0x08000bbc   0x08000bbc   0x00000254   Code   RO          287    .text.HAL_RCC_ClockConfig  stm32g0xx_hal_rcc.o
    0x08000e10   0x08000e10   0x0000000c   Code   RO          293    .text.HAL_RCC_GetHCLKFreq  stm32g0xx_hal_rcc.o
    0x08000e1c   0x08000e1c   0x00000028   Code   RO          295    .text.HAL_RCC_GetPCLK1Freq  stm32g0xx_hal_rcc.o
    0x08000e44   0x08000e44   0x00000120   Code   RO          289    .text.HAL_RCC_GetSysClockFreq  stm32g0xx_hal_rcc.o
    0x08000f64   0x08000f64   0x000006a4   Code   RO          285    .text.HAL_RCC_OscConfig  stm32g0xx_hal_rcc.o
    0x08001608   0x08001608   0x00000078   Code   RO          163    .text.HAL_RTC_GetDate  stm32g0xx_hal_rtc.o
    0x08001680   0x08001680   0x0000009c   Code   RO          157    .text.HAL_RTC_GetTime  stm32g0xx_hal_rtc.o
    0x0800171c   0x0800171c   0x00000108   Code   RO          141    .text.HAL_RTC_Init  stm32g0xx_hal_rtc.o
    0x08001824   0x08001824   0x00000048   Code   RO           52    .text.HAL_RTC_MspInit  rtc.o
    0x0800186c   0x0800186c   0x0000027c   Code   RO          165    .text.HAL_RTC_SetAlarm  stm32g0xx_hal_rtc.o
    0x08001ae8   0x08001ae8   0x00000160   Code   RO          153    .text.HAL_RTC_SetTime  stm32g0xx_hal_rtc.o
    0x08001c48   0x08001c48   0x00000058   Code   RO          179    .text.HAL_RTC_WaitForSynchro  stm32g0xx_hal_rtc.o
    0x08001ca0   0x08001ca0   0x00000010   Code   RO          577    .text.HAL_SYSTICK_Config  stm32g0xx_hal_cortex.o
    0x08001cb0   0x08001cb0   0x000000d4   Code   RO         1026    .text.HAL_TIMEx_MasterConfigSynchronization  stm32g0xx_hal_tim_ex.o
    0x08001d84   0x08001d84   0x000000aa   Code   RO          709    .text.HAL_TIM_Base_Init  stm32g0xx_hal_tim.o
    0x08001e2e   0x08001e2e   0x00000002   PAD
    0x08001e30   0x08001e30   0x0000017c   Code   RO           76    .text.HAL_TIM_Base_MspInit  tim.o
    0x08001fac   0x08001fac   0x00000088   Code   RO          719    .text.HAL_TIM_Base_Start  stm32g0xx_hal_tim.o
    0x08002034   0x08002034   0x000000a0   Code   RO          723    .text.HAL_TIM_Base_Start_IT  stm32g0xx_hal_tim.o
    0x080020d4   0x080020d4   0x00000184   Code   RO          905    .text.HAL_TIM_ConfigClockSource  stm32g0xx_hal_tim.o
    0x08002258   0x08002258   0x0000011c   Code   RO          869    .text.HAL_TIM_IC_ConfigChannel  stm32g0xx_hal_tim.o
    0x08002374   0x08002374   0x000000aa   Code   RO          783    .text.HAL_TIM_IC_Init  stm32g0xx_hal_tim.o
    0x0800241e   0x0800241e   0x00000008   Code   RO          785    .text.HAL_TIM_IC_MspInit  stm32g0xx_hal_tim.o
    0x08002426   0x08002426   0x00000002   PAD
    0x08002428   0x08002428   0x000002c4   Code   RO          795    .text.HAL_TIM_IC_Start_IT  stm32g0xx_hal_tim.o
    0x080026ec   0x080026ec   0x00000060   Code   RO           68    .text.HAL_TIM_MspPostInit  tim.o
    0x0800274c   0x0800274c   0x00000094   Code   RO          807    .text.HAL_TIM_OnePulse_Init  stm32g0xx_hal_tim.o
    0x080027e0   0x080027e0   0x00000008   Code   RO          809    .text.HAL_TIM_OnePulse_MspInit  stm32g0xx_hal_tim.o
    0x080027e8   0x080027e8   0x000000f8   Code   RO          815    .text.HAL_TIM_OnePulse_Start  stm32g0xx_hal_tim.o
    0x080028e0   0x080028e0   0x000001ea   Code   RO          879    .text.HAL_TIM_PWM_ConfigChannel  stm32g0xx_hal_tim.o
    0x08002aca   0x08002aca   0x000000aa   Code   RO          763    .text.HAL_TIM_PWM_Init  stm32g0xx_hal_tim.o
    0x08002b74   0x08002b74   0x00000008   Code   RO          765    .text.HAL_TIM_PWM_MspInit  stm32g0xx_hal_tim.o
    0x08002b7c   0x08002b7c   0x0000026c   Code   RO          775    .text.HAL_TIM_PWM_Start_IT  stm32g0xx_hal_tim.o
    0x08002de8   0x08002de8   0x000000b4   Code   RO         1061    .text.HAL_UART_Init  stm32g0xx_hal_uart.o
    0x08002e9c   0x08002e9c   0x0000007c   Code   RO           94    .text.HAL_UART_MspInit  usart.o
    0x08002f18   0x08002f18   0x0000006c   Code   RO         1344    .text.HT1621Init    ht1621.o
    0x08002f84   0x08002f84   0x00000004   Code   RO          108    .text.HardFault_Handler  stm32g0xx_it.o
    0x08002f88   0x08002f88   0x000000f2   Code   RO         1283    .text.IncPIDCalcDeltaAutoDecay  pid.o
    0x0800307a   0x0800307a   0x0000004a   Code   RO         1271    .text.IncPIDInit    pid.o
    0x080030c4   0x080030c4   0x00000444   Code   RO           13    .text.KeyDriver     main.o
    0x08003508   0x08003508   0x000000dc   Code   RO         1436    .text.KeyGPIOConfig  key.o
    0x080035e4   0x080035e4   0x00000100   Code   RO         1434    .text.KeyInit       key.o
    0x080036e4   0x080036e4   0x00000018   Code   RO         1430    .text.KeyPinRead    key.o
    0x080036fc   0x080036fc   0x00000028   Code   RO         1432    .text.KeyPinSet     key.o
    0x08003724   0x08003724   0x00000348   Code   RO         1440    .text.KeyScan       key.o
    0x08003a6c   0x08003a6c   0x00000040   Code   RO         1446    .text.Key_FIFO_Get  key.o
    0x08003aac   0x08003aac   0x0000002c   Code   RO         1442    .text.Key_FIFO_Put  key.o
    0x08003ad8   0x08003ad8   0x00000010   Code   RO          297    .text.LL_RCC_GetAPB1Prescaler  stm32g0xx_hal_rcc.o
    0x08003ae8   0x08003ae8   0x00000018   Code   RO         1358    .text.Lcd_10Nixe_Off  ht1621.o
    0x08003b00   0x08003b00   0x00000080   Code   RO         1354    .text.Lcd_10Nixie_ShowNum  ht1621.o
    0x08003b80   0x08003b80   0x00000020   Code   RO         1356    .text.Lcd_8Nixie_Off  ht1621.o
    0x08003ba0   0x08003ba0   0x0000008c   Code   RO         1352    .text.Lcd_8Nixie_ShowNum  ht1621.o
    0x08003c2c   0x08003c2c   0x0000001c   Code   RO         1376    .text.Lcd_Area_Nixie_Show  ht1621.o
    0x08003c48   0x08003c48   0x0000005a   Code   RO         1360    .text.Lcd_Clock_Show  ht1621.o
    0x08003ca2   0x08003ca2   0x0000002a   Code   RO         1362    .text.Lcd_Clock_Show_None  ht1621.o
    0x08003ccc   0x08003ccc   0x0000001c   Code   RO         1370    .text.Lcd_Fodder_Nixie_Show  ht1621.o
    0x08003ce8   0x08003ce8   0x0000001c   Code   RO         1372    .text.Lcd_Interval_Nixie_Show  ht1621.o
    0x08003d04   0x08003d04   0x00000018   Code   RO         1380    .text.Lcd_Minit_Nixe_Off  ht1621.o
    0x08003d1c   0x08003d1c   0x00000050   Code   RO         1368    .text.Lcd_Minit_Nixie_Show  ht1621.o
    0x08003d6c   0x08003d6c   0x0000001c   Code   RO         1374    .text.Lcd_Output_Nixie_Show  ht1621.o
    0x08003d88   0x08003d88   0x0000000a   Code   RO         1366    .text.Lcd_Period_Off  ht1621.o
    0x08003d92   0x08003d92   0x00000016   Code   RO         1364    .text.Lcd_Period_Show  ht1621.o
    0x08003da8   0x08003da8   0x00000034   Code   RO         1348    .text.Lcd_Show_Updata  ht1621.o
    0x08003ddc   0x08003ddc   0x000000f8   Code   RO           42    .text.MX_GPIO_Init  gpio.o
    0x08003ed4   0x08003ed4   0x000000a8   Code   RO           50    .text.MX_RTC_Init   rtc.o
    0x08003f7c   0x08003f7c   0x0000007c   Code   RO           70    .text.MX_TIM14_Init  tim.o
    0x08003ff8   0x08003ff8   0x000000d8   Code   RO           64    .text.MX_TIM1_Init  tim.o
    0x080040d0   0x080040d0   0x000000e0   Code   RO           66    .text.MX_TIM3_Init  tim.o
    0x080041b0   0x080041b0   0x00000048   Code   RO           92    .text.MX_USART2_UART_Init  usart.o
    0x080041f8   0x080041f8   0x00000004   Code   RO          106    .text.NMI_Handler   stm32g0xx_it.o
    0x080041fc   0x080041fc   0x00000002   Code   RO          112    .text.PendSV_Handler  stm32g0xx_it.o
    0x080041fe   0x080041fe   0x00000020   Code   RO          159    .text.RTC_Bcd2ToByte  stm32g0xx_hal_rtc.o
    0x0800421e   0x0800421e   0x0000003c   Code   RO          155    .text.RTC_ByteToBcd2  stm32g0xx_hal_rtc.o
    0x0800425a   0x0800425a   0x00000002   PAD
    0x0800425c   0x0800425c   0x00000088   Code   RO          145    .text.RTC_EnterInitMode  stm32g0xx_hal_rtc.o
    0x080042e4   0x080042e4   0x00000080   Code   RO          147    .text.RTC_ExitInitMode  stm32g0xx_hal_rtc.o
    0x08004364   0x08004364   0x00000002   Code   RO          110    .text.SVC_Handler   stm32g0xx_it.o
    0x08004366   0x08004366   0x00000002   PAD
    0x08004368   0x08004368   0x00000050   Code   RO          579    .text.SysTick_Config  stm32g0xx_hal_cortex.o
    0x080043b8   0x080043b8   0x00000008   Code   RO          114    .text.SysTick_Handler  stm32g0xx_it.o
    0x080043c0   0x080043c0   0x00000280   Code   RO         1306    .text.Sys_Update_State_2_UI  sys.o
    0x08004640   0x08004640   0x000000aa   Code   RO           21    .text.SystemClock_Config  main.o
    0x080046ea   0x080046ea   0x00000002   PAD
    0x080046ec   0x080046ec   0x00000010   Code   RO         1251    .text.SystemInit    system_stm32g0xx.o
    0x080046fc   0x080046fc   0x00000068   Code   RO          118    .text.TIM14_IRQHandler  stm32g0xx_it.o
    0x08004764   0x08004764   0x0000003c   Code   RO          120    .text.TIM17_IRQHandler  stm32g0xx_it.o
    0x080047a0   0x080047a0   0x000000a8   Code   RO          116    .text.TIM1_CC_IRQHandler  stm32g0xx_it.o
    0x08004848   0x08004848   0x000000dc   Code   RO          713    .text.TIM_Base_SetConfig  stm32g0xx_hal_tim.o
    0x08004924   0x08004924   0x00000032   Code   RO          747    .text.TIM_CCxChannelCmd  stm32g0xx_hal_tim.o
    0x08004956   0x08004956   0x00000036   Code   RO          903    .text.TIM_ETR_SetConfig  stm32g0xx_hal_tim.o
    0x0800498c   0x0800498c   0x00000030   Code   RO          909    .text.TIM_ITRx_SetConfig  stm32g0xx_hal_tim.o
    0x080049bc   0x080049bc   0x000000ec   Code   RO          857    .text.TIM_OC1_SetConfig  stm32g0xx_hal_tim.o
    0x08004aa8   0x08004aa8   0x00000114   Code   RO          859    .text.TIM_OC2_SetConfig  stm32g0xx_hal_tim.o
    0x08004bbc   0x08004bbc   0x00000118   Code   RO          861    .text.TIM_OC3_SetConfig  stm32g0xx_hal_tim.o
    0x08004cd4   0x08004cd4   0x000000bc   Code   RO          863    .text.TIM_OC4_SetConfig  stm32g0xx_hal_tim.o
    0x08004d90   0x08004d90   0x000000ac   Code   RO          865    .text.TIM_OC5_SetConfig  stm32g0xx_hal_tim.o
    0x08004e3c   0x08004e3c   0x000000b0   Code   RO          867    .text.TIM_OC6_SetConfig  stm32g0xx_hal_tim.o
    0x08004eec   0x08004eec   0x00000050   Code   RO          907    .text.TIM_TI1_ConfigInputStage  stm32g0xx_hal_tim.o
    0x08004f3c   0x08004f3c   0x000000a0   Code   RO          871    .text.TIM_TI1_SetConfig  stm32g0xx_hal_tim.o
    0x08004fdc   0x08004fdc   0x00000054   Code   RO          911    .text.TIM_TI2_ConfigInputStage  stm32g0xx_hal_tim.o
    0x08005030   0x08005030   0x0000006e   Code   RO          873    .text.TIM_TI2_SetConfig  stm32g0xx_hal_tim.o
    0x0800509e   0x0800509e   0x0000006c   Code   RO          875    .text.TIM_TI3_SetConfig  stm32g0xx_hal_tim.o
    0x0800510a   0x0800510a   0x00000072   Code   RO          877    .text.TIM_TI4_SetConfig  stm32g0xx_hal_tim.o
    0x0800517c   0x0800517c   0x0000015a   Code   RO         1067    .text.UART_AdvFeatureConfig  stm32g0xx_hal_uart.o
    0x080052d6   0x080052d6   0x00000002   PAD
    0x080052d8   0x080052d8   0x000000a8   Code   RO         1069    .text.UART_CheckIdleState  stm32g0xx_hal_uart.o
    0x08005380   0x08005380   0x000002d8   Code   RO         1065    .text.UART_SetConfig  stm32g0xx_hal_uart.o
    0x08005658   0x08005658   0x0000010c   Code   RO         1083    .text.UART_WaitOnFlagUntilTimeout  stm32g0xx_hal_uart.o
    0x08005764   0x08005764   0x0000002c   Code   RO         1405    .text.UI_Constant_Text_Show  ui.o
    0x08005790   0x08005790   0x00000050   Code   RO         1403    .text.UI_Init       ui.o
    0x080057e0   0x080057e0   0x00000264   Code   RO         1407    .text.UI_Scan       ui.o
    0x08005a44   0x08005a44   0x00000238   Code   RO         1409    .text.UI_SendMessage  ui.o
    0x08005c7c   0x08005c7c   0x0000005c   Code   RO         1304    .text.UserPIDInit   sys.o
    0x08005cd8   0x08005cd8   0x00000034   Code   RO           11    .text.User_KeyInit  main.o
    0x08005d0c   0x08005d0c   0x00000044   Code   RO         1342    .text.WriteCmdtoHT1621  ht1621.o
    0x08005d50   0x08005d50   0x00000080   Code   RO         1338    .text.WriteDatatoHT1621  ht1621.o
    0x08005dd0   0x08005dd0   0x00000050   Code   RO         1340    .text.WritetoHT1621  ht1621.o
    0x08005e20   0x08005e20   0x0000002c   Code   RO          567    .text.__NVIC_EnableIRQ  stm32g0xx_hal_cortex.o
    0x08005e4c   0x08005e4c   0x00000088   Code   RO          563    .text.__NVIC_SetPriority  stm32g0xx_hal_cortex.o
    0x08005ed4   0x08005ed4   0x000000dc   Code   RO         1438    .text.enableKey_GPIO_CLK  key.o
    0x08005fb0   0x08005fb0   0x00000014   Code   RO         1448    .text.isKeyFIFOEmpty  key.o
    0x08005fc4   0x08005fc4   0x0000008c   Code   RO           19    .text.main          main.o
    0x08006050   0x08006050   0x00000008   Code   RO           17    .text.oneMilliSecCallback  main.o
    0x08006058   0x08006058   0x0000000c   Code   RO         1302    .text.piddecayfun   sys.o
    0x08006064   0x08006064   0x0000000e   Code   RO         1629    i.__scatterload_copy  mc_p.l(handlers.o)
    0x08006072   0x08006072   0x00000002   Code   RO         1630    i.__scatterload_null  mc_p.l(handlers.o)
    0x08006074   0x08006074   0x0000000e   Code   RO         1631    i.__scatterload_zeroinit  mc_p.l(handlers.o)
    0x08006082   0x08006082   0x00000002   PAD
    0x08006084   0x08006084   0x00000040   Data   RO         1256    .rodata.AHBPrescTable  system_stm32g0xx.o
    0x080060c4   0x080060c4   0x00000020   Data   RO         1257    .rodata.APBPrescTable  system_stm32g0xx.o
    0x080060e4   0x080060e4   0x00000002   Data   RO         1393    .rodata.Area_Nixie_Mem_ID_table  ht1621.o
    0x080060e6   0x080060e6   0x00000002   Data   RO         1390    .rodata.Fodder_Nixie_Mem_ID_table  ht1621.o
    0x080060e8   0x080060e8   0x00000002   Data   RO         1391    .rodata.Interval_Nixie_Mem_ID_table  ht1621.o
    0x080060ea   0x080060ea   0x00000004   Data   RO         1388    .rodata.Minit_Nixie_Mem_ID_table  ht1621.o
    0x080060ee   0x080060ee   0x00000014   Data   RO         1385    .rodata.Nixie_Mem_ID_table  ht1621.o
    0x08006102   0x08006102   0x00000002   Data   RO         1392    .rodata.Output_Nixie_Mem_ID_table  ht1621.o
    0x08006104   0x08006104   0x00000018   Data   RO         1201    .rodata.UARTPrescTable  stm32g0xx_hal_uart.o
    0x0800611c   0x0800611c   0x00000040   Data   RO           23    .rodata.cst32       main.o
    0x0800615c   0x0800615c   0x0000000b   Data   RO         1383    .rodata.num_left_table  ht1621.o
    0x08006167   0x08006167   0x0000000a   Data   RO         1384    .rodata.num_right_table  ht1621.o
    0x08006171   0x08006171   0x00000003   PAD
    0x08006174   0x08006174   0x00000020   Data   RO         1628    Region$$Table       anon$$obj.o


    Execution Region RW_IRAM1 (Exec base: 0x20000000, Load base: 0x08006198, Size: 0x000009f8, Max: 0x00002000, ABSOLUTE, COMPRESSED[0x00000068])

    Exec Addr    Load Addr    Size         Type   Attr      Idx    E Section Name        Object

    0x20000000   COMPRESSED   0x00000001   Data   RW         1416    .data.BoxText_WigetState  ui.o
    0x20000001   COMPRESSED   0x00000001   Data   RW         1414    .data.CloseText_WigetState  ui.o
    0x20000002   COMPRESSED   0x00000001   Data   RW           33    .data.KeyDriver.key  main.o
    0x20000003   COMPRESSED   0x00000001   PAD
    0x20000004   COMPRESSED   0x00000004   Data   RW         1450    .data.MATRIX_KEY_READ_PIN_NUM  key.o
    0x20000008   COMPRESSED   0x00000004   Data   RW         1451    .data.MATRIX_KEY_SET_PIN_NUM  key.o
    0x2000000c   COMPRESSED   0x00000001   Data   RW         1415    .data.MinitDotTetx_WigetState  ui.o
    0x2000000d   COMPRESSED   0x00000001   Data   RW         1413    .data.OpenText_WigetState  ui.o
    0x2000000e   COMPRESSED   0x00000001   Data   RW         1412    .data.PeriodText_WigetState  ui.o
    0x2000000f   COMPRESSED   0x00000001   PAD
    0x20000010   COMPRESSED   0x00000004   Data   RW         1255    .data.SystemCoreClock  system_stm32g0xx.o
    0x20000014   COMPRESSED   0x00000004   Data   RW          124    .data.TIM14_IRQHandler.htim  stm32g0xx_it.o
    0x20000018   COMPRESSED   0x00000004   Data   RW          125    .data.TIM17_IRQHandler.htim  stm32g0xx_it.o
    0x2000001c   COMPRESSED   0x00000004   Data   RW          123    .data.TIM1_CC_IRQHandler.pluse_delay  stm32g0xx_it.o
    0x20000020   COMPRESSED   0x00000001   Data   RW         1411    .data.TimeText_WigetState  ui.o
    0x20000021   COMPRESSED   0x00000003   PAD
    0x20000024   COMPRESSED   0x00000010   Data   RW           29    .data.key_area_cnt  main.o
    0x20000034   COMPRESSED   0x00000010   Data   RW           26    .data.key_fodder_cnt  main.o
    0x20000044   COMPRESSED   0x00000010   Data   RW           27    .data.key_interval_cnt  main.o
    0x20000054   COMPRESSED   0x00000010   Data   RW           25    .data.key_mode_cnt  main.o
    0x20000064   COMPRESSED   0x00000010   Data   RW           28    .data.key_output_cnt  main.o
    0x20000074   COMPRESSED   0x00000010   Data   RW           31    .data.key_period_cnt  main.o
    0x20000084   COMPRESSED   0x00000010   Data   RW           30    .data.key_run_time_set_cnt  main.o
    0x20000094   COMPRESSED   0x00000010   Data   RW           32    .data.set_rtc_cnt   main.o
    0x200000a4   COMPRESSED   0x0000017c   Data   RW         1311    .data.sysState      sys.o
    0x20000220   COMPRESSED   0x00000001   Data   RW          675    .data.uwTickFreq    stm32g0xx_hal.o
    0x20000221   COMPRESSED   0x00000003   PAD
    0x20000224   COMPRESSED   0x00000004   Data   RW          674    .data.uwTickPrio    stm32g0xx_hal.o
    0x20000228        -       0x00000001   Zero   RW         1417    .bss.Clock_WigetState  ui.o
    0x20000229   COMPRESSED   0x00000003   PAD
    0x2000022c        -       0x00000040   Zero   RW         1310    .bss.FishPID        sys.o
    0x2000026c        -       0x00000004   Zero   RW         1265    .bss.Freq           measure.o
    0x20000270        -       0x00000020   Zero   RW         1453    .bss.KeyInPins      key.o
    0x20000290        -       0x00000100   Zero   RW         1455    .bss.KeyMat         key.o
    0x20000390        -       0x00000001   Zero   RW         1456    .bss.KeyScan.keyout  key.o
    0x20000391   COMPRESSED   0x00000003   PAD
    0x20000394        -       0x00000020   Zero   RW         1454    .bss.KeySetPins     key.o
    0x200003b4        -       0x00000004   Zero   RW          122    .bss.TIM1_CC_IRQHandler.count  stm32g0xx_it.o
    0x200003b8        -       0x00000004   Zero   RW         1420    .bss.UI_Scan.cnt    ui.o
    0x200003bc        -       0x00000001   Zero   RW         1452    .bss.enable_key_up_envent_flag  key.o
    0x200003bd   COMPRESSED   0x00000003   PAD
    0x200003c0        -       0x0000002c   Zero   RW           56    .bss.hrtc           rtc.o
    0x200003ec        -       0x0000004c   Zero   RW           80    .bss.htim1          tim.o
    0x20000438        -       0x0000004c   Zero   RW           82    .bss.htim14         tim.o
    0x20000484        -       0x0000004c   Zero   RW           84    .bss.htim17         tim.o
    0x200004d0        -       0x0000004c   Zero   RW           81    .bss.htim3          tim.o
    0x2000051c        -       0x00000090   Zero   RW           98    .bss.huart2         usart.o
    0x200005ac        -       0x00000020   Zero   RW         1382    .bss.lcd_mem        ht1621.o
    0x200005cc        -       0x0000000c   Zero   RW         1457    .bss.s_tKey         key.o
    0x200005d8        -       0x00000004   Zero   RW         1422    .bss.sdatestructureget  ui.o
    0x200005dc        -       0x00000014   Zero   RW         1421    .bss.stimestructureget  ui.o
    0x200005f0        -       0x00000001   Zero   RW         1492    .bss.timeSettingMode  timesetting.o
    0x200005f1   COMPRESSED   0x00000003   PAD
    0x200005f4        -       0x00000004   Zero   RW          676    .bss.uwTick         stm32g0xx_hal.o
    0x200005f8        -       0x00000400   Zero   RW            1    STACK               startup_stm32g030xx.o


==============================================================================

Image component sizes


      Code (inc. data)   RO Data    RW Data    ZI Data      Debug   Object Name

       178          0          0          0          0       1907   counter.o
       248         28          0          0          0       1951   gpio.o
      1140         40         53          0         32       5628   ht1621.o
      1728         72          0          8        334       6784   key.o
      1476        348         64        129          0       5892   main.o
         0          0          0          0          4        278   measure.o
       316          0          0          0          0       4299   pid.o
       240         20          0          0         44       3543   rtc.o
        28          8        192          0       1024        592   startup_stm32g030xx.o
       280         16          0          5          4       6464   stm32g0xx_hal.o
       326         24          0          0          0       6076   stm32g0xx_hal_cortex.o
       764         32          0          0          0       4350   stm32g0xx_hal_gpio.o
        56          4          0          0          0       1257   stm32g0xx_hal_msp.o
       124         12          0          0          0       3958   stm32g0xx_hal_pwr_ex.o
      2652        124          0          0          0       8700   stm32g0xx_hal_rcc.o
       552         16          0          0          0       5355   stm32g0xx_hal_rcc_ex.o
      1972         36          0          0          0       9929   stm32g0xx_hal_rtc.o
      6072        332          0          0          0      37298   stm32g0xx_hal_tim.o
       212          0          0          0          0      17719   stm32g0xx_hal_tim_ex.o
      1690        120         24          0          0      23532   stm32g0xx_hal_uart.o
       352         44          0         12          4       4908   stm32g0xx_it.o
       744         72          0        380         64       3482   sys.o
        16          4         96          4          0       2103   system_stm32g0xx.o
      1040         76          0          0        304       8399   tim.o
         0          0          0          0          1        926   timesetting.o
      1304        212          0          6         29       4919   ui.o
       196         20          0          0        144       5252   usart.o

    ----------------------------------------------------------------------
     23722       1660        464        552       2000     185501   Object Totals
         0          0         32          0          0          0   (incl. Generated)
        16          0          3          8         12          0   (incl. Padding)

    ----------------------------------------------------------------------

      Code (inc. data)   RO Data    RW Data    ZI Data      Debug   Library Member Name

        58          0          0          0          0          0   __dczerorl.o
         0          0          0          0          0          0   entry.o
         0          0          0          0          0          0   entry10a.o
         0          0          0          0          0          0   entry11a.o
         8          4          0          0          0          0   entry2.o
         4          0          0          0          0          0   entry5.o
         0          0          0          0          0          0   entry7b.o
         0          0          0          0          0          0   entry8b.o
         8          4          0          0          0          0   entry9a.o
        30          0          0          0          0          0   handlers.o
        36          8          0          0          0         68   init.o
         0          0          0          0          0          0   iusefp.o
        36          0          0          0          0        100   memseta.o
        62          0          0          0          0         72   uidiv_div0.o
       178          0          0          0          0        108   fadd.o
        28          0          0          0          0         60   fcmpgt.o
        28          0          0          0          0         60   fcmplt.o
       130          0          0          0          0        144   fepilogue.o
        50          0          0          0          0         60   ffixi.o
        14          0          0          0          0         68   ffltui.o
       122          0          0          0          0         72   fmul.o

    ----------------------------------------------------------------------
       794         16          0          0          0        812   Library Totals
         2          0          0          0          0          0   (incl. Padding)

    ----------------------------------------------------------------------

      Code (inc. data)   RO Data    RW Data    ZI Data      Debug   Library Name

       242         16          0          0          0        240   mc_p.l
       550          0          0          0          0        572   mf_p.l

    ----------------------------------------------------------------------
       794         16          0          0          0        812   Library Totals

    ----------------------------------------------------------------------

==============================================================================


      Code (inc. data)   RO Data    RW Data    ZI Data      Debug   

     24516       1676        464        552       2000     185813   Grand Totals
     24516       1676        464        104       2000     185813   ELF Image Totals (compressed)
     24516       1676        464        104          0          0   ROM Totals

==============================================================================

    Total RO  Size (Code + RO Data)                24980 (  24.39kB)
    Total RW  Size (RW Data + ZI Data)              2552 (   2.49kB)
    Total ROM Size (Code + RO Data + RW Data)      25084 (  24.50kB)

==============================================================================

