Component: ARM Compiler 6.16 Tool: armlink [5dfeaa00]

==============================================================================

Section Cross References

    startup_stm32g030xx.o(RESET) refers to startup_stm32g030xx.o(STACK) for __initial_sp
    startup_stm32g030xx.o(RESET) refers to startup_stm32g030xx.o(.text) for Reset_Handler
    startup_stm32g030xx.o(RESET) refers to stm32g0xx_it.o(.text.NMI_Handler) for NMI_Handler
    startup_stm32g030xx.o(RESET) refers to stm32g0xx_it.o(.text.HardFault_Handler) for HardFault_Handler
    startup_stm32g030xx.o(RESET) refers to stm32g0xx_it.o(.text.SVC_Handler) for SVC_Handler
    startup_stm32g030xx.o(RESET) refers to stm32g0xx_it.o(.text.PendSV_Handler) for PendSV_Handler
    startup_stm32g030xx.o(RESET) refers to stm32g0xx_it.o(.text.SysTick_Handler) for SysTick_Handler
    startup_stm32g030xx.o(RESET) refers to stm32g0xx_it.o(.text.TIM1_CC_IRQHandler) for TIM1_CC_IRQHandler
    startup_stm32g030xx.o(RESET) refers to stm32g0xx_it.o(.text.TIM14_IRQHandler) for TIM14_IRQHandler
    startup_stm32g030xx.o(RESET) refers to stm32g0xx_it.o(.text.TIM17_IRQHandler) for TIM17_IRQHandler
    startup_stm32g030xx.o(.text) refers to system_stm32g0xx.o(.text.SystemInit) for SystemInit
    startup_stm32g030xx.o(.text) refers to entry.o(.ARM.Collect$$$$00000000) for __main
    main.o(.text.User_KeyInit) refers to key.o(.text.KeyInit) for KeyInit
    main.o(.text.User_KeyInit) refers to main.o(.rodata.cst32) for [Anonymous Symbol]
    main.o(.ARM.exidx.text.User_KeyInit) refers to main.o(.text.User_KeyInit) for [Anonymous Symbol]
    main.o(.text.KeyDriver) refers to key.o(.text.isKeyFIFOEmpty) for isKeyFIFOEmpty
    main.o(.text.KeyDriver) refers to key.o(.text.Key_FIFO_Get) for Key_FIFO_Get
    main.o(.text.KeyDriver) refers to counter.o(.text.Counter_increment) for Counter_increment
    main.o(.text.KeyDriver) refers to ui.o(.text.UI_SendMessage) for UI_SendMessage
    main.o(.text.KeyDriver) refers to counter.o(.text.Counter_decrement) for Counter_decrement
    main.o(.text.KeyDriver) refers to main.o(.data.KeyDriver.key) for [Anonymous Symbol]
    main.o(.text.KeyDriver) refers to main.o(.data.KeyDriver.key_mode_cnt) for [Anonymous Symbol]
    main.o(.text.KeyDriver) refers to sys.o(.data.sysState) for sysState
    main.o(.text.KeyDriver) refers to main.o(.data.KeyDriver.key_fodder_cnt) for [Anonymous Symbol]
    main.o(.text.KeyDriver) refers to main.o(.data.KeyDriver.key_calitime_cnt) for [Anonymous Symbol]
    main.o(.ARM.exidx.text.KeyDriver) refers to main.o(.text.KeyDriver) for [Anonymous Symbol]
    main.o(.text.oneMilliSecCallback) refers to key.o(.text.KeyScan) for KeyScan
    main.o(.ARM.exidx.text.oneMilliSecCallback) refers to main.o(.text.oneMilliSecCallback) for [Anonymous Symbol]
    main.o(.text.main) refers to stm32g0xx_hal.o(.text.HAL_Init) for HAL_Init
    main.o(.text.main) refers to main.o(.text.SystemClock_Config) for SystemClock_Config
    main.o(.text.main) refers to gpio.o(.text.MX_GPIO_Init) for MX_GPIO_Init
    main.o(.text.main) refers to rtc.o(.text.MX_RTC_Init) for MX_RTC_Init
    main.o(.text.main) refers to tim.o(.text.MX_TIM1_Init) for MX_TIM1_Init
    main.o(.text.main) refers to tim.o(.text.MX_TIM3_Init) for MX_TIM3_Init
    main.o(.text.main) refers to usart.o(.text.MX_USART2_UART_Init) for MX_USART2_UART_Init
    main.o(.text.main) refers to tim.o(.text.MX_TIM14_Init) for MX_TIM14_Init
    main.o(.text.main) refers to ui.o(.text.UI_Init) for UI_Init
    main.o(.text.main) refers to main.o(.text.User_KeyInit) for User_KeyInit
    main.o(.text.main) refers to sys.o(.text.UserPIDInit) for UserPIDInit
    main.o(.text.main) refers to stm32g0xx_hal_tim.o(.text.HAL_TIM_IC_Start_IT) for HAL_TIM_IC_Start_IT
    main.o(.text.main) refers to stm32g0xx_hal_tim.o(.text.HAL_TIM_PWM_Start_IT) for HAL_TIM_PWM_Start_IT
    main.o(.text.main) refers to stm32g0xx_hal_tim.o(.text.HAL_TIM_Base_Start) for HAL_TIM_Base_Start
    main.o(.text.main) refers to stm32g0xx_hal_tim.o(.text.HAL_TIM_Base_Start_IT) for HAL_TIM_Base_Start_IT
    main.o(.text.main) refers to key.o(.text.KeyScan) for KeyScan
    main.o(.text.main) refers to ui.o(.text.UI_Scan) for UI_Scan
    main.o(.text.main) refers to main.o(.text.KeyDriver) for KeyDriver
    main.o(.text.main) refers to stm32g0xx_hal.o(.text.HAL_Delay) for HAL_Delay
    main.o(.text.main) refers to tim.o(.bss.htim1) for htim1
    main.o(.text.main) refers to tim.o(.bss.htim14) for htim14
    main.o(.text.main) refers to tim.o(.bss.htim17) for htim17
    main.o(.ARM.exidx.text.main) refers to main.o(.text.main) for [Anonymous Symbol]
    main.o(.text.SystemClock_Config) refers to memseta.o(.text) for __aeabi_memclr4
    main.o(.text.SystemClock_Config) refers to stm32g0xx_hal_pwr_ex.o(.text.HAL_PWREx_ControlVoltageScaling) for HAL_PWREx_ControlVoltageScaling
    main.o(.text.SystemClock_Config) refers to stm32g0xx_hal_rcc.o(.text.HAL_RCC_OscConfig) for HAL_RCC_OscConfig
[...]
    __arm_cp.0_2                             0x08000734   Number         4  stm32g0xx_hal_gpio.o(.text.HAL_GPIO_Init)
    __arm_cp.0_3                             0x08000738   Number         4  stm32g0xx_hal_gpio.o(.text.HAL_GPIO_Init)
    __arm_cp.0_4                             0x0800073c   Number         4  stm32g0xx_hal_gpio.o(.text.HAL_GPIO_Init)
    __arm_cp.0_5                             0x08000740   Number         4  stm32g0xx_hal_gpio.o(.text.HAL_GPIO_Init)
    __arm_cp.0_6                             0x08000744   Number         4  stm32g0xx_hal_gpio.o(.text.HAL_GPIO_Init)
    __arm_cp.0_7                             0x08000748   Number         4  stm32g0xx_hal_gpio.o(.text.HAL_GPIO_Init)
    [Anonymous Symbol]                       0x0800074c   Section        0  stm32g0xx_hal_gpio.o(.text.HAL_GPIO_WritePin)
    [Anonymous Symbol]                       0x08000778   Section        0  stm32g0xx_hal.o(.text.HAL_GetTick)
    [Anonymous Symbol]                       0x08000780   Section        0  stm32g0xx_hal.o(.text.HAL_IncTick)
    __arm_cp.5_1                             0x08000790   Number         4  stm32g0xx_hal.o(.text.HAL_IncTick)
    [Anonymous Symbol]                       0x08000794   Section        0  stm32g0xx_hal.o(.text.HAL_Init)
    __arm_cp.0_0                             0x080007cc   Number         4  stm32g0xx_hal.o(.text.HAL_Init)
    [Anonymous Symbol]                       0x080007d0   Section        0  stm32g0xx_hal.o(.text.HAL_InitTick)
    __arm_cp.1_0                             0x08000848   Number         4  stm32g0xx_hal.o(.text.HAL_InitTick)
    __arm_cp.1_2                             0x0800084c   Number         4  stm32g0xx_hal.o(.text.HAL_InitTick)
    [Anonymous Symbol]                       0x08000850   Section        0  stm32g0xx_hal_msp.o(.text.HAL_MspInit)
    __arm_cp.0_0                             0x08000884   Number         4  stm32g0xx_hal_msp.o(.text.HAL_MspInit)
    [Anonymous Symbol]                       0x08000888   Section        0  stm32g0xx_hal_cortex.o(.text.HAL_NVIC_EnableIRQ)
    [Anonymous Symbol]                       0x0800089e   Section        0  stm32g0xx_hal_cortex.o(.text.HAL_NVIC_SetPriority)
    [Anonymous Symbol]                       0x080008bc   Section        0  stm32g0xx_hal_pwr_ex.o(.text.HAL_PWREx_ControlVoltageScaling)
    __arm_cp.13_1                            0x0800092c   Number         4  stm32g0xx_hal_pwr_ex.o(.text.HAL_PWREx_ControlVoltageScaling)
    __arm_cp.13_2                            0x08000930   Number         4  stm32g0xx_hal_pwr_ex.o(.text.HAL_PWREx_ControlVoltageScaling)
    __arm_cp.13_3                            0x08000934   Number         4  stm32g0xx_hal_pwr_ex.o(.text.HAL_PWREx_ControlVoltageScaling)
    [Anonymous Symbol]                       0x08000938   Section        0  stm32g0xx_hal_rcc_ex.o(.text.HAL_RCCEx_PeriphCLKConfig)
    __arm_cp.0_0                             0x08000b50   Number         4  stm32g0xx_hal_rcc_ex.o(.text.HAL_RCCEx_PeriphCLKConfig)
    __arm_cp.0_1                             0x08000b54   Number         4  stm32g0xx_hal_rcc_ex.o(.text.HAL_RCCEx_PeriphCLKConfig)
    __arm_cp.0_4                             0x08000b58   Number         4  stm32g0xx_hal_rcc_ex.o(.text.HAL_RCCEx_PeriphCLKConfig)
    __arm_cp.0_5                             0x08000b5c   Number         4  stm32g0xx_hal_rcc_ex.o(.text.HAL_RCCEx_PeriphCLKConfig)
    [Anonymous Symbol]                       0x08000b60   Section        0  stm32g0xx_hal_rcc.o(.text.HAL_RCC_ClockConfig)
    __arm_cp.2_0                             0x08000d9c   Number         4  stm32g0xx_hal_rcc.o(.text.HAL_RCC_ClockConfig)
    __arm_cp.2_2                             0x08000da0   Number         4  stm32g0xx_hal_rcc.o(.text.HAL_RCC_ClockConfig)
    __arm_cp.2_3                             0x08000da4   Number         4  stm32g0xx_hal_rcc.o(.text.HAL_RCC_ClockConfig)
    __arm_cp.2_5                             0x08000da8   Number         4  stm32g0xx_hal_rcc.o(.text.HAL_RCC_ClockConfig)
    __arm_cp.2_7                             0x08000dac   Number         4  stm32g0xx_hal_rcc.o(.text.HAL_RCC_ClockConfig)
    __arm_cp.2_8                             0x08000db0   Number         4  stm32g0xx_hal_rcc.o(.text.HAL_RCC_ClockConfig)
    [Anonymous Symbol]                       0x08000db4   Section        0  stm32g0xx_hal_rcc.o(.text.HAL_RCC_GetHCLKFreq)
    __arm_cp.5_0                             0x08000dbc   Number         4  stm32g0xx_hal_rcc.o(.text.HAL_RCC_GetHCLKFreq)
    [Anonymous Symbol]                       0x08000dc0   Section        0  stm32g0xx_hal_rcc.o(.text.HAL_RCC_GetPCLK1Freq)
    __arm_cp.6_0                             0x08000de4   Number         4  stm32g0xx_hal_rcc.o(.text.HAL_RCC_GetPCLK1Freq)
    [Anonymous Symbol]                       0x08000de8   Section        0  stm32g0xx_hal_rcc.o(.text.HAL_RCC_GetSysClockFreq)
    __arm_cp.3_0                             0x08000ef4   Number         4  stm32g0xx_hal_rcc.o(.text.HAL_RCC_GetSysClockFreq)
    __arm_cp.3_1                             0x08000ef8   Number         4  stm32g0xx_hal_rcc.o(.text.HAL_RCC_GetSysClockFreq)
    __arm_cp.3_2                             0x08000efc   Number         4  stm32g0xx_hal_rcc.o(.text.HAL_RCC_GetSysClockFreq)
    __arm_cp.3_3                             0x08000f00   Number         4  stm32g0xx_hal_rcc.o(.text.HAL_RCC_GetSysClockFreq)
    __arm_cp.3_4                             0x08000f04   Number         4  stm32g0xx_hal_rcc.o(.text.HAL_RCC_GetSysClockFreq)
    [Anonymous Symbol]                       0x08000f08   Section        0  stm32g0xx_hal_rcc.o(.text.HAL_RCC_OscConfig)
    __arm_cp.1_17                            0x0800133c   Number         4  stm32g0xx_hal_rcc.o(.text.HAL_RCC_OscConfig)
    __arm_cp.1_18                            0x08001340   Number         4  stm32g0xx_hal_rcc.o(.text.HAL_RCC_OscConfig)
    __arm_cp.1_19                            0x08001344   Number         4  stm32g0xx_hal_rcc.o(.text.HAL_RCC_OscConfig)
    __arm_cp.1_20                            0x08001348   Number         4  stm32g0xx_hal_rcc.o(.text.HAL_RCC_OscConfig)
    __arm_cp.1_0                             0x08001584   Number         4  stm32g0xx_hal_rcc.o(.text.HAL_RCC_OscConfig)
    __arm_cp.1_1                             0x08001588   Number         4  stm32g0xx_hal_rcc.o(.text.HAL_RCC_OscConfig)
    __arm_cp.1_2                             0x0800158c   Number         4  stm32g0xx_hal_rcc.o(.text.HAL_RCC_OscConfig)
    __arm_cp.1_7                             0x08001590   Number         4  stm32g0xx_hal_rcc.o(.text.HAL_RCC_OscConfig)
    __arm_cp.1_8                             0x08001594   Number         4  stm32g0xx_hal_rcc.o(.text.HAL_RCC_OscConfig)
    __arm_cp.1_9                             0x08001598   Number         4  stm32g0xx_hal_rcc.o(.text.HAL_RCC_OscConfig)
    __arm_cp.1_10                            0x0800159c   Number         4  stm32g0xx_hal_rcc.o(.text.HAL_RCC_OscConfig)
    __arm_cp.1_11                            0x080015a0   Number         4  stm32g0xx_hal_rcc.o(.text.HAL_RCC_OscConfig)
    __arm_cp.1_12                            0x080015a4   Number         4  stm32g0xx_hal_rcc.o(.text.HAL_RCC_OscConfig)
    __arm_cp.1_13                            0x080015a8   Number         4  stm32g0xx_hal_rcc.o(.text.HAL_RCC_OscConfig)
    [Anonymous Symbol]                       0x080015ac   Section        0  stm32g0xx_hal_rtc.o(.text.HAL_RTC_GetDate)
    __arm_cp.11_0                            0x08001620   Number         4  stm32g0xx_hal_rtc.o(.text.HAL_RTC_GetDate)
    [Anonymous Symbol]                       0x08001624   Section        0  stm32g0xx_hal_rtc.o(.text.HAL_RTC_GetTime)
    __arm_cp.8_0                             0x080016b8   Number         4  stm32g0xx_hal_rtc.o(.text.HAL_RTC_GetTime)
    __arm_cp.8_1                             0x080016bc   Number         4  stm32g0xx_hal_rtc.o(.text.HAL_RTC_GetTime)
    [Anonymous Symbol]                       0x080016c0   Section        0  stm32g0xx_hal_rtc.o(.text.HAL_RTC_Init)
    __arm_cp.0_0                             0x080017c4   Number         4  stm32g0xx_hal_rtc.o(.text.HAL_RTC_Init)
    [Anonymous Symbol]                       0x080017c8   Section        0  rtc.o(.text.HAL_RTC_MspInit)
    __arm_cp.1_0                             0x08001804   Number         4  rtc.o(.text.HAL_RTC_MspInit)
    __arm_cp.1_1                             0x08001808   Number         4  rtc.o(.text.HAL_RTC_MspInit)
    __arm_cp.1_2                             0x0800180c   Number         4  rtc.o(.text.HAL_RTC_MspInit)
    [Anonymous Symbol]                       0x08001810   Section        0  stm32g0xx_hal_rtc.o(.text.HAL_RTC_SetAlarm)
    [Anonymous Symbol]                       0x08001a8c   Section        0  stm32g0xx_hal_rtc.o(.text.HAL_RTC_WaitForSynchro)
    __arm_cp.19_0                            0x08001ae0   Number         4  stm32g0xx_hal_rtc.o(.text.HAL_RTC_WaitForSynchro)
    [Anonymous Symbol]                       0x08001ae4   Section        0  stm32g0xx_hal_cortex.o(.text.HAL_SYSTICK_Config)
    [Anonymous Symbol]                       0x08001af4   Section        0  stm32g0xx_hal_tim_ex.o(.text.HAL_TIMEx_MasterConfigSynchronization)
    [Anonymous Symbol]                       0x08001bc8   Section        0  stm32g0xx_hal_tim.o(.text.HAL_TIM_Base_Init)
    [Anonymous Symbol]                       0x08001c74   Section        0  tim.o(.text.HAL_TIM_Base_MspInit)
    __arm_cp.6_2                             0x08001dd8   Number         4  tim.o(.text.HAL_TIM_Base_MspInit)
    __arm_cp.6_3                             0x08001ddc   Number         4  tim.o(.text.HAL_TIM_Base_MspInit)
    __arm_cp.6_4                             0x08001de0   Number         4  tim.o(.text.HAL_TIM_Base_MspInit)
    __arm_cp.6_5                             0x08001de4   Number         4  tim.o(.text.HAL_TIM_Base_MspInit)
    __arm_cp.6_6                             0x08001de8   Number         4  tim.o(.text.HAL_TIM_Base_MspInit)
    __arm_cp.6_7                             0x08001dec   Number         4  tim.o(.text.HAL_TIM_Base_MspInit)
    [Anonymous Symbol]                       0x08001df0   Section        0  stm32g0xx_hal_tim.o(.text.HAL_TIM_Base_Start)
    [Anonymous Symbol]                       0x08001e78   Section        0  stm32g0xx_hal_tim.o(.text.HAL_TIM_Base_Start_IT)
    __arm_cp.7_0                             0x08001f0c   Number         4  stm32g0xx_hal_tim.o(.text.HAL_TIM_Base_Start_IT)
    __arm_cp.7_1                             0x08001f10   Number         4  stm32g0xx_hal_tim.o(.text.HAL_TIM_Base_Start_IT)
    __arm_cp.7_2                             0x08001f14   Number         4  stm32g0xx_hal_tim.o(.text.HAL_TIM_Base_Start_IT)
    [Anonymous Symbol]                       0x08001f18   Section        0  stm32g0xx_hal_tim.o(.text.HAL_TIM_ConfigClockSource)
    __arm_cp.98_0                            0x08002098   Number         4  stm32g0xx_hal_tim.o(.text.HAL_TIM_ConfigClockSource)
    [Anonymous Symbol]                       0x0800209c   Section        0  stm32g0xx_hal_tim.o(.text.HAL_TIM_IC_ConfigChannel)
    [Anonymous Symbol]                       0x080021b8   Section        0  stm32g0xx_hal_tim.o(.text.HAL_TIM_IC_Init)
    [Anonymous Symbol]                       0x08002262   Section        0  stm32g0xx_hal_tim.o(.text.HAL_TIM_IC_MspInit)
    [Anonymous Symbol]                       0x0800226c   Section        0  stm32g0xx_hal_tim.o(.text.HAL_TIM_IC_Start_IT)
    __arm_cp.43_2                            0x0800252c   Number         4  stm32g0xx_hal_tim.o(.text.HAL_TIM_IC_Start_IT)
    [Anonymous Symbol]                       0x08002530   Section        0  tim.o(.text.HAL_TIM_MspPostInit)
    __arm_cp.2_0                             0x08002584   Number         4  tim.o(.text.HAL_TIM_MspPostInit)
    __arm_cp.2_1                             0x08002588   Number         4  tim.o(.text.HAL_TIM_MspPostInit)
    __arm_cp.2_2                             0x0800258c   Number         4  tim.o(.text.HAL_TIM_MspPostInit)
    [Anonymous Symbol]                       0x08002590   Section        0  stm32g0xx_hal_tim.o(.text.HAL_TIM_OnePulse_Init)
    [Anonymous Symbol]                       0x08002624   Section        0  stm32g0xx_hal_tim.o(.text.HAL_TIM_OnePulse_MspInit)
    [Anonymous Symbol]                       0x0800262c   Section        0  stm32g0xx_hal_tim.o(.text.HAL_TIM_OnePulse_Start)
    __arm_cp.53_0                            0x08002718   Number         4  stm32g0xx_hal_tim.o(.text.HAL_TIM_OnePulse_Start)
    __arm_cp.53_1                            0x0800271c   Number         4  stm32g0xx_hal_tim.o(.text.HAL_TIM_OnePulse_Start)
    __arm_cp.53_2                            0x08002720   Number         4  stm32g0xx_hal_tim.o(.text.HAL_TIM_OnePulse_Start)
    [Anonymous Symbol]                       0x08002724   Section        0  stm32g0xx_hal_tim.o(.text.HAL_TIM_PWM_ConfigChannel)
    [Anonymous Symbol]                       0x0800290e   Section        0  stm32g0xx_hal_tim.o(.text.HAL_TIM_PWM_Init)
    [Anonymous Symbol]                       0x080029b8   Section        0  stm32g0xx_hal_tim.o(.text.HAL_TIM_PWM_MspInit)
    [Anonymous Symbol]                       0x080029c0   Section        0  stm32g0xx_hal_tim.o(.text.HAL_TIM_PWM_Start_IT)
    __arm_cp.33_0                            0x08002c18   Number         4  stm32g0xx_hal_tim.o(.text.HAL_TIM_PWM_Start_IT)
    __arm_cp.33_1                            0x08002c1c   Number         4  stm32g0xx_hal_tim.o(.text.HAL_TIM_PWM_Start_IT)
    __arm_cp.33_2                            0x08002c20   Number         4  stm32g0xx_hal_tim.o(.text.HAL_TIM_PWM_Start_IT)
    __arm_cp.33_3                            0x08002c24   Number         4  stm32g0xx_hal_tim.o(.text.HAL_TIM_PWM_Start_IT)
    __arm_cp.33_4                            0x08002c28   Number         4  stm32g0xx_hal_tim.o(.text.HAL_TIM_PWM_Start_IT)
    [Anonymous Symbol]                       0x08002c2c   Section        0  stm32g0xx_hal_uart.o(.text.HAL_UART_Init)
    [Anonymous Symbol]                       0x08002ce0   Section        0  usart.o(.text.HAL_UART_MspInit)
    __arm_cp.1_0                             0x08002d50   Number         4  usart.o(.text.HAL_UART_MspInit)
    __arm_cp.1_1                             0x08002d54   Number         4  usart.o(.text.HAL_UART_MspInit)
    __arm_cp.1_2                             0x08002d58   Number         4  usart.o(.text.HAL_UART_MspInit)
    [Anonymous Symbol]                       0x08002d5c   Section        0  ht1621.o(.text.HT1621Init)
    __arm_cp.3_0                             0x08002dc4   Number         4  ht1621.o(.text.HT1621Init)
    [Anonymous Symbol]                       0x08002dc8   Section        0  stm32g0xx_it.o(.text.HardFault_Handler)
    [Anonymous Symbol]                       0x08002dcc   Section        0  pid.o(.text.IncPIDCalcDeltaAutoDecay)
    [Anonymous Symbol]                       0x08002ebe   Section        0  pid.o(.text.IncPIDInit)
    [Anonymous Symbol]                       0x08002f08   Section        0  main.o(.text.KeyDriver)
    __arm_cp.1_0                             0x08003094   Number         4  main.o(.text.KeyDriver)
    __arm_cp.1_1                             0x08003098   Number         4  main.o(.text.KeyDriver)
    __arm_cp.1_2                             0x0800309c   Number         4  main.o(.text.KeyDriver)
    __arm_cp.1_3                             0x080030a0   Number         4  main.o(.text.KeyDriver)
    __arm_cp.1_4                             0x080030a4   Number         4  main.o(.text.KeyDriver)
    [Anonymous Symbol]                       0x080030a8   Section        0  key.o(.text.KeyGPIOConfig)
    [Anonymous Symbol]                       0x08003184   Section        0  key.o(.text.KeyInit)
    __arm_cp.2_0                             0x08003274   Number         4  key.o(.text.KeyInit)
    __arm_cp.2_1                             0x08003278   Number         4  key.o(.text.KeyInit)
    __arm_cp.2_2                             0x0800327c   Number         4  key.o(.text.KeyInit)
    __arm_cp.2_3                             0x08003280   Number         4  key.o(.text.KeyInit)
    __arm_cp.2_4                             0x08003284   Number         4  key.o(.text.KeyInit)
    [Anonymous Symbol]                       0x08003288   Section        0  key.o(.text.KeyPinRead)
    [Anonymous Symbol]                       0x080032a0   Section        0  key.o(.text.KeyPinSet)
    [Anonymous Symbol]                       0x080032c8   Section        0  key.o(.text.KeyScan)
    __arm_cp.5_0                             0x08003600   Number         4  key.o(.text.KeyScan)
    __arm_cp.5_1                             0x08003604   Number         4  key.o(.text.KeyScan)
    __arm_cp.5_2                             0x08003608   Number         4  key.o(.text.KeyScan)
    __arm_cp.5_3                             0x0800360c   Number         4  key.o(.text.KeyScan)
    __arm_cp.5_4                             0x08003610   Number         4  key.o(.text.KeyScan)
    __arm_cp.5_5                             0x08003614   Number         4  key.o(.text.KeyScan)
    __arm_cp.5_6                             0x08003618   Number         4  key.o(.text.KeyScan)
    [Anonymous Symbol]                       0x0800361c   Section        0  key.o(.text.Key_FIFO_Get)
    [Anonymous Symbol]                       0x0800365c   Section        0  key.o(.text.Key_FIFO_Put)
    __arm_cp.6_0                             0x08003684   Number         4  key.o(.text.Key_FIFO_Put)
    LL_RCC_GetAPB1Prescaler                  0x08003689   Thumb Code    12  stm32g0xx_hal_rcc.o(.text.LL_RCC_GetAPB1Prescaler)
    [Anonymous Symbol]                       0x08003688   Section        0  stm32g0xx_hal_rcc.o(.text.LL_RCC_GetAPB1Prescaler)
    __arm_cp.7_0                             0x08003694   Number         4  stm32g0xx_hal_rcc.o(.text.LL_RCC_GetAPB1Prescaler)
    [Anonymous Symbol]                       0x08003698   Section        0  ht1621.o(.text.Lcd_10Nixie_ShowNum)
    [Anonymous Symbol]                       0x08003718   Section        0  ht1621.o(.text.Lcd_8Nixie_ShowNum)
    __arm_cp.7_0                             0x08003798   Number         4  ht1621.o(.text.Lcd_8Nixie_ShowNum)
    __arm_cp.7_1                             0x0800379c   Number         4  ht1621.o(.text.Lcd_8Nixie_ShowNum)
    __arm_cp.7_3                             0x080037a0   Number         4  ht1621.o(.text.Lcd_8Nixie_ShowNum)
    [Anonymous Symbol]                       0x080037a4   Section        0  ht1621.o(.text.Lcd_Area_Nixie_Show)
    __arm_cp.18_0                            0x080037bc   Number         4  ht1621.o(.text.Lcd_Area_Nixie_Show)
    [Anonymous Symbol]                       0x080037c0   Section        0  ht1621.o(.text.Lcd_Clock_Show)
    [Anonymous Symbol]                       0x0800381a   Section        0  ht1621.o(.text.Lcd_Clock_Show_None)
    [Anonymous Symbol]                       0x08003844   Section        0  ht1621.o(.text.Lcd_Fodder_Nixie_Show)
    __arm_cp.15_0                            0x0800385c   Number         4  ht1621.o(.text.Lcd_Fodder_Nixie_Show)
    [Anonymous Symbol]                       0x08003860   Section        0  ht1621.o(.text.Lcd_Interval_Nixie_Show)
    __arm_cp.16_0                            0x08003878   Number         4  ht1621.o(.text.Lcd_Interval_Nixie_Show)
    [Anonymous Symbol]                       0x0800387c   Section        0  ht1621.o(.text.Lcd_Output_Nixie_Show)
    __arm_cp.17_0                            0x08003894   Number         4  ht1621.o(.text.Lcd_Output_Nixie_Show)
    [Anonymous Symbol]                       0x08003898   Section        0  ht1621.o(.text.Lcd_Show_Updata)
    __arm_cp.5_0                             0x080038c8   Number         4  ht1621.o(.text.Lcd_Show_Updata)
    [Anonymous Symbol]                       0x080038cc   Section        0  gpio.o(.text.MX_GPIO_Init)
    __arm_cp.0_0                             0x080039a8   Number         4  gpio.o(.text.MX_GPIO_Init)
    __arm_cp.0_1                             0x080039ac   Number         4  gpio.o(.text.MX_GPIO_Init)
    __arm_cp.0_2                             0x080039b0   Number         4  gpio.o(.text.MX_GPIO_Init)
    __arm_cp.0_3                             0x080039b4   Number         4  gpio.o(.text.MX_GPIO_Init)
    __arm_cp.0_4                             0x080039b8   Number         4  gpio.o(.text.MX_GPIO_Init)
    __arm_cp.0_5                             0x080039bc   Number         4  gpio.o(.text.MX_GPIO_Init)
    __arm_cp.0_6                             0x080039c0   Number         4  gpio.o(.text.MX_GPIO_Init)
    [Anonymous Symbol]                       0x080039c4   Section        0  rtc.o(.text.MX_RTC_Init)
    __arm_cp.0_0                             0x08003a64   Number         4  rtc.o(.text.MX_RTC_Init)
    __arm_cp.0_1                             0x08003a68   Number         4  rtc.o(.text.MX_RTC_Init)
    [Anonymous Symbol]                       0x08003a6c   Section        0  tim.o(.text.MX_TIM14_Init)
    __arm_cp.3_0                             0x08003adc   Number         4  tim.o(.text.MX_TIM14_Init)
    __arm_cp.3_1                             0x08003ae0   Number         4  tim.o(.text.MX_TIM14_Init)
    __arm_cp.3_2                             0x08003ae4   Number         4  tim.o(.text.MX_TIM14_Init)
    [Anonymous Symbol]                       0x08003ae8   Section        0  tim.o(.text.MX_TIM1_Init)
    __arm_cp.0_0                             0x08003bb4   Number         4  tim.o(.text.MX_TIM1_Init)
    __arm_cp.0_1                             0x08003bb8   Number         4  tim.o(.text.MX_TIM1_Init)
    __arm_cp.0_2                             0x08003bbc   Number         4  tim.o(.text.MX_TIM1_Init)
    [Anonymous Symbol]                       0x08003bc0   Section        0  tim.o(.text.MX_TIM3_Init)
    __arm_cp.1_0                             0x08003c90   Number         4  tim.o(.text.MX_TIM3_Init)
    __arm_cp.1_1                             0x08003c94   Number         4  tim.o(.text.MX_TIM3_Init)
    __arm_cp.1_2                             0x08003c98   Number         4  tim.o(.text.MX_TIM3_Init)
    __arm_cp.1_3                             0x08003c9c   Number         4  tim.o(.text.MX_TIM3_Init)
    [Anonymous Symbol]                       0x08003ca0   Section        0  usart.o(.text.MX_USART2_UART_Init)
    __arm_cp.0_0                             0x08003ce0   Number         4  usart.o(.text.MX_USART2_UART_Init)
    __arm_cp.0_1                             0x08003ce4   Number         4  usart.o(.text.MX_USART2_UART_Init)
    [Anonymous Symbol]                       0x08003ce8   Section        0  stm32g0xx_it.o(.text.NMI_Handler)
    [Anonymous Symbol]                       0x08003cec   Section        0  stm32g0xx_it.o(.text.PendSV_Handler)
    [Anonymous Symbol]                       0x08003cee   Section        0  stm32g0xx_hal_rtc.o(.text.RTC_Bcd2ToByte)
    [Anonymous Symbol]                       0x08003d0e   Section        0  stm32g0xx_hal_rtc.o(.text.RTC_ByteToBcd2)
    [Anonymous Symbol]                       0x08003d4c   Section        0  stm32g0xx_hal_rtc.o(.text.RTC_EnterInitMode)
    __arm_cp.2_0                             0x08003dd0   Number         4  stm32g0xx_hal_rtc.o(.text.RTC_EnterInitMode)
    [Anonymous Symbol]                       0x08003dd4   Section        0  stm32g0xx_hal_rtc.o(.text.RTC_ExitInitMode)
    __arm_cp.3_0                             0x08003e4c   Number         4  stm32g0xx_hal_rtc.o(.text.RTC_ExitInitMode)
    __arm_cp.3_1                             0x08003e50   Number         4  stm32g0xx_hal_rtc.o(.text.RTC_ExitInitMode)
    [Anonymous Symbol]                       0x08003e54   Section        0  stm32g0xx_it.o(.text.SVC_Handler)
    SysTick_Config                           0x08003e59   Thumb Code    68  stm32g0xx_hal_cortex.o(.text.SysTick_Config)
    [Anonymous Symbol]                       0x08003e58   Section        0  stm32g0xx_hal_cortex.o(.text.SysTick_Config)
    __arm_cp.9_0                             0x08003e9c   Number         4  stm32g0xx_hal_cortex.o(.text.SysTick_Config)
    __arm_cp.9_1                             0x08003ea0   Number         4  stm32g0xx_hal_cortex.o(.text.SysTick_Config)
    __arm_cp.9_2                             0x08003ea4   Number         4  stm32g0xx_hal_cortex.o(.text.SysTick_Config)
    [Anonymous Symbol]                       0x08003ea8   Section        0  stm32g0xx_it.o(.text.SysTick_Handler)
    [Anonymous Symbol]                       0x08003eb0   Section        0  sys.o(.text.Sys_Update_State_2_UI)
    __arm_cp.2_0                             0x08003f4c   Number         4  sys.o(.text.Sys_Update_State_2_UI)
    [Anonymous Symbol]                       0x08003f50   Section        0  main.o(.text.SystemClock_Config)
    [Anonymous Symbol]                       0x08003ffc   Section        0  system_stm32g0xx.o(.text.SystemInit)
    __arm_cp.0_0                             0x08004008   Number         4  system_stm32g0xx.o(.text.SystemInit)
    [Anonymous Symbol]                       0x0800400c   Section        0  stm32g0xx_it.o(.text.TIM14_IRQHandler)
    __arm_cp.6_0                             0x0800406c   Number         4  stm32g0xx_it.o(.text.TIM14_IRQHandler)
    __arm_cp.6_1                             0x08004070   Number         4  stm32g0xx_it.o(.text.TIM14_IRQHandler)
    [Anonymous Symbol]                       0x08004074   Section        0  stm32g0xx_it.o(.text.TIM17_IRQHandler)
    __arm_cp.7_0                             0x080040ac   Number         4  stm32g0xx_it.o(.text.TIM17_IRQHandler)
    [Anonymous Symbol]                       0x080040b0   Section        0  stm32g0xx_it.o(.text.TIM1_CC_IRQHandler)
    __arm_cp.5_0                             0x08004138   Number         4  stm32g0xx_it.o(.text.TIM1_CC_IRQHandler)
    __arm_cp.5_1                             0x0800413c   Number         4  stm32g0xx_it.o(.text.TIM1_CC_IRQHandler)
    __arm_cp.5_2                             0x08004140   Number         4  stm32g0xx_it.o(.text.TIM1_CC_IRQHandler)
    __arm_cp.5_3                             0x08004144   Number         4  stm32g0xx_it.o(.text.TIM1_CC_IRQHandler)
    __arm_cp.5_4                             0x08004148   Number         4  stm32g0xx_it.o(.text.TIM1_CC_IRQHandler)
    __arm_cp.5_5                             0x0800414c   Number         4  stm32g0xx_it.o(.text.TIM1_CC_IRQHandler)
    __arm_cp.5_6                             0x08004150   Number         4  stm32g0xx_it.o(.text.TIM1_CC_IRQHandler)
    __arm_cp.5_7                             0x08004154   Number         4  stm32g0xx_it.o(.text.TIM1_CC_IRQHandler)
    [Anonymous Symbol]                       0x08004158   Section        0  stm32g0xx_hal_tim.o(.text.TIM_Base_SetConfig)
    __arm_cp.2_1                             0x0800422c   Number         4  stm32g0xx_hal_tim.o(.text.TIM_Base_SetConfig)
    __arm_cp.2_2                             0x08004230   Number         4  stm32g0xx_hal_tim.o(.text.TIM_Base_SetConfig)
    [Anonymous Symbol]                       0x08004234   Section        0  stm32g0xx_hal_tim.o(.text.TIM_CCxChannelCmd)
    [Anonymous Symbol]                       0x08004266   Section        0  stm32g0xx_hal_tim.o(.text.TIM_ETR_SetConfig)
    TIM_ITRx_SetConfig                       0x0800429d   Thumb Code    44  stm32g0xx_hal_tim.o(.text.TIM_ITRx_SetConfig)
    [Anonymous Symbol]                       0x0800429c   Section        0  stm32g0xx_hal_tim.o(.text.TIM_ITRx_SetConfig)
    __arm_cp.100_0                           0x080042c8   Number         4  stm32g0xx_hal_tim.o(.text.TIM_ITRx_SetConfig)
    TIM_OC1_SetConfig                        0x080042cd   Thumb Code   236  stm32g0xx_hal_tim.o(.text.TIM_OC1_SetConfig)
    [Anonymous Symbol]                       0x080042cc   Section        0  stm32g0xx_hal_tim.o(.text.TIM_OC1_SetConfig)
    [Anonymous Symbol]                       0x080043b8   Section        0  stm32g0xx_hal_tim.o(.text.TIM_OC2_SetConfig)
    __arm_cp.75_1                            0x080044c0   Number         4  stm32g0xx_hal_tim.o(.text.TIM_OC2_SetConfig)
    __arm_cp.75_2                            0x080044c4   Number         4  stm32g0xx_hal_tim.o(.text.TIM_OC2_SetConfig)
    __arm_cp.75_3                            0x080044c8   Number         4  stm32g0xx_hal_tim.o(.text.TIM_OC2_SetConfig)
    TIM_OC3_SetConfig                        0x080044cd   Thumb Code   264  stm32g0xx_hal_tim.o(.text.TIM_OC3_SetConfig)
    [Anonymous Symbol]                       0x080044cc   Section        0  stm32g0xx_hal_tim.o(.text.TIM_OC3_SetConfig)
    __arm_cp.76_0                            0x080045d4   Number         4  stm32g0xx_hal_tim.o(.text.TIM_OC3_SetConfig)
    __arm_cp.76_1                            0x080045d8   Number         4  stm32g0xx_hal_tim.o(.text.TIM_OC3_SetConfig)
    __arm_cp.76_2                            0x080045dc   Number         4  stm32g0xx_hal_tim.o(.text.TIM_OC3_SetConfig)
    __arm_cp.76_3                            0x080045e0   Number         4  stm32g0xx_hal_tim.o(.text.TIM_OC3_SetConfig)
    TIM_OC4_SetConfig                        0x080045e5   Thumb Code   172  stm32g0xx_hal_tim.o(.text.TIM_OC4_SetConfig)
    [Anonymous Symbol]                       0x080045e4   Section        0  stm32g0xx_hal_tim.o(.text.TIM_OC4_SetConfig)
    __arm_cp.77_0                            0x08004690   Number         4  stm32g0xx_hal_tim.o(.text.TIM_OC4_SetConfig)
    __arm_cp.77_1                            0x08004694   Number         4  stm32g0xx_hal_tim.o(.text.TIM_OC4_SetConfig)
    __arm_cp.77_2                            0x08004698   Number         4  stm32g0xx_hal_tim.o(.text.TIM_OC4_SetConfig)
    __arm_cp.77_3                            0x0800469c   Number         4  stm32g0xx_hal_tim.o(.text.TIM_OC4_SetConfig)
    TIM_OC5_SetConfig                        0x080046a1   Thumb Code   160  stm32g0xx_hal_tim.o(.text.TIM_OC5_SetConfig)
    [Anonymous Symbol]                       0x080046a0   Section        0  stm32g0xx_hal_tim.o(.text.TIM_OC5_SetConfig)
    __arm_cp.78_0                            0x08004740   Number         4  stm32g0xx_hal_tim.o(.text.TIM_OC5_SetConfig)
    __arm_cp.78_2                            0x08004744   Number         4  stm32g0xx_hal_tim.o(.text.TIM_OC5_SetConfig)
    __arm_cp.78_3                            0x08004748   Number         4  stm32g0xx_hal_tim.o(.text.TIM_OC5_SetConfig)
    TIM_OC6_SetConfig                        0x0800474d   Thumb Code   160  stm32g0xx_hal_tim.o(.text.TIM_OC6_SetConfig)
    [Anonymous Symbol]                       0x0800474c   Section        0  stm32g0xx_hal_tim.o(.text.TIM_OC6_SetConfig)
    __arm_cp.79_0                            0x080047ec   Number         4  stm32g0xx_hal_tim.o(.text.TIM_OC6_SetConfig)
    __arm_cp.79_1                            0x080047f0   Number         4  stm32g0xx_hal_tim.o(.text.TIM_OC6_SetConfig)
    __arm_cp.79_2                            0x080047f4   Number         4  stm32g0xx_hal_tim.o(.text.TIM_OC6_SetConfig)
    __arm_cp.79_3                            0x080047f8   Number         4  stm32g0xx_hal_tim.o(.text.TIM_OC6_SetConfig)
    TIM_TI1_ConfigInputStage                 0x080047fd   Thumb Code    80  stm32g0xx_hal_tim.o(.text.TIM_TI1_ConfigInputStage)
    [Anonymous Symbol]                       0x080047fc   Section        0  stm32g0xx_hal_tim.o(.text.TIM_TI1_ConfigInputStage)
    [Anonymous Symbol]                       0x0800484c   Section        0  stm32g0xx_hal_tim.o(.text.TIM_TI1_SetConfig)
    __arm_cp.81_0                            0x080048e4   Number         4  stm32g0xx_hal_tim.o(.text.TIM_TI1_SetConfig)
    __arm_cp.81_1                            0x080048e8   Number         4  stm32g0xx_hal_tim.o(.text.TIM_TI1_SetConfig)
    TIM_TI2_ConfigInputStage                 0x080048ed   Thumb Code    84  stm32g0xx_hal_tim.o(.text.TIM_TI2_ConfigInputStage)
    [Anonymous Symbol]                       0x080048ec   Section        0  stm32g0xx_hal_tim.o(.text.TIM_TI2_ConfigInputStage)
    TIM_TI2_SetConfig                        0x08004941   Thumb Code   110  stm32g0xx_hal_tim.o(.text.TIM_TI2_SetConfig)
    [Anonymous Symbol]                       0x08004940   Section        0  stm32g0xx_hal_tim.o(.text.TIM_TI2_SetConfig)
    TIM_TI3_SetConfig                        0x080049af   Thumb Code   108  stm32g0xx_hal_tim.o(.text.TIM_TI3_SetConfig)
    [Anonymous Symbol]                       0x080049ae   Section        0  stm32g0xx_hal_tim.o(.text.TIM_TI3_SetConfig)
    TIM_TI4_SetConfig                        0x08004a1b   Thumb Code   114  stm32g0xx_hal_tim.o(.text.TIM_TI4_SetConfig)
    [Anonymous Symbol]                       0x08004a1a   Section        0  stm32g0xx_hal_tim.o(.text.TIM_TI4_SetConfig)
    [Anonymous Symbol]                       0x08004a8c   Section        0  stm32g0xx_hal_uart.o(.text.UART_AdvFeatureConfig)
    [Anonymous Symbol]                       0x08004be8   Section        0  stm32g0xx_hal_uart.o(.text.UART_CheckIdleState)
    __arm_cp.4_0                             0x08004c8c   Number         4  stm32g0xx_hal_uart.o(.text.UART_CheckIdleState)
    [Anonymous Symbol]                       0x08004c90   Section        0  stm32g0xx_hal_uart.o(.text.UART_SetConfig)
    __arm_cp.2_0                             0x08004f4c   Number         4  stm32g0xx_hal_uart.o(.text.UART_SetConfig)
    __arm_cp.2_1                             0x08004f50   Number         4  stm32g0xx_hal_uart.o(.text.UART_SetConfig)
    __arm_cp.2_2                             0x08004f54   Number         4  stm32g0xx_hal_uart.o(.text.UART_SetConfig)
    __arm_cp.2_3                             0x08004f58   Number         4  stm32g0xx_hal_uart.o(.text.UART_SetConfig)
    __arm_cp.2_4                             0x08004f5c   Number         4  stm32g0xx_hal_uart.o(.text.UART_SetConfig)
    __arm_cp.2_5                             0x08004f60   Number         4  stm32g0xx_hal_uart.o(.text.UART_SetConfig)
    __arm_cp.2_6                             0x08004f64   Number         4  stm32g0xx_hal_uart.o(.text.UART_SetConfig)
    [Anonymous Symbol]                       0x08004f68   Section        0  stm32g0xx_hal_uart.o(.text.UART_WaitOnFlagUntilTimeout)
    [Anonymous Symbol]                       0x08005074   Section        0  ui.o(.text.UI_Constant_Text_Show)
    [Anonymous Symbol]                       0x080050a0   Section        0  ui.o(.text.UI_Init)
    __arm_cp.1_0                             0x080050e8   Number         4  ui.o(.text.UI_Init)
    [Anonymous Symbol]                       0x080050ec   Section        0  ui.o(.text.UI_Scan)
    __arm_cp.3_0                             0x080051a4   Number         4  ui.o(.text.UI_Scan)
    __arm_cp.3_1                             0x080051a8   Number         4  ui.o(.text.UI_Scan)
    __arm_cp.3_2                             0x080051ac   Number         4  ui.o(.text.UI_Scan)
    __arm_cp.3_3                             0x080051b0   Number         4  ui.o(.text.UI_Scan)
    __arm_cp.3_4                             0x080051b4   Number         4  ui.o(.text.UI_Scan)
    __arm_cp.3_7                             0x080051b8   Number         4  ui.o(.text.UI_Scan)
    __arm_cp.3_8                             0x080051bc   Number         4  ui.o(.text.UI_Scan)
    __arm_cp.3_9                             0x080051c0   Number         4  ui.o(.text.UI_Scan)
    [Anonymous Symbol]                       0x080051c4   Section        0  ui.o(.text.UI_SendMessage)
    __arm_cp.4_0                             0x08005308   Number         4  ui.o(.text.UI_SendMessage)
    __arm_cp.4_1                             0x0800530c   Number         4  ui.o(.text.UI_SendMessage)
    [Anonymous Symbol]                       0x08005310   Section        0  sys.o(.text.UserPIDInit)
    __arm_cp.1_0                             0x08005348   Number         4  sys.o(.text.UserPIDInit)
    __arm_cp.1_1                             0x0800534c   Number         4  sys.o(.text.UserPIDInit)
    __arm_cp.1_2                             0x08005350   Number         4  sys.o(.text.UserPIDInit)
    __arm_cp.1_3                             0x08005354   Number         4  sys.o(.text.UserPIDInit)
    __arm_cp.1_4                             0x08005358   Number         4  sys.o(.text.UserPIDInit)
    __arm_cp.1_5                             0x0800535c   Number         4  sys.o(.text.UserPIDInit)
    __arm_cp.1_6                             0x08005360   Number         4  sys.o(.text.UserPIDInit)
    __arm_cp.1_7                             0x08005364   Number         4  sys.o(.text.UserPIDInit)
    __arm_cp.1_8                             0x08005368   Number         4  sys.o(.text.UserPIDInit)
    [Anonymous Symbol]                       0x0800536c   Section        0  main.o(.text.User_KeyInit)
    __arm_cp.0_0                             0x08005398   Number         4  main.o(.text.User_KeyInit)
    __arm_cp.0_1                             0x0800539c   Number         4  main.o(.text.User_KeyInit)
    [Anonymous Symbol]                       0x080053a0   Section        0  ht1621.o(.text.WriteCmdtoHT1621)
    [Anonymous Symbol]                       0x080053e4   Section        0  ht1621.o(.text.WriteDatatoHT1621)
    [Anonymous Symbol]                       0x08005464   Section        0  ht1621.o(.text.WritetoHT1621)
    __arm_cp.1_0                             0x080054b4   Number         4  ht1621.o(.text.WritetoHT1621)
    __NVIC_EnableIRQ                         0x080054b9   Thumb Code    40  stm32g0xx_hal_cortex.o(.text.__NVIC_EnableIRQ)
    [Anonymous Symbol]                       0x080054b8   Section        0  stm32g0xx_hal_cortex.o(.text.__NVIC_EnableIRQ)
    __arm_cp.3_0                             0x080054e0   Number         4  stm32g0xx_hal_cortex.o(.text.__NVIC_EnableIRQ)
    __NVIC_SetPriority                       0x080054e5   Thumb Code   128  stm32g0xx_hal_cortex.o(.text.__NVIC_SetPriority)
    [Anonymous Symbol]                       0x080054e4   Section        0  stm32g0xx_hal_cortex.o(.text.__NVIC_SetPriority)
    __arm_cp.1_0                             0x08005564   Number         4  stm32g0xx_hal_cortex.o(.text.__NVIC_SetPriority)
    __arm_cp.1_1                             0x08005568   Number         4  stm32g0xx_hal_cortex.o(.text.__NVIC_SetPriority)
    [Anonymous Symbol]                       0x0800556c   Section        0  key.o(.text.enableKey_GPIO_CLK)
    __arm_cp.4_0                             0x08005634   Number         4  key.o(.text.enableKey_GPIO_CLK)
    __arm_cp.4_1                             0x08005638   Number         4  key.o(.text.enableKey_GPIO_CLK)
    __arm_cp.4_2                             0x0800563c   Number         4  key.o(.text.enableKey_GPIO_CLK)
    __arm_cp.4_3                             0x08005640   Number         4  key.o(.text.enableKey_GPIO_CLK)
    __arm_cp.4_4                             0x08005644   Number         4  key.o(.text.enableKey_GPIO_CLK)
    [Anonymous Symbol]                       0x08005648   Section        0  key.o(.text.isKeyFIFOEmpty)
    __arm_cp.9_0                             0x08005658   Number         4  key.o(.text.isKeyFIFOEmpty)
    [Anonymous Symbol]                       0x0800565c   Section        0  main.o(.text.main)
    __arm_cp.3_0                             0x080056d8   Number         4  main.o(.text.main)
    __arm_cp.3_1                             0x080056dc   Number         4  main.o(.text.main)
    __arm_cp.3_2                             0x080056e0   Number         4  main.o(.text.main)
    __arm_cp.3_3                             0x080056e4   Number         4  main.o(.text.main)
    [Anonymous Symbol]                       0x080056e8   Section        0  main.o(.text.oneMilliSecCallback)
    [Anonymous Symbol]                       0x080056f0   Section        0  sys.o(.text.piddecayfun)
    i.__scatterload_copy                     0x080056fc   Section       14  handlers.o(i.__scatterload_copy)
    i.__scatterload_null                     0x0800570a   Section        2  handlers.o(i.__scatterload_null)
    i.__scatterload_zeroinit                 0x0800570c   Section       14  handlers.o(i.__scatterload_zeroinit)
    [Anonymous Symbol]                       0x080057b0   Section        0  main.o(.rodata.cst32)
    KeyDriver.key                            0x20000000   Data           1  main.o(.data.KeyDriver.key)
    [Anonymous Symbol]                       0x20000000   Section        0  main.o(.data.KeyDriver.key)
    KeyDriver.key_calitime_cnt               0x20000004   Data          16  main.o(.data.KeyDriver.key_calitime_cnt)
    [Anonymous Symbol]                       0x20000004   Section        0  main.o(.data.KeyDriver.key_calitime_cnt)
    KeyDriver.key_fodder_cnt                 0x20000014   Data          16  main.o(.data.KeyDriver.key_fodder_cnt)
    [Anonymous Symbol]                       0x20000014   Section        0  main.o(.data.KeyDriver.key_fodder_cnt)
    KeyDriver.key_mode_cnt                   0x20000024   Data          16  main.o(.data.KeyDriver.key_mode_cnt)
    [Anonymous Symbol]                       0x20000024   Section        0  main.o(.data.KeyDriver.key_mode_cnt)
    TIM14_IRQHandler.htim                    0x20000040   Data           4  stm32g0xx_it.o(.data.TIM14_IRQHandler.htim)
    [Anonymous Symbol]                       0x20000040   Section        0  stm32g0xx_it.o(.data.TIM14_IRQHandler.htim)
    TIM17_IRQHandler.htim                    0x20000044   Data           4  stm32g0xx_it.o(.data.TIM17_IRQHandler.htim)
    [Anonymous Symbol]                       0x20000044   Section        0  stm32g0xx_it.o(.data.TIM17_IRQHandler.htim)
    TIM1_CC_IRQHandler.pluse_delay           0x20000048   Data           4  stm32g0xx_it.o(.data.TIM1_CC_IRQHandler.pluse_delay)
    [Anonymous Symbol]                       0x20000048   Section        0  stm32g0xx_it.o(.data.TIM1_CC_IRQHandler.pluse_delay)
    KeyScan.keyout                           0x20000330   Data           1  key.o(.bss.KeyScan.keyout)
    [Anonymous Symbol]                       0x20000330   Section        0  key.o(.bss.KeyScan.keyout)
    TIM1_CC_IRQHandler.count                 0x20000354   Data           4  stm32g0xx_it.o(.bss.TIM1_CC_IRQHandler.count)
    [Anonymous Symbol]                       0x20000354   Section        0  stm32g0xx_it.o(.bss.TIM1_CC_IRQHandler.count)
    UI_Scan.cnt                              0x20000358   Data           4  ui.o(.bss.UI_Scan.cnt)
    [Anonymous Symbol]                       0x20000358   Section        0  ui.o(.bss.UI_Scan.cnt)
    s_tKey                                   0x2000056c   Data          12  key.o(.bss.s_tKey)
    [Anonymous Symbol]                       0x2000056c   Section        0  key.o(.bss.s_tKey)
    STACK                                    0x20000598   Section     1024  startup_stm32g030xx.o(STACK)

    Global Symbols

    Symbol Name                              Value     Ov Type        Size  Object(Section)

    BuildAttributes$$THM_ISAv3M$S$PE$A:L22$X:L11$S22$IEEE1$IW$~IW$USESV6$~STKCKD$USESV7$~SHL$OTIME$ROPI$IEEEX$EBA8$MICROLIB$REQ8$PRES8$EABIv2 0x00000000   Number         0  anon$$obj.o ABSOLUTE
    __cpp_initialize__aeabi_                  - Undefined Weak Reference
    __cxa_finalize                            - Undefined Weak Reference
    _clock_init                               - Undefined Weak Reference
    _microlib_exit                            - Undefined Weak Reference
    __Vectors_Size                           0x000000c0   Number         0  startup_stm32g030xx.o ABSOLUTE
    __Vectors                                0x08000000   Data           4  startup_stm32g030xx.o(RESET)
    __Vectors_End                            0x080000c0   Data           0  startup_stm32g030xx.o(RESET)
    __main                                   0x080000c1   Thumb Code     0  entry.o(.ARM.Collect$$$$00000000)
    _main_stk                                0x080000c1   Thumb Code     0  entry2.o(.ARM.Collect$$$$00000001)
    _main_scatterload                        0x080000c5   Thumb Code     0  entry5.o(.ARM.Collect$$$$00000004)
    __main_after_scatterload                 0x080000c9   Thumb Code     0  entry5.o(.ARM.Collect$$$$00000004)
    _main_clock                              0x080000c9   Thumb Code     0  entry7b.o(.ARM.Collect$$$$00000008)
    _main_cpp_init                           0x080000c9   Thumb Code     0  entry8b.o(.ARM.Collect$$$$0000000A)
    _main_init                               0x080000c9   Thumb Code     0  entry9a.o(.ARM.Collect$$$$0000000B)
    __rt_final_cpp                           0x080000d1   Thumb Code     0  entry10a.o(.ARM.Collect$$$$0000000D)
    __rt_final_exit                          0x080000d1   Thumb Code     0  entry11a.o(.ARM.Collect$$$$0000000F)
    Reset_Handler                            0x080000d5   Thumb Code     8  startup_stm32g030xx.o(.text)
    ADC1_IRQHandler                          0x080000e7   Thumb Code     0  startup_stm32g030xx.o(.text)
    DMA1_Ch4_5_DMAMUX1_OVR_IRQHandler        0x080000e7   Thumb Code     0  startup_stm32g030xx.o(.text)
    DMA1_Channel1_IRQHandler                 0x080000e7   Thumb Code     0  startup_stm32g030xx.o(.text)
    DMA1_Channel2_3_IRQHandler               0x080000e7   Thumb Code     0  startup_stm32g030xx.o(.text)
    EXTI0_1_IRQHandler                       0x080000e7   Thumb Code     0  startup_stm32g030xx.o(.text)
    EXTI2_3_IRQHandler                       0x080000e7   Thumb Code     0  startup_stm32g030xx.o(.text)
    EXTI4_15_IRQHandler                      0x080000e7   Thumb Code     0  startup_stm32g030xx.o(.text)
    FLASH_IRQHandler                         0x080000e7   Thumb Code     0  startup_stm32g030xx.o(.text)
    I2C1_IRQHandler                          0x080000e7   Thumb Code     0  startup_stm32g030xx.o(.text)
    I2C2_IRQHandler                          0x080000e7   Thumb Code     0  startup_stm32g030xx.o(.text)
    RCC_IRQHandler                           0x080000e7   Thumb Code     0  startup_stm32g030xx.o(.text)
    RTC_TAMP_IRQHandler                      0x080000e7   Thumb Code     0  startup_stm32g030xx.o(.text)
    SPI1_IRQHandler                          0x080000e7   Thumb Code     0  startup_stm32g030xx.o(.text)
    SPI2_IRQHandler                          0x080000e7   Thumb Code     0  startup_stm32g030xx.o(.text)
    TIM16_IRQHandler                         0x080000e7   Thumb Code     0  startup_stm32g030xx.o(.text)
    TIM1_BRK_UP_TRG_COM_IRQHandler           0x080000e7   Thumb Code     0  startup_stm32g030xx.o(.text)
    TIM3_IRQHandler                          0x080000e7   Thumb Code     0  startup_stm32g030xx.o(.text)
    USART1_IRQHandler                        0x080000e7   Thumb Code     0  startup_stm32g030xx.o(.text)
    USART2_IRQHandler                        0x080000e7   Thumb Code     0  startup_stm32g030xx.o(.text)
    WWDG_IRQHandler                          0x080000e7   Thumb Code     0  startup_stm32g030xx.o(.text)
    __aeabi_memset                           0x080000f1   Thumb Code    14  memseta.o(.text)
    __aeabi_memset4                          0x080000f1   Thumb Code     0  memseta.o(.text)
    __aeabi_memset8                          0x080000f1   Thumb Code     0  memseta.o(.text)
    __aeabi_memclr                           0x080000ff   Thumb Code     4  memseta.o(.text)
    __aeabi_memclr4                          0x080000ff   Thumb Code     0  memseta.o(.text)
    __aeabi_memclr8                          0x080000ff   Thumb Code     0  memseta.o(.text)
    _memset$wrapper                          0x08000103   Thumb Code    18  memseta.o(.text)
    __aeabi_fadd                             0x08000115   Thumb Code   162  fadd.o(.text)
    __aeabi_fsub                             0x080001b7   Thumb Code     8  fadd.o(.text)
    __aeabi_frsub                            0x080001bf   Thumb Code     8  fadd.o(.text)
    __aeabi_fmul                             0x080001c7   Thumb Code   122  fmul.o(.text)
    __aeabi_fcmplt                           0x08000241   Thumb Code    28  fcmplt.o(.text)
    __aeabi_fcmpgt                           0x0800025d   Thumb Code    28  fcmpgt.o(.text)
    __aeabi_ui2f                             0x08000279   Thumb Code    14  ffltui.o(.text)
    __aeabi_f2iz                             0x08000287   Thumb Code    50  ffixi.o(.text)
    __aeabi_uidiv                            0x080002b9   Thumb Code     0  uidiv_div0.o(.text)
    __aeabi_uidivmod                         0x080002b9   Thumb Code    62  uidiv_div0.o(.text)
    __I$use$fp                               0x080002f7   Thumb Code     0  iusefp.o(.text)
    _float_round                             0x080002f7   Thumb Code    16  fepilogue.o(.text)
    _float_epilogue                          0x08000307   Thumb Code   114  fepilogue.o(.text)
    __scatterload                            0x08000379   Thumb Code    28  init.o(.text)
    __scatterload_rt2                        0x08000379   Thumb Code     0  init.o(.text)
    __decompress                             0x0800039d   Thumb Code     0  __dczerorl.o(.text)
    __decompress0                            0x0800039d   Thumb Code    58  __dczerorl.o(.text)
    Counter_decrement                        0x080003d7   Thumb Code    44  counter.o(.text.Counter_decrement)
    Counter_increment                        0x08000403   Thumb Code    44  counter.o(.text.Counter_increment)
    Error_Handler                            0x0800042f   Thumb Code    14  main.o(.text.Error_Handler)
    HAL_Delay                                0x0800043d   Thumb Code    64  stm32g0xx_hal.o(.text.HAL_Delay)
    HAL_GPIO_Init                            0x0800047d   Thumb Code   688  stm32g0xx_hal_gpio.o(.text.HAL_GPIO_Init)
    HAL_GPIO_WritePin                        0x0800074d   Thumb Code    44  stm32g0xx_hal_gpio.o(.text.HAL_GPIO_WritePin)
    HAL_GetTick                              0x08000779   Thumb Code     8  stm32g0xx_hal.o(.text.HAL_GetTick)
    HAL_IncTick                              0x08000781   Thumb Code    16  stm32g0xx_hal.o(.text.HAL_IncTick)
    HAL_Init                                 0x08000795   Thumb Code    56  stm32g0xx_hal.o(.text.HAL_Init)
    HAL_InitTick                             0x080007d1   Thumb Code   120  stm32g0xx_hal.o(.text.HAL_InitTick)
    HAL_MspInit                              0x08000851   Thumb Code    52  stm32g0xx_hal_msp.o(.text.HAL_MspInit)
    HAL_NVIC_EnableIRQ                       0x08000889   Thumb Code    22  stm32g0xx_hal_cortex.o(.text.HAL_NVIC_EnableIRQ)
    HAL_NVIC_SetPriority                     0x0800089f   Thumb Code    28  stm32g0xx_hal_cortex.o(.text.HAL_NVIC_SetPriority)
    HAL_PWREx_ControlVoltageScaling          0x080008bd   Thumb Code   112  stm32g0xx_hal_pwr_ex.o(.text.HAL_PWREx_ControlVoltageScaling)
    HAL_RCCEx_PeriphCLKConfig                0x08000939   Thumb Code   536  stm32g0xx_hal_rcc_ex.o(.text.HAL_RCCEx_PeriphCLKConfig)
    HAL_RCC_ClockConfig                      0x08000b61   Thumb Code   572  stm32g0xx_hal_rcc.o(.text.HAL_RCC_ClockConfig)
    HAL_RCC_GetHCLKFreq                      0x08000db5   Thumb Code     8  stm32g0xx_hal_rcc.o(.text.HAL_RCC_GetHCLKFreq)
    HAL_RCC_GetPCLK1Freq                     0x08000dc1   Thumb Code    36  stm32g0xx_hal_rcc.o(.text.HAL_RCC_GetPCLK1Freq)
    HAL_RCC_GetSysClockFreq                  0x08000de9   Thumb Code   268  stm32g0xx_hal_rcc.o(.text.HAL_RCC_GetSysClockFreq)
    HAL_RCC_OscConfig                        0x08000f09   Thumb Code  1660  stm32g0xx_hal_rcc.o(.text.HAL_RCC_OscConfig)
    HAL_RTC_GetDate                          0x080015ad   Thumb Code   116  stm32g0xx_hal_rtc.o(.text.HAL_RTC_GetDate)
    HAL_RTC_GetTime                          0x08001625   Thumb Code   148  stm32g0xx_hal_rtc.o(.text.HAL_RTC_GetTime)
    HAL_RTC_Init                             0x080016c1   Thumb Code   260  stm32g0xx_hal_rtc.o(.text.HAL_RTC_Init)
    HAL_RTC_MspInit                          0x080017c9   Thumb Code    60  rtc.o(.text.HAL_RTC_MspInit)
    HAL_RTC_SetAlarm                         0x08001811   Thumb Code   636  stm32g0xx_hal_rtc.o(.text.HAL_RTC_SetAlarm)
    HAL_RTC_WaitForSynchro                   0x08001a8d   Thumb Code    84  stm32g0xx_hal_rtc.o(.text.HAL_RTC_WaitForSynchro)
    HAL_SYSTICK_Config                       0x08001ae5   Thumb Code    16  stm32g0xx_hal_cortex.o(.text.HAL_SYSTICK_Config)
    HAL_TIMEx_MasterConfigSynchronization    0x08001af5   Thumb Code   212  stm32g0xx_hal_tim_ex.o(.text.HAL_TIMEx_MasterConfigSynchronization)
    HAL_TIM_Base_Init                        0x08001bc9   Thumb Code   170  stm32g0xx_hal_tim.o(.text.HAL_TIM_Base_Init)
    HAL_TIM_Base_MspInit                     0x08001c75   Thumb Code   356  tim.o(.text.HAL_TIM_Base_MspInit)
    HAL_TIM_Base_Start                       0x08001df1   Thumb Code   136  stm32g0xx_hal_tim.o(.text.HAL_TIM_Base_Start)
    HAL_TIM_Base_Start_IT                    0x08001e79   Thumb Code   148  stm32g0xx_hal_tim.o(.text.HAL_TIM_Base_Start_IT)
    HAL_TIM_ConfigClockSource                0x08001f19   Thumb Code   384  stm32g0xx_hal_tim.o(.text.HAL_TIM_ConfigClockSource)
    HAL_TIM_IC_ConfigChannel                 0x0800209d   Thumb Code   284  stm32g0xx_hal_tim.o(.text.HAL_TIM_IC_ConfigChannel)
    HAL_TIM_IC_Init                          0x080021b9   Thumb Code   170  stm32g0xx_hal_tim.o(.text.HAL_TIM_IC_Init)
    HAL_TIM_IC_MspInit                       0x08002263   Thumb Code     8  stm32g0xx_hal_tim.o(.text.HAL_TIM_IC_MspInit)
    HAL_TIM_IC_Start_IT                      0x0800226d   Thumb Code   704  stm32g0xx_hal_tim.o(.text.HAL_TIM_IC_Start_IT)
    HAL_TIM_MspPostInit                      0x08002531   Thumb Code    84  tim.o(.text.HAL_TIM_MspPostInit)
    HAL_TIM_OnePulse_Init                    0x08002591   Thumb Code   148  stm32g0xx_hal_tim.o(.text.HAL_TIM_OnePulse_Init)
    HAL_TIM_OnePulse_MspInit                 0x08002625   Thumb Code     8  stm32g0xx_hal_tim.o(.text.HAL_TIM_OnePulse_MspInit)
    HAL_TIM_OnePulse_Start                   0x0800262d   Thumb Code   236  stm32g0xx_hal_tim.o(.text.HAL_TIM_OnePulse_Start)
    HAL_TIM_PWM_ConfigChannel                0x08002725   Thumb Code   490  stm32g0xx_hal_tim.o(.text.HAL_TIM_PWM_ConfigChannel)
    HAL_TIM_PWM_Init                         0x0800290f   Thumb Code   170  stm32g0xx_hal_tim.o(.text.HAL_TIM_PWM_Init)
    HAL_TIM_PWM_MspInit                      0x080029b9   Thumb Code     8  stm32g0xx_hal_tim.o(.text.HAL_TIM_PWM_MspInit)
    HAL_TIM_PWM_Start_IT                     0x080029c1   Thumb Code   600  stm32g0xx_hal_tim.o(.text.HAL_TIM_PWM_Start_IT)
    HAL_UART_Init                            0x08002c2d   Thumb Code   180  stm32g0xx_hal_uart.o(.text.HAL_UART_Init)
    HAL_UART_MspInit                         0x08002ce1   Thumb Code   112  usart.o(.text.HAL_UART_MspInit)
    HT1621Init                               0x08002d5d   Thumb Code   104  ht1621.o(.text.HT1621Init)
    HardFault_Handler                        0x08002dc9   Thumb Code     4  stm32g0xx_it.o(.text.HardFault_Handler)
    IncPIDCalcDeltaAutoDecay                 0x08002dcd   Thumb Code   242  pid.o(.text.IncPIDCalcDeltaAutoDecay)
    IncPIDInit                               0x08002ebf   Thumb Code    74  pid.o(.text.IncPIDInit)
    KeyDriver                                0x08002f09   Thumb Code   396  main.o(.text.KeyDriver)
    KeyGPIOConfig                            0x080030a9   Thumb Code   220  key.o(.text.KeyGPIOConfig)
    KeyInit                                  0x08003185   Thumb Code   240  key.o(.text.KeyInit)
    KeyPinRead                               0x08003289   Thumb Code    24  key.o(.text.KeyPinRead)
    KeyPinSet                                0x080032a1   Thumb Code    40  key.o(.text.KeyPinSet)
    KeyScan                                  0x080032c9   Thumb Code   824  key.o(.text.KeyScan)
    Key_FIFO_Get                             0x0800361d   Thumb Code    64  key.o(.text.Key_FIFO_Get)
    Key_FIFO_Put                             0x0800365d   Thumb Code    40  key.o(.text.Key_FIFO_Put)
    Lcd_10Nixie_ShowNum                      0x08003699   Thumb Code   128  ht1621.o(.text.Lcd_10Nixie_ShowNum)
    Lcd_8Nixie_ShowNum                       0x08003719   Thumb Code   128  ht1621.o(.text.Lcd_8Nixie_ShowNum)
    Lcd_Area_Nixie_Show                      0x080037a5   Thumb Code    24  ht1621.o(.text.Lcd_Area_Nixie_Show)
    Lcd_Clock_Show                           0x080037c1   Thumb Code    90  ht1621.o(.text.Lcd_Clock_Show)
    Lcd_Clock_Show_None                      0x0800381b   Thumb Code    42  ht1621.o(.text.Lcd_Clock_Show_None)
    Lcd_Fodder_Nixie_Show                    0x08003845   Thumb Code    24  ht1621.o(.text.Lcd_Fodder_Nixie_Show)
    Lcd_Interval_Nixie_Show                  0x08003861   Thumb Code    24  ht1621.o(.text.Lcd_Interval_Nixie_Show)
    Lcd_Output_Nixie_Show                    0x0800387d   Thumb Code    24  ht1621.o(.text.Lcd_Output_Nixie_Show)
    Lcd_Show_Updata                          0x08003899   Thumb Code    48  ht1621.o(.text.Lcd_Show_Updata)
    MX_GPIO_Init                             0x080038cd   Thumb Code   220  gpio.o(.text.MX_GPIO_Init)
    MX_RTC_Init                              0x080039c5   Thumb Code   160  rtc.o(.text.MX_RTC_Init)
    MX_TIM14_Init                            0x08003a6d   Thumb Code   112  tim.o(.text.MX_TIM14_Init)
    MX_TIM1_Init                             0x08003ae9   Thumb Code   204  tim.o(.text.MX_TIM1_Init)
    MX_TIM3_Init                             0x08003bc1   Thumb Code   208  tim.o(.text.MX_TIM3_Init)
    MX_USART2_UART_Init                      0x08003ca1   Thumb Code    64  usart.o(.text.MX_USART2_UART_Init)
    NMI_Handler                              0x08003ce9   Thumb Code     4  stm32g0xx_it.o(.text.NMI_Handler)
    PendSV_Handler                           0x08003ced   Thumb Code     2  stm32g0xx_it.o(.text.PendSV_Handler)
    RTC_Bcd2ToByte                           0x08003cef   Thumb Code    32  stm32g0xx_hal_rtc.o(.text.RTC_Bcd2ToByte)
    RTC_ByteToBcd2                           0x08003d0f   Thumb Code    60  stm32g0xx_hal_rtc.o(.text.RTC_ByteToBcd2)
    RTC_EnterInitMode                        0x08003d4d   Thumb Code   132  stm32g0xx_hal_rtc.o(.text.RTC_EnterInitMode)
    RTC_ExitInitMode                         0x08003dd5   Thumb Code   120  stm32g0xx_hal_rtc.o(.text.RTC_ExitInitMode)
    SVC_Handler                              0x08003e55   Thumb Code     2  stm32g0xx_it.o(.text.SVC_Handler)
    SysTick_Handler                          0x08003ea9   Thumb Code     8  stm32g0xx_it.o(.text.SysTick_Handler)
    Sys_Update_State_2_UI                    0x08003eb1   Thumb Code   156  sys.o(.text.Sys_Update_State_2_UI)
    SystemClock_Config                       0x08003f51   Thumb Code   170  main.o(.text.SystemClock_Config)
    SystemInit                               0x08003ffd   Thumb Code    12  system_stm32g0xx.o(.text.SystemInit)
    TIM14_IRQHandler                         0x0800400d   Thumb Code    96  stm32g0xx_it.o(.text.TIM14_IRQHandler)
    TIM17_IRQHandler                         0x08004075   Thumb Code    56  stm32g0xx_it.o(.text.TIM17_IRQHandler)
    TIM1_CC_IRQHandler                       0x080040b1   Thumb Code   136  stm32g0xx_it.o(.text.TIM1_CC_IRQHandler)
    TIM_Base_SetConfig                       0x08004159   Thumb Code   212  stm32g0xx_hal_tim.o(.text.TIM_Base_SetConfig)
    TIM_CCxChannelCmd                        0x08004235   Thumb Code    50  stm32g0xx_hal_tim.o(.text.TIM_CCxChannelCmd)
    TIM_ETR_SetConfig                        0x08004267   Thumb Code    54  stm32g0xx_hal_tim.o(.text.TIM_ETR_SetConfig)
    TIM_OC2_SetConfig                        0x080043b9   Thumb Code   264  stm32g0xx_hal_tim.o(.text.TIM_OC2_SetConfig)
    TIM_TI1_SetConfig                        0x0800484d   Thumb Code   152  stm32g0xx_hal_tim.o(.text.TIM_TI1_SetConfig)
    UART_AdvFeatureConfig                    0x08004a8d   Thumb Code   346  stm32g0xx_hal_uart.o(.text.UART_AdvFeatureConfig)
    UART_CheckIdleState                      0x08004be9   Thumb Code   164  stm32g0xx_hal_uart.o(.text.UART_CheckIdleState)
    UART_SetConfig                           0x08004c91   Thumb Code   700  stm32g0xx_hal_uart.o(.text.UART_SetConfig)
    UART_WaitOnFlagUntilTimeout              0x08004f69   Thumb Code   268  stm32g0xx_hal_uart.o(.text.UART_WaitOnFlagUntilTimeout)
    UI_Constant_Text_Show                    0x08005075   Thumb Code    44  ui.o(.text.UI_Constant_Text_Show)
    UI_Init                                  0x080050a1   Thumb Code    72  ui.o(.text.UI_Init)
    UI_Scan                                  0x080050ed   Thumb Code   184  ui.o(.text.UI_Scan)
    UI_SendMessage                           0x080051c5   Thumb Code   324  ui.o(.text.UI_SendMessage)
    UserPIDInit                              0x08005311   Thumb Code    56  sys.o(.text.UserPIDInit)
    User_KeyInit                             0x0800536d   Thumb Code    44  main.o(.text.User_KeyInit)
    WriteCmdtoHT1621                         0x080053a1   Thumb Code    68  ht1621.o(.text.WriteCmdtoHT1621)
    WriteDatatoHT1621                        0x080053e5   Thumb Code   128  ht1621.o(.text.WriteDatatoHT1621)
    WritetoHT1621                            0x08005465   Thumb Code    80  ht1621.o(.text.WritetoHT1621)
    enableKey_GPIO_CLK                       0x0800556d   Thumb Code   200  key.o(.text.enableKey_GPIO_CLK)
    isKeyFIFOEmpty                           0x08005649   Thumb Code    16  key.o(.text.isKeyFIFOEmpty)
    main                                     0x0800565d   Thumb Code   124  main.o(.text.main)
    oneMilliSecCallback                      0x080056e9   Thumb Code     8  main.o(.text.oneMilliSecCallback)
    piddecayfun                              0x080056f1   Thumb Code    12  sys.o(.text.piddecayfun)
    __scatterload_copy                       0x080056fd   Thumb Code    14  handlers.o(i.__scatterload_copy)
    __scatterload_null                       0x0800570b   Thumb Code     2  handlers.o(i.__scatterload_null)
    __scatterload_zeroinit                   0x0800570d   Thumb Code    14  handlers.o(i.__scatterload_zeroinit)
    AHBPrescTable                            0x0800571c   Data          64  system_stm32g0xx.o(.rodata.AHBPrescTable)
    APBPrescTable                            0x0800575c   Data          32  system_stm32g0xx.o(.rodata.APBPrescTable)
    Area_Nixie_Mem_ID_table                  0x0800577c   Data           2  ht1621.o(.rodata.Area_Nixie_Mem_ID_table)
    Fodder_Nixie_Mem_ID_table                0x0800577e   Data           2  ht1621.o(.rodata.Fodder_Nixie_Mem_ID_table)
    Interval_Nixie_Mem_ID_table              0x08005780   Data           2  ht1621.o(.rodata.Interval_Nixie_Mem_ID_table)
    Nixie_Mem_ID_table                       0x08005782   Data          20  ht1621.o(.rodata.Nixie_Mem_ID_table)
    Output_Nixie_Mem_ID_table                0x08005796   Data           2  ht1621.o(.rodata.Output_Nixie_Mem_ID_table)
    UARTPrescTable                           0x08005798   Data          24  stm32g0xx_hal_uart.o(.rodata.UARTPrescTable)
    num_left_table                           0x080057f0   Data          11  ht1621.o(.rodata.num_left_table)
    num_right_table                          0x080057fb   Data          10  ht1621.o(.rodata.num_right_table)
    Region$$Table$$Base                      0x08005808   Number         0  anon$$obj.o(Region$$Table)
    Region$$Table$$Limit                     0x08005828   Number         0  anon$$obj.o(Region$$Table)
    MATRIX_KEY_READ_PIN_NUM                  0x20000034   Data           4  key.o(.data.MATRIX_KEY_READ_PIN_NUM)
    MATRIX_KEY_SET_PIN_NUM                   0x20000038   Data           4  key.o(.data.MATRIX_KEY_SET_PIN_NUM)
    SystemCoreClock                          0x2000003c   Data           4  system_stm32g0xx.o(.data.SystemCoreClock)
    sysState                                 0x2000004c   Data         372  sys.o(.data.sysState)
    uwTickFreq                               0x200001c0   Data           1  stm32g0xx_hal.o(.data.uwTickFreq)
    uwTickPrio                               0x200001c4   Data           4  stm32g0xx_hal.o(.data.uwTickPrio)
    Clock_WigetState                         0x200001c8   Data           1  ui.o(.bss.Clock_WigetState)
    FishPID                                  0x200001cc   Data          64  sys.o(.bss.FishPID)
    Freq                                     0x2000020c   Data           4  measure.o(.bss.Freq)
    KeyInPins                                0x20000210   Data          32  key.o(.bss.KeyInPins)
    KeyMat                                   0x20000230   Data         256  key.o(.bss.KeyMat)
    KeySetPins                               0x20000334   Data          32  key.o(.bss.KeySetPins)
    enable_key_up_envent_flag                0x2000035c   Data           1  key.o(.bss.enable_key_up_envent_flag)
    hrtc                                     0x20000360   Data          44  rtc.o(.bss.hrtc)
    htim1                                    0x2000038c   Data          76  tim.o(.bss.htim1)
    htim14                                   0x200003d8   Data          76  tim.o(.bss.htim14)
    htim17                                   0x20000424   Data          76  tim.o(.bss.htim17)
    htim3                                    0x20000470   Data          76  tim.o(.bss.htim3)
    huart2                                   0x200004bc   Data         144  usart.o(.bss.huart2)
    lcd_mem                                  0x2000054c   Data          32  ht1621.o(.bss.lcd_mem)
    sdatestructureget                        0x20000578   Data           4  ui.o(.bss.sdatestructureget)
    stimestructureget                        0x2000057c   Data          20  ui.o(.bss.stimestructureget)
    uwTick                                   0x20000590   Data           4  stm32g0xx_hal.o(.bss.uwTick)
    __initial_sp                             0x20000998   Data           0  startup_stm32g030xx.o(STACK)



==============================================================================

Memory Map of the image

  Image Entry point : 0x080000c1

  Load Region LR_IROM1 (Base: 0x08000000, Size: 0x000059f0, Max: 0x00010000, ABSOLUTE, COMPRESSED[0x00005860])

    Execution Region ER_IROM1 (Exec base: 0x08000000, Load base: 0x08000000, Size: 0x00005828, Max: 0x00010000, ABSOLUTE)

    Exec Addr    Load Addr    Size         Type   Attr      Idx    E Section Name        Object

    0x08000000   0x08000000   0x000000c0   Data   RO            3    RESET               startup_stm32g030xx.o
    0x080000c0   0x080000c0   0x00000000   Code   RO         1484  * .ARM.Collect$$$$00000000  mc_p.l(entry.o)
    0x080000c0   0x080000c0   0x00000004   Code   RO         1544    .ARM.Collect$$$$00000001  mc_p.l(entry2.o)
    0x080000c4   0x080000c4   0x00000004   Code   RO         1547    .ARM.Collect$$$$00000004  mc_p.l(entry5.o)
    0x080000c8   0x080000c8   0x00000000   Code   RO         1549    .ARM.Collect$$$$00000008  mc_p.l(entry7b.o)
    0x080000c8   0x080000c8   0x00000000   Code   RO         1551    .ARM.Collect$$$$0000000A  mc_p.l(entry8b.o)
    0x080000c8   0x080000c8   0x00000008   Code   RO         1552    .ARM.Collect$$$$0000000B  mc_p.l(entry9a.o)
    0x080000d0   0x080000d0   0x00000000   Code   RO         1554    .ARM.Collect$$$$0000000D  mc_p.l(entry10a.o)
    0x080000d0   0x080000d0   0x00000000   Code   RO         1556    .ARM.Collect$$$$0000000F  mc_p.l(entry11a.o)
    0x080000d0   0x080000d0   0x00000004   Code   RO         1545    .ARM.Collect$$$$00002712  mc_p.l(entry2.o)
    0x080000d4   0x080000d4   0x0000001c   Code   RO            4    .text               startup_stm32g030xx.o
    0x080000f0   0x080000f0   0x00000024   Code   RO         1493    .text               mc_p.l(memseta.o)
    0x08000114   0x08000114   0x000000b2   Code   RO         1497    .text               mf_p.l(fadd.o)
    0x080001c6   0x080001c6   0x0000007a   Code   RO         1499    .text               mf_p.l(fmul.o)
    0x08000240   0x08000240   0x0000001c   Code   RO         1511    .text               mf_p.l(fcmplt.o)
    0x0800025c   0x0800025c   0x0000001c   Code   RO         1513    .text               mf_p.l(fcmpgt.o)
    0x08000278   0x08000278   0x0000000e   Code   RO         1515    .text               mf_p.l(ffltui.o)
    0x08000286   0x08000286   0x00000032   Code   RO         1517    .text               mf_p.l(ffixi.o)
    0x080002b8   0x080002b8   0x0000003e   Code   RO         1560    .text               mc_p.l(uidiv_div0.o)
    0x080002f6   0x080002f6   0x00000000   Code   RO         1577    .text               mc_p.l(iusefp.o)
    0x080002f6   0x080002f6   0x00000082   Code   RO         1578    .text               mf_p.l(fepilogue.o)
    0x08000378   0x08000378   0x00000024   Code   RO         1596    .text               mc_p.l(init.o)
    0x0800039c   0x0800039c   0x0000003a   Code   RO         1608    .text               mc_p.l(__dczerorl.o)
    0x080003d6   0x080003d6   0x0000002c   Code   RO         1459    .text.Counter_decrement  counter.o
    0x08000402   0x08000402   0x0000002c   Code   RO         1457    .text.Counter_increment  counter.o
    0x0800042e   0x0800042e   0x0000000e   Code   RO           21    .text.Error_Handler  main.o
    0x0800043c   0x0800043c   0x00000040   Code   RO          630    .text.HAL_Delay     stm32g0xx_hal.o
    0x0800047c   0x0800047c   0x000002d0   Code   RO          405    .text.HAL_GPIO_Init  stm32g0xx_hal_gpio.o
    0x0800074c   0x0800074c   0x0000002c   Code   RO          411    .text.HAL_GPIO_WritePin  stm32g0xx_hal_gpio.o
    0x08000778   0x08000778   0x00000008   Code   RO          622    .text.HAL_GetTick   stm32g0xx_hal.o
    0x08000780   0x08000780   0x00000014   Code   RO          620    .text.HAL_IncTick   stm32g0xx_hal.o
    0x08000794   0x08000794   0x0000003c   Code   RO          610    .text.HAL_Init      stm32g0xx_hal.o
    0x080007d0   0x080007d0   0x00000080   Code   RO          612    .text.HAL_InitTick  stm32g0xx_hal.o
    0x08000850   0x08000850   0x00000038   Code   RO          127    .text.HAL_MspInit   stm32g0xx_hal_msp.o
    0x08000888   0x08000888   0x00000016   Code   RO          559    .text.HAL_NVIC_EnableIRQ  stm32g0xx_hal_cortex.o
    0x0800089e   0x0800089e   0x0000001c   Code   RO          555    .text.HAL_NVIC_SetPriority  stm32g0xx_hal_cortex.o
    0x080008ba   0x080008ba   0x00000002   PAD
    0x080008bc   0x080008bc   0x0000007c   Code   RO          542    .text.HAL_PWREx_ControlVoltageScaling  stm32g0xx_hal_pwr_ex.o
    0x08000938   0x08000938   0x00000228   Code   RO          316    .text.HAL_RCCEx_PeriphCLKConfig  stm32g0xx_hal_rcc_ex.o
    0x08000b60   0x08000b60   0x00000254   Code   RO          281    .text.HAL_RCC_ClockConfig  stm32g0xx_hal_rcc.o
    0x08000db4   0x08000db4   0x0000000c   Code   RO          287    .text.HAL_RCC_GetHCLKFreq  stm32g0xx_hal_rcc.o
    0x08000dc0   0x08000dc0   0x00000028   Code   RO          289    .text.HAL_RCC_GetPCLK1Freq  stm32g0xx_hal_rcc.o
    0x08000de8   0x08000de8   0x00000120   Code   RO          283    .text.HAL_RCC_GetSysClockFreq  stm32g0xx_hal_rcc.o
    0x08000f08   0x08000f08   0x000006a4   Code   RO          279    .text.HAL_RCC_OscConfig  stm32g0xx_hal_rcc.o
    0x080015ac   0x080015ac   0x00000078   Code   RO          157    .text.HAL_RTC_GetDate  stm32g0xx_hal_rtc.o
    0x08001624   0x08001624   0x0000009c   Code   RO          151    .text.HAL_RTC_GetTime  stm32g0xx_hal_rtc.o
    0x080016c0   0x080016c0   0x00000108   Code   RO          135    .text.HAL_RTC_Init  stm32g0xx_hal_rtc.o
    0x080017c8   0x080017c8   0x00000048   Code   RO           46    .text.HAL_RTC_MspInit  rtc.o
    0x08001810   0x08001810   0x0000027c   Code   RO          159    .text.HAL_RTC_SetAlarm  stm32g0xx_hal_rtc.o
    0x08001a8c   0x08001a8c   0x00000058   Code   RO          173    .text.HAL_RTC_WaitForSynchro  stm32g0xx_hal_rtc.o
    0x08001ae4   0x08001ae4   0x00000010   Code   RO          571    .text.HAL_SYSTICK_Config  stm32g0xx_hal_cortex.o
    0x08001af4   0x08001af4   0x000000d4   Code   RO         1020    .text.HAL_TIMEx_MasterConfigSynchronization  stm32g0xx_hal_tim_ex.o
    0x08001bc8   0x08001bc8   0x000000aa   Code   RO          703    .text.HAL_TIM_Base_Init  stm32g0xx_hal_tim.o
    0x08001c72   0x08001c72   0x00000002   PAD
    0x08001c74   0x08001c74   0x0000017c   Code   RO           70    .text.HAL_TIM_Base_MspInit  tim.o
    0x08001df0   0x08001df0   0x00000088   Code   RO          713    .text.HAL_TIM_Base_Start  stm32g0xx_hal_tim.o
    0x08001e78   0x08001e78   0x000000a0   Code   RO          717    .text.HAL_TIM_Base_Start_IT  stm32g0xx_hal_tim.o
    0x08001f18   0x08001f18   0x00000184   Code   RO          899    .text.HAL_TIM_ConfigClockSource  stm32g0xx_hal_tim.o
    0x0800209c   0x0800209c   0x0000011c   Code   RO          863    .text.HAL_TIM_IC_ConfigChannel  stm32g0xx_hal_tim.o
    0x080021b8   0x080021b8   0x000000aa   Code   RO          777    .text.HAL_TIM_IC_Init  stm32g0xx_hal_tim.o
    0x08002262   0x08002262   0x00000008   Code   RO          779    .text.HAL_TIM_IC_MspInit  stm32g0xx_hal_tim.o
    0x0800226a   0x0800226a   0x00000002   PAD
    0x0800226c   0x0800226c   0x000002c4   Code   RO          789    .text.HAL_TIM_IC_Start_IT  stm32g0xx_hal_tim.o
    0x08002530   0x08002530   0x00000060   Code   RO           62    .text.HAL_TIM_MspPostInit  tim.o
    0x08002590   0x08002590   0x00000094   Code   RO          801    .text.HAL_TIM_OnePulse_Init  stm32g0xx_hal_tim.o
    0x08002624   0x08002624   0x00000008   Code   RO          803    .text.HAL_TIM_OnePulse_MspInit  stm32g0xx_hal_tim.o
    0x0800262c   0x0800262c   0x000000f8   Code   RO          809    .text.HAL_TIM_OnePulse_Start  stm32g0xx_hal_tim.o
    0x08002724   0x08002724   0x000001ea   Code   RO          873    .text.HAL_TIM_PWM_ConfigChannel  stm32g0xx_hal_tim.o
    0x0800290e   0x0800290e   0x000000aa   Code   RO          757    .text.HAL_TIM_PWM_Init  stm32g0xx_hal_tim.o
    0x080029b8   0x080029b8   0x00000008   Code   RO          759    .text.HAL_TIM_PWM_MspInit  stm32g0xx_hal_tim.o
    0x080029c0   0x080029c0   0x0000026c   Code   RO          769    .text.HAL_TIM_PWM_Start_IT  stm32g0xx_hal_tim.o
    0x08002c2c   0x08002c2c   0x000000b4   Code   RO         1055    .text.HAL_UART_Init  stm32g0xx_hal_uart.o
    0x08002ce0   0x08002ce0   0x0000007c   Code   RO           88    .text.HAL_UART_MspInit  usart.o
    0x08002d5c   0x08002d5c   0x0000006c   Code   RO         1338    .text.HT1621Init    ht1621.o
    0x08002dc8   0x08002dc8   0x00000004   Code   RO          102    .text.HardFault_Handler  stm32g0xx_it.o
    0x08002dcc   0x08002dcc   0x000000f2   Code   RO         1277    .text.IncPIDCalcDeltaAutoDecay  pid.o
    0x08002ebe   0x08002ebe   0x0000004a   Code   RO         1265    .text.IncPIDInit    pid.o
    0x08002f08   0x08002f08   0x000001a0   Code   RO           13    .text.KeyDriver     main.o
    0x080030a8   0x080030a8   0x000000dc   Code   RO         1426    .text.KeyGPIOConfig  key.o
    0x08003184   0x08003184   0x00000104   Code   RO         1424    .text.KeyInit       key.o
    0x08003288   0x08003288   0x00000018   Code   RO         1420    .text.KeyPinRead    key.o
    0x080032a0   0x080032a0   0x00000028   Code   RO         1422    .text.KeyPinSet     key.o
    0x080032c8   0x080032c8   0x00000354   Code   RO         1430    .text.KeyScan       key.o
    0x0800361c   0x0800361c   0x00000040   Code   RO         1436    .text.Key_FIFO_Get  key.o
    0x0800365c   0x0800365c   0x0000002c   Code   RO         1432    .text.Key_FIFO_Put  key.o
    0x08003688   0x08003688   0x00000010   Code   RO          291    .text.LL_RCC_GetAPB1Prescaler  stm32g0xx_hal_rcc.o
    0x08003698   0x08003698   0x00000080   Code   RO         1348    .text.Lcd_10Nixie_ShowNum  ht1621.o
    0x08003718   0x08003718   0x0000008c   Code   RO         1346    .text.Lcd_8Nixie_ShowNum  ht1621.o
    0x080037a4   0x080037a4   0x0000001c   Code   RO         1368    .text.Lcd_Area_Nixie_Show  ht1621.o
    0x080037c0   0x080037c0   0x0000005a   Code   RO         1354    .text.Lcd_Clock_Show  ht1621.o
    0x0800381a   0x0800381a   0x0000002a   Code   RO         1356    .text.Lcd_Clock_Show_None  ht1621.o
    0x08003844   0x08003844   0x0000001c   Code   RO         1362    .text.Lcd_Fodder_Nixie_Show  ht1621.o
    0x08003860   0x08003860   0x0000001c   Code   RO         1364    .text.Lcd_Interval_Nixie_Show  ht1621.o
    0x0800387c   0x0800387c   0x0000001c   Code   RO         1366    .text.Lcd_Output_Nixie_Show  ht1621.o
    0x08003898   0x08003898   0x00000034   Code   RO         1342    .text.Lcd_Show_Updata  ht1621.o
    0x080038cc   0x080038cc   0x000000f8   Code   RO           36    .text.MX_GPIO_Init  gpio.o
    0x080039c4   0x080039c4   0x000000a8   Code   RO           44    .text.MX_RTC_Init   rtc.o
    0x08003a6c   0x08003a6c   0x0000007c   Code   RO           64    .text.MX_TIM14_Init  tim.o
    0x08003ae8   0x08003ae8   0x000000d8   Code   RO           58    .text.MX_TIM1_Init  tim.o
    0x08003bc0   0x08003bc0   0x000000e0   Code   RO           60    .text.MX_TIM3_Init  tim.o
    0x08003ca0   0x08003ca0   0x00000048   Code   RO           86    .text.MX_USART2_UART_Init  usart.o
    0x08003ce8   0x08003ce8   0x00000004   Code   RO          100    .text.NMI_Handler   stm32g0xx_it.o
    0x08003cec   0x08003cec   0x00000002   Code   RO          106    .text.PendSV_Handler  stm32g0xx_it.o
    0x08003cee   0x08003cee   0x00000020   Code   RO          153    .text.RTC_Bcd2ToByte  stm32g0xx_hal_rtc.o
    0x08003d0e   0x08003d0e   0x0000003c   Code   RO          149    .text.RTC_ByteToBcd2  stm32g0xx_hal_rtc.o
    0x08003d4a   0x08003d4a   0x00000002   PAD
    0x08003d4c   0x08003d4c   0x00000088   Code   RO          139    .text.RTC_EnterInitMode  stm32g0xx_hal_rtc.o
    0x08003dd4   0x08003dd4   0x00000080   Code   RO          141    .text.RTC_ExitInitMode  stm32g0xx_hal_rtc.o
    0x08003e54   0x08003e54   0x00000002   Code   RO          104    .text.SVC_Handler   stm32g0xx_it.o
    0x08003e56   0x08003e56   0x00000002   PAD
    0x08003e58   0x08003e58   0x00000050   Code   RO          573    .text.SysTick_Config  stm32g0xx_hal_cortex.o
    0x08003ea8   0x08003ea8   0x00000008   Code   RO          108    .text.SysTick_Handler  stm32g0xx_it.o
    0x08003eb0   0x08003eb0   0x000000a0   Code   RO         1300    .text.Sys_Update_State_2_UI  sys.o
    0x08003f50   0x08003f50   0x000000aa   Code   RO           19    .text.SystemClock_Config  main.o
    0x08003ffa   0x08003ffa   0x00000002   PAD
    0x08003ffc   0x08003ffc   0x00000010   Code   RO         1245    .text.SystemInit    system_stm32g0xx.o
    0x0800400c   0x0800400c   0x00000068   Code   RO          112    .text.TIM14_IRQHandler  stm32g0xx_it.o
    0x08004074   0x08004074   0x0000003c   Code   RO          114    .text.TIM17_IRQHandler  stm32g0xx_it.o
    0x080040b0   0x080040b0   0x000000a8   Code   RO          110    .text.TIM1_CC_IRQHandler  stm32g0xx_it.o
    0x08004158   0x08004158   0x000000dc   Code   RO          707    .text.TIM_Base_SetConfig  stm32g0xx_hal_tim.o
    0x08004234   0x08004234   0x00000032   Code   RO          741    .text.TIM_CCxChannelCmd  stm32g0xx_hal_tim.o
    0x08004266   0x08004266   0x00000036   Code   RO          897    .text.TIM_ETR_SetConfig  stm32g0xx_hal_tim.o
    0x0800429c   0x0800429c   0x00000030   Code   RO          903    .text.TIM_ITRx_SetConfig  stm32g0xx_hal_tim.o
    0x080042cc   0x080042cc   0x000000ec   Code   RO          851    .text.TIM_OC1_SetConfig  stm32g0xx_hal_tim.o
    0x080043b8   0x080043b8   0x00000114   Code   RO          853    .text.TIM_OC2_SetConfig  stm32g0xx_hal_tim.o
    0x080044cc   0x080044cc   0x00000118   Code   RO          855    .text.TIM_OC3_SetConfig  stm32g0xx_hal_tim.o
    0x080045e4   0x080045e4   0x000000bc   Code   RO          857    .text.TIM_OC4_SetConfig  stm32g0xx_hal_tim.o
    0x080046a0   0x080046a0   0x000000ac   Code   RO          859    .text.TIM_OC5_SetConfig  stm32g0xx_hal_tim.o
    0x0800474c   0x0800474c   0x000000b0   Code   RO          861    .text.TIM_OC6_SetConfig  stm32g0xx_hal_tim.o
    0x080047fc   0x080047fc   0x00000050   Code   RO          901    .text.TIM_TI1_ConfigInputStage  stm32g0xx_hal_tim.o
    0x0800484c   0x0800484c   0x000000a0   Code   RO          865    .text.TIM_TI1_SetConfig  stm32g0xx_hal_tim.o
    0x080048ec   0x080048ec   0x00000054   Code   RO          905    .text.TIM_TI2_ConfigInputStage  stm32g0xx_hal_tim.o
    0x08004940   0x08004940   0x0000006e   Code   RO          867    .text.TIM_TI2_SetConfig  stm32g0xx_hal_tim.o
    0x080049ae   0x080049ae   0x0000006c   Code   RO          869    .text.TIM_TI3_SetConfig  stm32g0xx_hal_tim.o
    0x08004a1a   0x08004a1a   0x00000072   Code   RO          871    .text.TIM_TI4_SetConfig  stm32g0xx_hal_tim.o
    0x08004a8c   0x08004a8c   0x0000015a   Code   RO         1061    .text.UART_AdvFeatureConfig  stm32g0xx_hal_uart.o
    0x08004be6   0x08004be6   0x00000002   PAD
    0x08004be8   0x08004be8   0x000000a8   Code   RO         1063    .text.UART_CheckIdleState  stm32g0xx_hal_uart.o
    0x08004c90   0x08004c90   0x000002d8   Code   RO         1059    .text.UART_SetConfig  stm32g0xx_hal_uart.o
    0x08004f68   0x08004f68   0x0000010c   Code   RO         1077    .text.UART_WaitOnFlagUntilTimeout  stm32g0xx_hal_uart.o
    0x08005074   0x08005074   0x0000002c   Code   RO         1397    .text.UI_Constant_Text_Show  ui.o
    0x080050a0   0x080050a0   0x0000004c   Code   RO         1395    .text.UI_Init       ui.o
    0x080050ec   0x080050ec   0x000000d8   Code   RO         1399    .text.UI_Scan       ui.o
    0x080051c4   0x080051c4   0x0000014c   Code   RO         1401    .text.UI_SendMessage  ui.o
    0x08005310   0x08005310   0x0000005c   Code   RO         1298    .text.UserPIDInit   sys.o
    0x0800536c   0x0800536c   0x00000034   Code   RO           11    .text.User_KeyInit  main.o
    0x080053a0   0x080053a0   0x00000044   Code   RO         1336    .text.WriteCmdtoHT1621  ht1621.o
    0x080053e4   0x080053e4   0x00000080   Code   RO         1332    .text.WriteDatatoHT1621  ht1621.o
    0x08005464   0x08005464   0x00000054   Code   RO         1334    .text.WritetoHT1621  ht1621.o
    0x080054b8   0x080054b8   0x0000002c   Code   RO          561    .text.__NVIC_EnableIRQ  stm32g0xx_hal_cortex.o
    0x080054e4   0x080054e4   0x00000088   Code   RO          557    .text.__NVIC_SetPriority  stm32g0xx_hal_cortex.o
    0x0800556c   0x0800556c   0x000000dc   Code   RO         1428    .text.enableKey_GPIO_CLK  key.o
    0x08005648   0x08005648   0x00000014   Code   RO         1438    .text.isKeyFIFOEmpty  key.o
    0x0800565c   0x0800565c   0x0000008c   Code   RO           17    .text.main          main.o
    0x080056e8   0x080056e8   0x00000008   Code   RO           15    .text.oneMilliSecCallback  main.o
    0x080056f0   0x080056f0   0x0000000c   Code   RO         1296    .text.piddecayfun   sys.o
    0x080056fc   0x080056fc   0x0000000e   Code   RO         1602    i.__scatterload_copy  mc_p.l(handlers.o)
    0x0800570a   0x0800570a   0x00000002   Code   RO         1603    i.__scatterload_null  mc_p.l(handlers.o)
    0x0800570c   0x0800570c   0x0000000e   Code   RO         1604    i.__scatterload_zeroinit  mc_p.l(handlers.o)
    0x0800571a   0x0800571a   0x00000002   PAD
    0x0800571c   0x0800571c   0x00000040   Data   RO         1250    .rodata.AHBPrescTable  system_stm32g0xx.o
    0x0800575c   0x0800575c   0x00000020   Data   RO         1251    .rodata.APBPrescTable  system_stm32g0xx.o
    0x0800577c   0x0800577c   0x00000002   Data   RO         1385    .rodata.Area_Nixie_Mem_ID_table  ht1621.o
    0x0800577e   0x0800577e   0x00000002   Data   RO         1382    .rodata.Fodder_Nixie_Mem_ID_table  ht1621.o
    0x08005780   0x08005780   0x00000002   Data   RO         1383    .rodata.Interval_Nixie_Mem_ID_table  ht1621.o
    0x08005782   0x08005782   0x00000014   Data   RO         1377    .rodata.Nixie_Mem_ID_table  ht1621.o
    0x08005796   0x08005796   0x00000002   Data   RO         1384    .rodata.Output_Nixie_Mem_ID_table  ht1621.o
    0x08005798   0x08005798   0x00000018   Data   RO         1195    .rodata.UARTPrescTable  stm32g0xx_hal_uart.o
    0x080057b0   0x080057b0   0x00000040   Data   RO           23    .rodata.cst32       main.o
    0x080057f0   0x080057f0   0x0000000b   Data   RO         1375    .rodata.num_left_table  ht1621.o
    0x080057fb   0x080057fb   0x0000000a   Data   RO         1376    .rodata.num_right_table  ht1621.o
    0x08005805   0x08005805   0x00000003   PAD
    0x08005808   0x08005808   0x00000020   Data   RO         1601    Region$$Table       anon$$obj.o


    Execution Region RW_IRAM1 (Exec base: 0x20000000, Load base: 0x08005828, Size: 0x00000998, Max: 0x00002000, ABSOLUTE, COMPRESSED[0x00000038])

    Exec Addr    Load Addr    Size         Type   Attr      Idx    E Section Name        Object

    0x20000000   COMPRESSED   0x00000001   Data   RW           24    .data.KeyDriver.key  main.o
    0x20000001   COMPRESSED   0x00000003   PAD
    0x20000004   COMPRESSED   0x00000010   Data   RW           25    .data.KeyDriver.key_calitime_cnt  main.o
    0x20000014   COMPRESSED   0x00000010   Data   RW           27    .data.KeyDriver.key_fodder_cnt  main.o
    0x20000024   COMPRESSED   0x00000010   Data   RW           26    .data.KeyDriver.key_mode_cnt  main.o
    0x20000034   COMPRESSED   0x00000004   Data   RW         1440    .data.MATRIX_KEY_READ_PIN_NUM  key.o
    0x20000038   COMPRESSED   0x00000004   Data   RW         1441    .data.MATRIX_KEY_SET_PIN_NUM  key.o
    0x2000003c   COMPRESSED   0x00000004   Data   RW         1249    .data.SystemCoreClock  system_stm32g0xx.o
    0x20000040   COMPRESSED   0x00000004   Data   RW          118    .data.TIM14_IRQHandler.htim  stm32g0xx_it.o
    0x20000044   COMPRESSED   0x00000004   Data   RW          119    .data.TIM17_IRQHandler.htim  stm32g0xx_it.o
    0x20000048   COMPRESSED   0x00000004   Data   RW          117    .data.TIM1_CC_IRQHandler.pluse_delay  stm32g0xx_it.o
    0x2000004c   COMPRESSED   0x00000174   Data   RW         1305    .data.sysState      sys.o
    0x200001c0   COMPRESSED   0x00000001   Data   RW          669    .data.uwTickFreq    stm32g0xx_hal.o
    0x200001c1   COMPRESSED   0x00000003   PAD
    0x200001c4   COMPRESSED   0x00000004   Data   RW          668    .data.uwTickPrio    stm32g0xx_hal.o
    0x200001c8        -       0x00000001   Zero   RW         1407    .bss.Clock_WigetState  ui.o
    0x200001c9   COMPRESSED   0x00000003   PAD
    0x200001cc        -       0x00000040   Zero   RW         1304    .bss.FishPID        sys.o
    0x2000020c        -       0x00000004   Zero   RW         1259    .bss.Freq           measure.o
    0x20000210        -       0x00000020   Zero   RW         1443    .bss.KeyInPins      key.o
    0x20000230        -       0x00000100   Zero   RW         1445    .bss.KeyMat         key.o
    0x20000330        -       0x00000001   Zero   RW         1446    .bss.KeyScan.keyout  key.o
    0x20000331   COMPRESSED   0x00000003   PAD
    0x20000334        -       0x00000020   Zero   RW         1444    .bss.KeySetPins     key.o
    0x20000354        -       0x00000004   Zero   RW          116    .bss.TIM1_CC_IRQHandler.count  stm32g0xx_it.o
    0x20000358        -       0x00000004   Zero   RW         1410    .bss.UI_Scan.cnt    ui.o
    0x2000035c        -       0x00000001   Zero   RW         1442    .bss.enable_key_up_envent_flag  key.o
    0x2000035d   COMPRESSED   0x00000003   PAD
    0x20000360        -       0x0000002c   Zero   RW           50    .bss.hrtc           rtc.o
    0x2000038c        -       0x0000004c   Zero   RW           74    .bss.htim1          tim.o
    0x200003d8        -       0x0000004c   Zero   RW           76    .bss.htim14         tim.o
    0x20000424        -       0x0000004c   Zero   RW           78    .bss.htim17         tim.o
    0x20000470        -       0x0000004c   Zero   RW           75    .bss.htim3          tim.o
    0x200004bc        -       0x00000090   Zero   RW           92    .bss.huart2         usart.o
    0x2000054c        -       0x00000020   Zero   RW         1374    .bss.lcd_mem        ht1621.o
    0x2000056c        -       0x0000000c   Zero   RW         1447    .bss.s_tKey         key.o
    0x20000578        -       0x00000004   Zero   RW         1412    .bss.sdatestructureget  ui.o
    0x2000057c        -       0x00000014   Zero   RW         1411    .bss.stimestructureget  ui.o
    0x20000590        -       0x00000004   Zero   RW          670    .bss.uwTick         stm32g0xx_hal.o
    0x20000594   COMPRESSED   0x00000004   PAD
    0x20000598        -       0x00000400   Zero   RW            1    STACK               startup_stm32g030xx.o


==============================================================================

Image component sizes


      Code (inc. data)   RO Data    RW Data    ZI Data      Debug   Object Name

        88          0          0          0          0       1260   counter.o
       248         28          0          0          0       1951   gpio.o
       952         40         49          0         32       5559   ht1621.o
      1744         76          0          8        334       6784   key.o
       800        192         64         49          0       5505   main.o
         0          0          0          0          4        278   measure.o
       316          0          0          0          0       4299   pid.o
       240         20          0          0         44       3543   rtc.o
        28          8        192          0       1024        592   startup_stm32g030xx.o
       280         16          0          5          4       6464   stm32g0xx_hal.o
       326         24          0          0          0       6076   stm32g0xx_hal_cortex.o
       764         32          0          0          0       4350   stm32g0xx_hal_gpio.o
        56          4          0          0          0       1257   stm32g0xx_hal_msp.o
       124         12          0          0          0       3958   stm32g0xx_hal_pwr_ex.o
      2652        124          0          0          0       8700   stm32g0xx_hal_rcc.o
       552         16          0          0          0       5355   stm32g0xx_hal_rcc_ex.o
      1620         32          0          0          0       9929   stm32g0xx_hal_rtc.o
      6072        332          0          0          0      37298   stm32g0xx_hal_tim.o
       212          0          0          0          0      17719   stm32g0xx_hal_tim_ex.o
      1690        120         24          0          0      23532   stm32g0xx_hal_uart.o
       352         44          0         12          4       4908   stm32g0xx_it.o
       264         40          0        372         64       2652   sys.o
        16          4         96          4          0       2103   system_stm32g0xx.o
      1040         76          0          0        304       8399   tim.o
       668        100          0          0         29       4156   ui.o
       196         20          0          0        144       5252   usart.o

    ----------------------------------------------------------------------
     21314       1360        460        456       2000     181879   Object Totals
         0          0         32          0          0          0   (incl. Generated)
        14          0          3          6         13          0   (incl. Padding)

    ----------------------------------------------------------------------

      Code (inc. data)   RO Data    RW Data    ZI Data      Debug   Library Member Name

        58          0          0          0          0          0   __dczerorl.o
         0          0          0          0          0          0   entry.o
         0          0          0          0          0          0   entry10a.o
         0          0          0          0          0          0   entry11a.o
         8          4          0          0          0          0   entry2.o
         4          0          0          0          0          0   entry5.o
         0          0          0          0          0          0   entry7b.o
         0          0          0          0          0          0   entry8b.o
         8          4          0          0          0          0   entry9a.o
        30          0          0          0          0          0   handlers.o
        36          8          0          0          0         68   init.o
         0          0          0          0          0          0   iusefp.o
        36          0          0          0          0        100   memseta.o
        62          0          0          0          0         72   uidiv_div0.o
       178          0          0          0          0        108   fadd.o
        28          0          0          0          0         60   fcmpgt.o
        28          0          0          0          0         60   fcmplt.o
       130          0          0          0          0        144   fepilogue.o
        50          0          0          0          0         60   ffixi.o
        14          0          0          0          0         68   ffltui.o
       122          0          0          0          0         72   fmul.o

    ----------------------------------------------------------------------
       794         16          0          0          0        812   Library Totals
         2          0          0          0          0          0   (incl. Padding)

    ----------------------------------------------------------------------

      Code (inc. data)   RO Data    RW Data    ZI Data      Debug   Library Name

       242         16          0          0          0        240   mc_p.l
       550          0          0          0          0        572   mf_p.l

    ----------------------------------------------------------------------
       794         16          0          0          0        812   Library Totals

    ----------------------------------------------------------------------

==============================================================================


      Code (inc. data)   RO Data    RW Data    ZI Data      Debug   

     22108       1376        460        456       2000     182191   Grand Totals
     22108       1376        460         56       2000     182191   ELF Image Totals (compressed)
     22108       1376        460         56          0          0   ROM Totals

==============================================================================

    Total RO  Size (Code + RO Data)                22568 (  22.04kB)
    Total RW  Size (RW Data + ZI Data)              2456 (   2.40kB)
    Total ROM Size (Code + RO Data + RW Data)      22624 (  22.09kB)

==============================================================================

